 untitled_sfun

 Timestamp is 66972c32 (Wed Jul 17 10:28:02 2024)

 Preferred load address is 0000000180000000

 Start         Length     Name                   Class
 0001:00000000 00057d60H .text$mn                CODE
 0001:00057d60 00000036H .text$mn$00             CODE
 0001:00057d96 00000092H .text$x                 CODE
 0002:00000000 00000588H .idata$5                DATA
 0002:00000588 00000028H .00cfg                  DATA
 0002:000005b0 00000008H .CRT$XCA                DATA
 0002:000005b8 00000008H .CRT$XCZ                DATA
 0002:000005c0 00000008H .CRT$XIA                DATA
 0002:000005c8 00000008H .CRT$XIZ                DATA
 0002:000005d0 00000008H .CRT$XPA                DATA
 0002:000005d8 00000008H .CRT$XPZ                DATA
 0002:000005e0 00000008H .CRT$XTA                DATA
 0002:000005e8 00000008H .CRT$XTZ                DATA
 0002:000005f0 00000000H .gehcont$y              DATA
 0002:000005f0 00000000H .gfids$y                DATA
 0002:000005f0 00000410H .rdata                  DATA
 0002:00000a00 00000008H .rdata$CastGuardVftablesA DATA
 0002:00000a08 00000008H .rdata$CastGuardVftablesC DATA
 0002:00000a10 000001f0H .rdata$voltmd           DATA
 0002:00000c00 00000278H .rdata$zzzdbg           DATA
 0002:00000e78 00000008H .rtc$IAA                DATA
 0002:00000e80 00000008H .rtc$IZZ                DATA
 0002:00000e88 00000008H .rtc$TAA                DATA
 0002:00000e90 00000008H .rtc$TZZ                DATA
 0002:00000e98 00001288H .xdata                  DATA
 0002:00002120 00000078H .edata                  DATA
 0002:00002198 00000140H .idata$2                DATA
 0002:000022d8 00000018H .idata$3                DATA
 0002:000022f0 00000588H .idata$4                DATA
 0002:00002878 00000eaeH .idata$6                DATA
 0003:00000000 0000a290H .data                   DATA
 0003:0000a290 00000ae8H .bss                    DATA
 0004:00000000 00001644H .pdata                  DATA

  Address         Publics by Value              Rva+Base               Lib:Object

 0000:00000000       __arm64x_extra_rfe_table_size 0000000000000000     <absolute>
 0000:00000000       __guard_fids_table         0000000000000000     <absolute>
 0000:00000000       __dynamic_value_reloc_table 0000000000000000     <absolute>
 0000:00000000       __guard_check_icall_a64n_fptr 0000000000000000     <absolute>
 0000:00000000       __guard_eh_cont_table      0000000000000000     <absolute>
 0000:00000000       __enclave_config           0000000000000000     <absolute>
 0000:00000000       __arm64x_redirection_metadata 0000000000000000     <absolute>
 0000:00000000       __hybrid_auxiliary_iat     0000000000000000     <absolute>
 0000:00000000       __guard_fids_count         0000000000000000     <absolute>
 0000:00000000       __guard_longjmp_count      0000000000000000     <absolute>
 0000:00000000       __arm64x_redirection_metadata_count 0000000000000000     <absolute>
 0000:00000000       ___safe_se_handler_count   0000000000000000     <absolute>
 0000:00000000       __arm64x_native_entrypoint 0000000000000000     <absolute>
 0000:00000000       __arm64x_extra_rfe_table   0000000000000000     <absolute>
 0000:00000000       __hybrid_auxiliary_iat_copy 0000000000000000     <absolute>
 0000:00000000       __x64_code_ranges_to_entry_points_count 0000000000000000     <absolute>
 0000:00000000       ___safe_se_handler_table   0000000000000000     <absolute>
 0000:00000000       __hybrid_code_map_count    0000000000000000     <absolute>
 0000:00000000       __x64_code_ranges_to_entry_points 0000000000000000     <absolute>
 0000:00000000       __guard_eh_cont_count      0000000000000000     <absolute>
 0000:00000000       __guard_iat_count          0000000000000000     <absolute>
 0000:00000000       __guard_iat_table          0000000000000000     <absolute>
 0000:00000000       __guard_longjmp_table      0000000000000000     <absolute>
 0000:00000000       __AbsoluteZero             0000000000000000     <absolute>
 0000:00000000       __hybrid_code_map          0000000000000000     <absolute>
 0000:00000100       __guard_flags              0000000000000100     <absolute>
 0000:00000000       __ImageBase                0000000180000000     <linker-defined>
 0001:00000000       untitled_initializer       0000000180001000 f   untitled_sfun.obj
 0001:00000010       untitled_terminator        0000000180001010 f   untitled_sfun.obj
 0001:00000020       load_untitled_optimization_info 0000000180001020 f   untitled_sfun.obj
 0001:000000d0       unload_untitled_optimization_info 00000001800010d0 f   untitled_sfun.obj
 0001:00000100       sf_untitled_method_dispatcher 0000000180001100 f   untitled_sfun.obj
 0001:00000150       sf_untitled_process_check_sum_call 0000000180001150 f   untitled_sfun.obj
 0001:00000640       sf_untitled_get_eml_resolved_functions_info 0000000180001640 f   untitled_sfun.obj
 0001:00000820       sf_untitled_third_party_uses_info 0000000180001820 f   untitled_sfun.obj
 0001:000009f0       sf_untitled_jit_fallback_info 00000001800019f0 f   untitled_sfun.obj
 0001:00000bc0       sf_untitled_get_post_codegen_info 0000000180001bc0 f   untitled_sfun.obj
 0001:00000da0       sf_untitled_updateBuildInfo_args_info 0000000180001da0 f   untitled_sfun.obj
 0001:00000f70       untitled_register_exported_symbols 0000000180001f70 f   untitled_sfun.obj
 0001:00000f80       sf_c2_untitled_get_eml_resolved_functions_info 0000000180001f80 f   c2_untitled.obj
 0001:00001020       sf_c2_untitled_get_check_sum 0000000180002020 f   c2_untitled.obj
 0001:000010f0       c2_untitled_method_dispatcher 00000001800020f0 f   c2_untitled.obj
 0001:000320c0       sf_c2_untitled_third_party_uses_info 00000001800330c0 f   c2_untitled.obj
 0001:00032130       sf_c2_untitled_jit_fallback_info 0000000180033130 f   c2_untitled.obj
 0001:000322c0       sf_c2_untitled_updateBuildInfo_args_info 00000001800332c0 f   c2_untitled.obj
 0001:00032620       sf_c2_untitled_get_post_codegen_info 0000000180033620 f   c2_untitled.obj
 0001:00032b50       mexFunction                0000000180033b50 f   untitled_sfun_registry.obj
 0001:000350f0       _ssSetInputPortDirectFeedThroughFcn 00000001800360f0 f   untitled_sfun_registry.obj
 0001:00035260       _ssSetRWorkValueFcn        0000000180036260 f   untitled_sfun_registry.obj
 0001:000352e0       _ssGetRWorkValueFcn        00000001800362e0 f   untitled_sfun_registry.obj
 0001:00035350       _ssSetIWorkValueFcn        0000000180036350 f   untitled_sfun_registry.obj
 0001:000353d0       _ssGetIWorkValueFcn        00000001800363d0 f   untitled_sfun_registry.obj
 0001:00035440       _ssSetPWorkValueFcn        0000000180036440 f   untitled_sfun_registry.obj
 0001:000354c0       _ssGetPWorkValueFcn        00000001800364c0 f   untitled_sfun_registry.obj
 0001:00035530       _ssGetInputPortSignalFcn   0000000180036530 f   untitled_sfun_registry.obj
 0001:000358c0       _ssGetInputPortBufferDstPortFcn 00000001800368c0 f   untitled_sfun_registry.obj
 0001:00035940       _ssGetInputPortSignalPtrsFcn 0000000180036940 f   untitled_sfun_registry.obj
 0001:00035cd0       ssGetParameterTuningCompliance 0000000180036cd0 f   untitled_sfun_registry.obj
 0001:00035d40       ssGetDTypeIdFromMxArray    0000000180036d40 f   untitled_sfun_registry.obj
 0001:00035e60       ssWriteRTWMx2dMatParam     0000000180036e60 f   untitled_sfun_registry.obj
 0001:00035ef0       ssWriteRTWMxVectParam      0000000180036ef0 f   untitled_sfun_registry.obj
 0001:00035f70       ssWriteRTWParameters       0000000180036f70 f   untitled_sfun_registry.obj
 0001:00036530       ssWriteRTWParamSettings    0000000180037530 f   untitled_sfun_registry.obj
 0001:00036c20       ssWriteRTWStr              0000000180037c20 f   untitled_sfun_registry.obj
 0001:00036c80       ssWriteRTWWorkVect         0000000180037c80 f   untitled_sfun_registry.obj
 0001:000371e0       ssWarning                  00000001800381e0 f   untitled_sfun_registry.obj
 0001:000372d0       ssWriteRTWNameValuePair    00000001800382d0 f   untitled_sfun_registry.obj
 0001:000377d0       _ssSetInputPortMatrixDimensions 00000001800387d0 f   untitled_sfun_registry.obj
 0001:000378f0       _ssSetOutputPortMatrixDimensions 00000001800388f0 f   untitled_sfun_registry.obj
 0001:00037a10       _ssSetInputPortVectorDimension 0000000180038a10 f   untitled_sfun_registry.obj
 0001:00037ac0       _ssSetOutputPortVectorDimension 0000000180038ac0 f   untitled_sfun_registry.obj
 0001:00037b70       ssIsRunTimeParamTunable    0000000180038b70 f   untitled_sfun_registry.obj
 0001:00037be0       ssGetSFuncBlockHandle      0000000180038be0 f   untitled_sfun_registry.obj
 0001:00037c50       _ssGetCurrentInputPortWidth 0000000180038c50 f   untitled_sfun_registry.obj
 0001:00037d70       _ssGetCurrentOutputPortWidth 0000000180038d70 f   untitled_sfun_registry.obj
 0001:00037e90       _ssGetCallSystemNumFcnCallDestinations 0000000180038e90 f   untitled_sfun_registry.obj
 0001:00037f00       ssGetIsZeroCrossControlDisabled 0000000180038f00 f   untitled_sfun_registry.obj
 0001:00037f70       ssSetIsInputPortUsedForContZcSignal 0000000180038f70 f   untitled_sfun_registry.obj
 0001:00037fe0       ssSetZcSignalIsZcElementDisc 0000000180038fe0 f   untitled_sfun_registry.obj
 0001:00038090       ssSetZcSignalName          0000000180039090 f   untitled_sfun_registry.obj
 0001:00038100       ssSetZcSignalWidth         0000000180039100 f   untitled_sfun_registry.obj
 0001:00038170       ssSetZcSignalZcEventType   0000000180039170 f   untitled_sfun_registry.obj
 0001:000381e0       ssSetZcSignalType          00000001800391e0 f   untitled_sfun_registry.obj
 0001:00038250       ssSetZcSignalZcTol         0000000180039250 f   untitled_sfun_registry.obj
 0001:000382c0       ssSetZcSignalNeedsEventNotification 00000001800392c0 f   untitled_sfun_registry.obj
 0001:00038330       ssCreateAndAddZcSignalInfo 0000000180039330 f   untitled_sfun_registry.obj
 0001:000383a0       ssCloneAndAddZcSignalInfo  00000001800393a0 f   untitled_sfun_registry.obj
 0001:00038410       ssGetNumZcSignals          0000000180039410 f   untitled_sfun_registry.obj
 0001:00038480       ssGetZcSignalVector        0000000180039480 f   untitled_sfun_registry.obj
 0001:000384f0       ssGetZcSignalName          00000001800394f0 f   untitled_sfun_registry.obj
 0001:00038560       ssGetZcSignalWidth         0000000180039560 f   untitled_sfun_registry.obj
 0001:000385d0       ssGetZcSignalZcEventType   00000001800395d0 f   untitled_sfun_registry.obj
 0001:00038640       ssGetZcSignalZcEvents      0000000180039640 f   untitled_sfun_registry.obj
 0001:000386b0       ssGetZcSignalType          00000001800396b0 f   untitled_sfun_registry.obj
 0001:00038720       ssGetZcSignalZcTol         0000000180039720 f   untitled_sfun_registry.obj
 0001:000387a0       ssGetZcSignalNeedsEventNotification 00000001800397a0 f   untitled_sfun_registry.obj
 0001:00038810       ssGetZcSignalIsZcElementDisc 0000000180039810 f   untitled_sfun_registry.obj
 0001:000388b0       ssGetIsInputPortElementContinuous 00000001800398b0 f   untitled_sfun_registry.obj
 0001:00038950       _ssGetAbsTol               0000000180039950 f   untitled_sfun_registry.obj
 0001:000389c0       _ssSetStateAbsTol          00000001800399c0 f   untitled_sfun_registry.obj
 0001:00038aa0       _ssSetInputPortReusableFcn 0000000180039aa0 f   untitled_sfun_registry.obj
 0001:00038ba0       _ssSetOutputPortReusableFcn 0000000180039ba0 f   untitled_sfun_registry.obj
 0001:00038ca0       _ssSetSymbolicDimsSupport  0000000180039ca0 f   untitled_sfun_registry.obj
 0001:00038d10       _ssRegisterSymbolicDimsExpr 0000000180039d10 f   untitled_sfun_registry.obj
 0001:00038d90       _ssRegisterSymbolicDims    0000000180039d90 f   untitled_sfun_registry.obj
 0001:00038e30       _ssRegisterSymbolicDimsString 0000000180039e30 f   untitled_sfun_registry.obj
 0001:00038eb0       _ssRegisterSymbolicDimsIntValue 0000000180039eb0 f   untitled_sfun_registry.obj
 0001:00038f20       _ssRegisterSymbolicDimsPlus 0000000180039f20 f   untitled_sfun_registry.obj
 0001:00038fa0       _ssRegisterSymbolicDimsMinus 0000000180039fa0 f   untitled_sfun_registry.obj
 0001:00039020       _ssRegisterSymbolicDimsMultiply 000000018003a020 f   untitled_sfun_registry.obj
 0001:000390a0       _ssRegisterSymbolicDimsDivide 000000018003a0a0 f   untitled_sfun_registry.obj
 0001:00039120       _ssGetNumSymbolicDims      000000018003a120 f   untitled_sfun_registry.obj
 0001:00039190       _ssGetSymbolicDim          000000018003a190 f   untitled_sfun_registry.obj
 0001:00039210       _ssSetInputPortSymbolicDimsId 000000018003a210 f   untitled_sfun_registry.obj
 0001:00039280       _ssGetCompInputPortSymbolicDimsId 000000018003a280 f   untitled_sfun_registry.obj
 0001:000392f0       _ssSetCompInputPortSymbolicDimsId 000000018003a2f0 f   untitled_sfun_registry.obj
 0001:00039360       _ssSetOutputPortSymbolicDimsId 000000018003a360 f   untitled_sfun_registry.obj
 0001:000393d0       _ssGetCompOutputPortSymbolicDimsId 000000018003a3d0 f   untitled_sfun_registry.obj
 0001:00039440       _ssSetCompOutputPortSymbolicDimsId 000000018003a440 f   untitled_sfun_registry.obj
 0001:000394b0       _ssSetCompDWorkSymbolicDimsId 000000018003a4b0 f   untitled_sfun_registry.obj
 0001:00039520       sf_process_check_sum_call  000000018003a520 f   untitled_sfun_registry.obj
 0001:00039570       sf_process_get_third_party_uses_info_call 000000018003a570 f   untitled_sfun_registry.obj
 0001:000397a0       sf_process_get_jit_fallback_info_call 000000018003a7a0 f   untitled_sfun_registry.obj
 0001:000399d0       sf_process_get_post_codegen_info_call 000000018003a9d0 f   untitled_sfun_registry.obj
 0001:00039c00       sf_process_get_updateBuildInfo_args_info_call 000000018003ac00 f   untitled_sfun_registry.obj
 0001:00039e30       sf_process_get_eml_resolved_functions_info_call 000000018003ae30 f   untitled_sfun_registry.obj
 0001:0003a060       sf_mex_unlock_call         000000018003b060 f   untitled_sfun_registry.obj
 0001:0003a280       sf_machine_global_initializer_called 000000018003b280 f   untitled_sfun_registry.obj
 0001:0003a2b0       sf_machine_global_method_dispatcher 000000018003b2b0 f   untitled_sfun_registry.obj
 0001:0003a310       sf_machine_global_terminator 000000018003b310 f   untitled_sfun_registry.obj
 0001:0003a340       sf_register_machine_exported_symbols 000000018003b340 f   untitled_sfun_registry.obj
 0001:0003a360       callCustomFcn              000000018003b360 f   untitled_sfun_registry.obj
 0001:0003a370       sf_machine_global_initializer 000000018003b370 f   untitled_sfun_registry.obj
 0001:0003a3e0       mdlGetSimState             000000018003b3e0 f   untitled_sfun_registry.obj
 0001:0003a420       mdlSetSimState             000000018003b420 f   untitled_sfun_registry.obj
 0001:0003ac90       ProcessMexSfunctionEveryCall 000000018003bc90 f   untitled_sfun_registry.obj
 0001:0003bda0       __local_stdio_printf_options 000000018003cda0 f i untitled_sfun_registry.obj
 0001:0003bdb0       _vsnprintf_l               000000018003cdb0 f i untitled_sfun_registry.obj
 0001:0003be30       _vsprintf_l                000000018003ce30 f i untitled_sfun_registry.obj
 0001:0003be80       sprintf                    000000018003ce80 f i untitled_sfun_registry.obj
 0001:0003bed0       mexfilerequiredapiversion  000000018003ced0 f   c_mexapi_version.obj
 0001:0003bf00       cs_di_add                  000000018003cf00 f   cs_add_ri.obj
 0001:0003c2b0       cs_ci_add                  000000018003d2b0 f   cs_add_ci.obj
 0001:0003c6b0       cs_di_amd                  000000018003d6b0 f   cs_amd_ri.obj
 0001:0003e3a0       cs_ci_amd                  000000018003f3a0 f   cs_amd_ci.obj
 0001:000400c0       cs_di_chol                 00000001800410c0 f   cs_chol_ri.obj
 0001:00040750       cs_ci_chol                 0000000180041750 f   cs_chol_ci.obj
 0001:000410c0       cs_di_cholsol              00000001800420c0 f   cs_cholsol_ri.obj
 0001:00041200       cs_ci_cholsol              0000000180042200 f   cs_cholsol_ci.obj
 0001:00041340       cs_di_counts               0000000180042340 f   cs_counts_ri.obj
 0001:00041ab0       cs_ci_counts               0000000180042ab0 f   cs_counts_ci.obj
 0001:00042220       cs_di_cumsum               0000000180043220 f   cs_cumsum_ri.obj
 0001:00042300       cs_ci_cumsum               0000000180043300 f   cs_cumsum_ci.obj
 0001:000423e0       cs_di_dfs                  00000001800433e0 f   cs_dfs_ri.obj
 0001:00042660       cs_ci_dfs                  0000000180043660 f   cs_dfs_ci.obj
 0001:000428e0       cs_di_dmperm               00000001800438e0 f   cs_dmperm_ri.obj
 0001:000436c0       cs_ci_dmperm               00000001800446c0 f   cs_dmperm_ci.obj
 0001:000444a0       cs_di_droptol              00000001800454a0 f   cs_droptol_ri.obj
 0001:00044520       cs_ci_droptol              0000000180045520 f   cs_droptol_ci.obj
 0001:000445b0       cs_di_dropzeros            00000001800455b0 f   cs_dropzeros_ri.obj
 0001:00044630       cs_ci_dropzeros            0000000180045630 f   cs_dropzeros_ci.obj
 0001:000446e0       cs_di_dupl                 00000001800456e0 f   cs_dupl_ri.obj
 0001:00044900       cs_ci_dupl                 0000000180045900 f   cs_dupl_ci.obj
 0001:00044bb0       cs_di_entry                0000000180045bb0 f   cs_entry_ri.obj
 0001:00044d00       cs_ci_entry                0000000180045d00 f   cs_entry_ci.obj
 0001:00044e60       cs_di_etree                0000000180045e60 f   cs_etree_ri.obj
 0001:00045100       cs_ci_etree                0000000180046100 f   cs_etree_ci.obj
 0001:000453a0       cs_di_fkeep                00000001800463a0 f   cs_fkeep_ri.obj
 0001:00045560       cs_ci_fkeep                0000000180046560 f   cs_fkeep_ci.obj
 0001:00045770       cs_di_gaxpy                0000000180046770 f   cs_gaxpy_ri.obj
 0001:000458b0       cs_ci_gaxpy                00000001800468b0 f   cs_gaxpy_ci.obj
 0001:00045aa0       cs_di_happly               0000000180046aa0 f   cs_happly_ri.obj
 0001:00045c40       cs_ci_happly               0000000180046c40 f   cs_happly_ci.obj
 0001:00045fe0       cs_di_house                0000000180046fe0 f   cs_house_ri.obj
 0001:000461d0       cs_ci_house                00000001800471d0 f   cs_house_ci.obj
 0001:00046780       cs_di_ipvec                0000000180047780 f   cs_ipvec_ri.obj
 0001:00046820       cs_ci_ipvec                0000000180047820 f   cs_ipvec_ci.obj
 0001:000468d0       cs_di_load                 00000001800478d0 f   cs_load_ri.obj
 0001:00046980       __local_stdio_scanf_options 0000000180047980 f i cs_load_ri.obj
 0001:00046990       _vfscanf_l                 0000000180047990 f i cs_load_ri.obj
 0001:000469e0       fscanf                     00000001800479e0 f i cs_load_ri.obj
 0001:00046a30       cs_ci_load                 0000000180047a30 f   cs_load_ci.obj
 0001:00046b20       cs_di_lsolve               0000000180047b20 f   cs_lsolve_ri.obj
 0001:00046c90       cs_ci_lsolve               0000000180047c90 f   cs_lsolve_ci.obj
 0001:00046f00       cs_di_ltsolve              0000000180047f00 f   cs_ltsolve_ri.obj
 0001:00047060       cs_ci_ltsolve              0000000180048060 f   cs_ltsolve_ci.obj
 0001:00047310       cs_di_lu                   0000000180048310 f   cs_lu_ri.obj
 0001:00047b20       cs_ci_lu                   0000000180048b20 f   cs_lu_ci.obj
 0001:00048450       cs_di_lusol                0000000180049450 f   cs_lusol_ri.obj
 0001:000485a0       cs_ci_lusol                00000001800495a0 f   cs_lusol_ci.obj
 0001:000486f0       cs_di_calloc               00000001800496f0 f   cs_malloc_ri.obj
 0001:00048740       cs_di_free                 0000000180049740 f   cs_malloc_ri.obj
 0001:00048770       cs_di_realloc              0000000180049770 f   cs_malloc_ri.obj
 0001:00048820       cs_di_malloc               0000000180049820 f   cs_malloc_ri.obj
 0001:00048860       cs_ci_calloc               0000000180049860 f   cs_malloc_ci.obj
 0001:000488b0       cs_ci_free                 00000001800498b0 f   cs_malloc_ci.obj
 0001:000488e0       cs_ci_realloc              00000001800498e0 f   cs_malloc_ci.obj
 0001:00048990       cs_ci_malloc               0000000180049990 f   cs_malloc_ci.obj
 0001:000489d0       cs_di_maxtrans             00000001800499d0 f   cs_maxtrans_ri.obj
 0001:000493d0       cs_ci_maxtrans             000000018004a3d0 f   cs_maxtrans_ci.obj
 0001:00049dd0       cs_di_multiply             000000018004add0 f   cs_multiply_ri.obj
 0001:0004a200       cs_ci_multiply             000000018004b200 f   cs_multiply_ci.obj
 0001:0004a670       cs_di_norm                 000000018004b670 f   cs_norm_ri.obj
 0001:0004a7b0       cs_ci_norm                 000000018004b7b0 f   cs_norm_ci.obj
 0001:0004a910       cs_di_permute              000000018004b910 f   cs_permute_ri.obj
 0001:0004aba0       cs_ci_permute              000000018004bba0 f   cs_permute_ci.obj
 0001:0004ae40       cs_di_pinv                 000000018004be40 f   cs_pinv_ri.obj
 0001:0004aec0       cs_ci_pinv                 000000018004bec0 f   cs_pinv_ci.obj
 0001:0004af40       cs_di_post                 000000018004bf40 f   cs_post_ri.obj
 0001:0004b110       cs_ci_post                 000000018004c110 f   cs_post_ci.obj
 0001:0004b2e0       cs_di_print                000000018004c2e0 f   cs_print_ri.obj
 0001:0004b6a0       cs_ci_print                000000018004c6a0 f   cs_print_ci.obj
 0001:0004bb70       cs_di_pvec                 000000018004cb70 f   cs_pvec_ri.obj
 0001:0004bc10       cs_ci_pvec                 000000018004cc10 f   cs_pvec_ci.obj
 0001:0004bcc0       cs_di_qr                   000000018004ccc0 f   cs_qr_ri.obj
 0001:0004c4f0       cs_ci_qr                   000000018004d4f0 f   cs_qr_ci.obj
 0001:0004cdf0       cs_di_qrsol                000000018004ddf0 f   cs_qrsol_ri.obj
 0001:0004d130       cs_ci_qrsol                000000018004e130 f   cs_qrsol_ci.obj
 0001:0004d470       cs_di_scatter              000000018004e470 f   cs_scatter_ri.obj
 0001:0004d640       cs_ci_scatter              000000018004e640 f   cs_scatter_ci.obj
 0001:0004d900       cs_di_scc                  000000018004e900 f   cs_scc_ri.obj
 0001:0004dd30       cs_ci_scc                  000000018004ed30 f   cs_scc_ci.obj
 0001:0004e160       cs_di_schol                000000018004f160 f   cs_schol_ri.obj
 0001:0004e320       cs_ci_schol                000000018004f320 f   cs_schol_ci.obj
 0001:0004e4e0       cs_di_sqr                  000000018004f4e0 f   cs_sqr_ri.obj
 0001:0004ecf0       cs_ci_sqr                  000000018004fcf0 f   cs_sqr_ci.obj
 0001:0004f500       cs_di_symperm              0000000180050500 f   cs_symperm_ri.obj
 0001:0004f980       cs_ci_symperm              0000000180050980 f   cs_symperm_ci.obj
 0001:0004fe40       cs_di_tdfs                 0000000180050e40 f   cs_tdfs_ri.obj
 0001:0004ff40       cs_ci_tdfs                 0000000180050f40 f   cs_tdfs_ci.obj
 0001:00050040       cs_di_transpose            0000000180051040 f   cs_transpose_ri.obj
 0001:00050330       cs_ci_transpose            0000000180051330 f   cs_transpose_ci.obj
 0001:00050660       cs_di_compress             0000000180051660 f   cs_compress_ri.obj
 0001:000508d0       cs_ci_compress             00000001800518d0 f   cs_compress_ci.obj
 0001:00050b50       cs_di_updown               0000000180051b50 f   cs_updown_ri.obj
 0001:00051170       cs_ci_updown               0000000180052170 f   cs_updown_ci.obj
 0001:00051d30       cs_di_usolve               0000000180052d30 f   cs_usolve_ri.obj
 0001:00051ea0       cs_ci_usolve               0000000180052ea0 f   cs_usolve_ci.obj
 0001:00052110       cs_di_utsolve              0000000180053110 f   cs_utsolve_ri.obj
 0001:00052280       cs_ci_utsolve              0000000180053280 f   cs_utsolve_ci.obj
 0001:00052540       cs_di_spalloc              0000000180053540 f   cs_util_ri.obj
 0001:000526c0       cs_di_spfree               00000001800536c0 f   cs_util_ri.obj
 0001:00052720       cs_di_sprealloc            0000000180053720 f   cs_util_ri.obj
 0001:000528a0       cs_di_sfree                00000001800538a0 f   cs_util_ri.obj
 0001:00052910       cs_di_nfree                0000000180053910 f   cs_util_ri.obj
 0001:00052980       cs_di_dfree                0000000180053980 f   cs_util_ri.obj
 0001:000529f0       cs_di_dalloc               00000001800539f0 f   cs_util_ri.obj
 0001:00052ae0       cs_di_done                 0000000180053ae0 f   cs_util_ri.obj
 0001:00052b40       cs_di_idone                0000000180053b40 f   cs_util_ri.obj
 0001:00052ba0       cs_di_ndone                0000000180053ba0 f   cs_util_ri.obj
 0001:00052c10       cs_di_ddone                0000000180053c10 f   cs_util_ri.obj
 0001:00052c70       cs_ci_spalloc              0000000180053c70 f   cs_util_ci.obj
 0001:00052df0       cs_ci_spfree               0000000180053df0 f   cs_util_ci.obj
 0001:00052e50       cs_ci_sprealloc            0000000180053e50 f   cs_util_ci.obj
 0001:00052fd0       cs_ci_sfree                0000000180053fd0 f   cs_util_ci.obj
 0001:00053040       cs_ci_nfree                0000000180054040 f   cs_util_ci.obj
 0001:000530b0       cs_ci_dfree                00000001800540b0 f   cs_util_ci.obj
 0001:00053120       cs_ci_dalloc               0000000180054120 f   cs_util_ci.obj
 0001:00053210       cs_ci_done                 0000000180054210 f   cs_util_ci.obj
 0001:00053270       cs_ci_idone                0000000180054270 f   cs_util_ci.obj
 0001:000532d0       cs_ci_ndone                00000001800542d0 f   cs_util_ci.obj
 0001:00053340       cs_ci_ddone                0000000180054340 f   cs_util_ci.obj
 0001:000533a0       cs_di_reach                00000001800543a0 f   cs_reach_ri.obj
 0001:00053540       cs_ci_reach                0000000180054540 f   cs_reach_ci.obj
 0001:000536e0       cs_di_spsolve              00000001800546e0 f   cs_spsolve_ri.obj
 0001:00053a90       cs_ci_spsolve              0000000180054a90 f   cs_spsolve_ci.obj
 0001:00053f60       cs_di_ereach               0000000180054f60 f   cs_ereach_ri.obj
 0001:00054170       cs_ci_ereach               0000000180055170 f   cs_ereach_ci.obj
 0001:00054380       cs_di_leaf                 0000000180055380 f   cs_leaf_ri.obj
 0001:000544f0       cs_ci_leaf                 00000001800554f0 f   cs_leaf_ci.obj
 0001:00054660       cs_di_randperm             0000000180055660 f   cs_randperm_ri.obj
 0001:00054780       cs_ci_randperm             0000000180055780 f   cs_randperm_ci.obj
 0001:000548a0       cs_di_divcc                00000001800558a0 f   cs_operator_ri.obj
 0001:000548c0       cs_di_mulcc                00000001800558c0 f   cs_operator_ri.obj
 0001:000548e0       cs_di_subcc                00000001800558e0 f   cs_operator_ri.obj
 0001:00054900       cs_di_pluscc               0000000180055900 f   cs_operator_ri.obj
 0001:00054920       cs_di_equalcc              0000000180055920 f   cs_operator_ri.obj
 0001:00054960       cs_di_createFromDouble     0000000180055960 f   cs_operator_ri.obj
 0001:00054980       cs_di_sqrt                 0000000180055980 f   cs_operator_ri.obj
 0001:000549a0       cs_di_flipSign             00000001800559a0 f   cs_operator_ri.obj
 0001:000549c0       cs_di_muldc                00000001800559c0 f   cs_operator_ri.obj
 0001:000549e0       cs_ci_divcc                00000001800559e0 f   cs_operator_ci.obj
 0001:00054e80       cs_ci_mulcc                0000000180055e80 f   cs_operator_ci.obj
 0001:00055090       cs_ci_subcc                0000000180056090 f   cs_operator_ci.obj
 0001:000551a0       cs_ci_pluscc               00000001800561a0 f   cs_operator_ci.obj
 0001:000552b0       cs_ci_equalcc              00000001800562b0 f   cs_operator_ci.obj
 0001:000553a0       cs_ci_createFromDouble     00000001800563a0 f   cs_operator_ci.obj
 0001:000553f0       cs_ci_sqrt                 00000001800563f0 f   cs_operator_ci.obj
 0001:00055460       cs_ci_flipSign             0000000180056460 f   cs_operator_ci.obj
 0001:00055510       cs_ci_muldc                0000000180056510 f   cs_operator_ci.obj
 0001:00055560       solve_from_lu_di           0000000180056560 f   solve_from_lu.obj
 0001:00055610       solve_from_lu_ci           0000000180056610 f   solve_from_lu.obj
 0001:000556b0       solve_from_qr_di           00000001800566b0 f   solve_from_qr.obj
 0001:00055850       qr_rank_di                 0000000180056850 f   solve_from_qr.obj
 0001:00055aa0       solve_from_qr_ci           0000000180056aa0 f   solve_from_qr.obj
 0001:00055c40       qr_rank_ci                 0000000180056c40 f   solve_from_qr.obj
 0001:00055ec0       makeCXSparseMatrix         0000000180056ec0 f   makeCXSparseMatrix.obj
 0001:00055fd0       makeComplexCXSparseMatrix  0000000180056fd0 f   makeCXSparseMatrix.obj
 0001:000560e0       unpackCXSparse_ci          00000001800570e0 f   unpackCXStruct.obj
 0001:000562b0       getNZmax_ci                00000001800572b0 f   unpackCXStruct.obj
 0001:000562d0       getNNZ_ci                  00000001800572d0 f   unpackCXStruct.obj
 0001:00056300       getM_ci                    0000000180057300 f   unpackCXStruct.obj
 0001:00056320       getN_ci                    0000000180057320 f   unpackCXStruct.obj
 0001:00056340       getCholPointer_ci          0000000180057340 f   unpackCXStruct.obj
 0001:00056360       unpackCXSparse_di          0000000180057360 f   unpackCXStruct.obj
 0001:00056490       getNZmax_di                0000000180057490 f   unpackCXStruct.obj
 0001:000564b0       getNNZ_di                  00000001800574b0 f   unpackCXStruct.obj
 0001:000564e0       getM_di                    00000001800574e0 f   unpackCXStruct.obj
 0001:00056500       getN_di                    0000000180057500 f   unpackCXStruct.obj
 0001:00056520       getCholPointer_di          0000000180057520 f   unpackCXStruct.obj
 0001:0005652e       dgemm                      000000018005752e f   libmwblas:libmwblas.dll
 0001:00056534       sf_load_rtw_optimization_info 0000000180057534 f   sf_runtime:sf_runtime.dll
 0001:0005653a       sf_mex_decode              000000018005753a f   sf_runtime:sf_runtime.dll
 0001:00056540       sf_init_ChartRunTimeInfo   0000000180057540 f   sf_runtime:sf_runtime.dll
 0001:00056546       sf_free_ChartRunTimeInfo   0000000180057546 f   sf_runtime:sf_runtime.dll
 0001:0005654c       sfrtGetEmlrtCtx            000000018005754c f   sf_runtime:sf_runtime.dll
 0001:00056552       sfrtGetCovrtInstance       0000000180057552 f   sf_runtime:sf_runtime.dll
 0001:00056558       sf_get_chart_instance_ptr  0000000180057558 f   sf_runtime:sf_runtime.dll
 0001:0005655e       sim_mode_is_rtw_gen        000000018005755e f   sf_runtime:sf_runtime.dll
 0001:00056564       sim_mode_is_external       0000000180057564 f   sf_runtime:sf_runtime.dll
 0001:0005656a       sf_mex_listen_for_ctrl_c   000000018005756a f   sf_runtime:sf_runtime.dll
 0001:00056570       sf_clear_rtw_identifier    0000000180057570 f   sf_runtime:sf_runtime.dll
 0001:00056576       sf_get_time                0000000180057576 f   sf_runtime:sf_runtime.dll
 0001:0005657c       sfDoAnimationWrapper       000000018005757c f   sf_runtime:sf_runtime.dll
 0001:00056582       setDataBrowseFcn           0000000180057582 f   sf_runtime:sf_runtime.dll
 0001:00056588       setLegacyDebuggerFlag      0000000180057588 f   sf_runtime:sf_runtime.dll
 0001:0005658e       setDebuggerFlag            000000018005758e f   sf_runtime:sf_runtime.dll
 0001:00056594       sf_warn_if_symbolic_dimension_param_changed 0000000180057594 f   sf_runtime:sf_runtime.dll
 0001:0005659a       sf_set_work_widths         000000018005759a f   sf_runtime:sf_runtime.dll
 0001:000565a0       sf_error_out_about_continuous_sample_time_with_persistent_vars 00000001800575a0 f   sf_runtime:sf_runtime.dll
 0001:000565a6       sfListenerCacheSimStruct   00000001800575a6 f   sf_runtime:sf_runtime.dll
 0001:000565ac       sfListenerLightTerminate   00000001800575ac f   sf_runtime:sf_runtime.dll
 0001:000565b2       sf_mex_call                00000001800575b2 f   sf_runtime:sf_runtime.dll
 0001:000565b8       sf_mex_error_message       00000001800575b8 f   sf_runtime:sf_runtime.dll
 0001:000565be       sf_mex_getfield            00000001800575be f   sf_runtime:sf_runtime.dll
 0001:000565c4       sf_mex_check_struct        00000001800575c4 f   sf_runtime:sf_runtime.dll
 0001:000565ca       sf_mex_create              00000001800575ca f   sf_runtime:sf_runtime.dll
 0001:000565d0       sf_mex_createcellmatrix    00000001800575d0 f   sf_runtime:sf_runtime.dll
 0001:000565d6       sf_mex_setcell             00000001800575d6 f   sf_runtime:sf_runtime.dll
 0001:000565dc       sf_mex_getcell             00000001800575dc f   sf_runtime:sf_runtime.dll
 0001:000565e2       sf_mex_assign              00000001800575e2 f   sf_runtime:sf_runtime.dll
 0001:000565e8       sf_mex_dup                 00000001800575e8 f   sf_runtime:sf_runtime.dll
 0001:000565ee       sf_mex_destroy             00000001800575ee f   sf_runtime:sf_runtime.dll
 0001:000565f4       sf_mex_import              00000001800575f4 f   sf_runtime:sf_runtime.dll
 0001:000565fa       sf_mex_import_vs           00000001800575fa f   sf_runtime:sf_runtime.dll
 0001:00056600       sf_mex_get_dimension       0000000180057600 f   sf_runtime:sf_runtime.dll
 0001:00056606       ssGetCurrentOutputPortDimensions_wrapper 0000000180057606 f   sf_runtime:sf_runtime.dll
 0001:0005660c       ssSetCurrentOutputPortDimensions_wrapper 000000018005760c f   sf_runtime:sf_runtime.dll
 0001:00056612       ssGetOutputPortSignal_wrapper 0000000180057612 f   sf_runtime:sf_runtime.dll
 0001:00056618       sf_get_ChartInfoStruct_CodeGen 0000000180057618 f   sf_runtime:sf_runtime.dll
 0001:0005661e       sf_get_hasSeparateUpdateOutputs 000000018005761e f   sf_runtime:sf_runtime.dll
 0001:00056624       callMdlMethodAndReportError 0000000180057624 f   sf_runtime:sf_runtime.dll
 0001:0005662a       call_sf_machine_global_method_dispatcher 000000018005762a f   sf_runtime:sf_runtime.dll
 0001:00056630       getRuntimeInstanceInfoAsVoid 0000000180057630 f   sf_runtime:sf_runtime.dll
 0001:00056636       sf_mex_error_direct_call   0000000180057636 f   sf_runtime:sf_runtime.dll
 0001:0005663c       sf_clear_error_manager_info 000000018005763c f   sf_runtime:sf_runtime.dll
 0001:00056642       mxIsChar_800               0000000180057642 f   libmx:libmx.dll
 0001:00056648       mxGetScalar_800            0000000180057648 f   libmx:libmx.dll
 0001:0005664e       mxGetPr_800                000000018005764e f   libmx:libmx.dll
 0001:00056654       mxDestroyArray_800         0000000180057654 f   libmx:libmx.dll
 0001:0005665a       mxCreateDoubleMatrix_800   000000018005765a f   libmx:libmx.dll
 0001:00056660       mxGetString_800            0000000180057660 f   libmx:libmx.dll
 0001:00056666       mxDuplicateArray_800       0000000180057666 f   libmx:libmx.dll
 0001:0005666c       mxIsEmpty_800              000000018005766c f   libmx:libmx.dll
 0001:00056672       mxSetCell_800              0000000180057672 f   libmx:libmx.dll
 0001:00056678       mxSetField_800             0000000180057678 f   libmx:libmx.dll
 0001:0005667e       mxCreateString_800         000000018005767e f   libmx:libmx.dll
 0001:00056684       mxCreateCellMatrix_800     0000000180057684 f   libmx:libmx.dll
 0001:0005668a       mxCreateStructMatrix_800   000000018005768a f   libmx:libmx.dll
 0001:00056690       mxGetNaN_800               0000000180057690 f   libmx:libmx.dll
 0001:00056696       mxCalloc_800               0000000180057696 f   libmx:libmx.dll
 0001:0005669c       mxGetM_800                 000000018005769c f   libmx:libmx.dll
 0001:000566a2       mxGetClassID_800           00000001800576a2 f   libmx:libmx.dll
 0001:000566a8       mxIsNumeric_800            00000001800576a8 f   libmx:libmx.dll
 0001:000566ae       mxIsComplex_800            00000001800576ae f   libmx:libmx.dll
 0001:000566b4       mxGetN_800                 00000001800576b4 f   libmx:libmx.dll
 0001:000566ba       mxCreateDoubleScalar_800   00000001800576ba f   libmx:libmx.dll
 0001:000566c0       mxMalloc_800               00000001800576c0 f   libmx:libmx.dll
 0001:000566c6       mxFree_800                 00000001800576c6 f   libmx:libmx.dll
 0001:000566cc       mxRealloc_800              00000001800576cc f   libmx:libmx.dll
 0001:000566d2       mexMakeArrayPersistent_800 00000001800576d2 f   libmex:libmex.dll
 0001:000566d8       mexErrMsgTxt_800           00000001800576d8 f   libmex:libmex.dll
 0001:000566de       mexWarnMsgTxt_800          00000001800576de f   libmex:libmex.dll
 0001:000566e4       mexCallMATLAB_800          00000001800576e4 f   libmex:libmex.dll
 0001:000566ea       mexLock_800                00000001800576ea f   libmex:libmex.dll
 0001:000566f0       mexUnlock_800              00000001800576f0 f   libmex:libmex.dll
 0001:000566f6       mexIsLocked_800            00000001800576f6 f   libmex:libmex.dll
 0001:000566fc       mexPrintf_800              00000001800576fc f   libmex:libmex.dll
 0001:00056702       utMalloc                   0000000180057702 f   libut:libut.dll
 0001:00056708       utFree                     0000000180057708 f   libut:libut.dll
 0001:0005670e       muDoubleScalarAbs          000000018005770e f   libmwmathutil:libmwmathutil.dll
 0001:00056714       muDoubleScalarFloor        0000000180057714 f   libmwmathutil:libmwmathutil.dll
 0001:0005671a       muDoubleScalarMax          000000018005771a f   libmwmathutil:libmwmathutil.dll
 0001:00056720       muDoubleScalarMin          0000000180057720 f   libmwmathutil:libmwmathutil.dll
 0001:00056726       muDoubleScalarIsInf        0000000180057726 f   libmwmathutil:libmwmathutil.dll
 0001:0005672c       emlrtDynamicBoundsCheckR2012b 000000018005772c f   libemlrt:libemlrt.dll
 0001:00056732       emlrtSizeMulR2012b         0000000180057732 f   libemlrt:libemlrt.dll
 0001:00056738       emlrtIntegerCheckR2012b    0000000180057738 f   libemlrt:libemlrt.dll
 0001:0005673e       emlrtNonNegativeCheckR2012b 000000018005773e f   libemlrt:libemlrt.dll
 0001:00056744       emlrtMallocMex             0000000180057744 f   libemlrt:libemlrt.dll
 0001:0005674a       emlrtCallocMex             000000018005774a f   libemlrt:libemlrt.dll
 0001:00056750       emlrtFreeMex               0000000180057750 f   libemlrt:libemlrt.dll
 0001:00056756       emlrtNameCaptureMxArrayR2016a 0000000180057756 f   libemlrt:libemlrt.dll
 0001:0005675c       emlrtHeapAllocationErrorR2012b 000000018005775c f   libemlrt:libemlrt.dll
 0001:00056762       covrtCreateStateflowInstanceData 0000000180057762 f   libcovrt:libcovrt.dll
 0001:00056768       covrtDeleteStateflowInstanceData 0000000180057768 f   libcovrt:libcovrt.dll
 0001:0005676e       covrtTransInitFcn          000000018005776e f   libcovrt:libcovrt.dll
 0001:00056774       covrtStateInitFcn          0000000180057774 f   libcovrt:libcovrt.dll
 0001:0005677a       covrtChartInitFcn          000000018005777a f   libcovrt:libcovrt.dll
 0001:00056780       covrtSigUpdateFcn          0000000180057780 f   libcovrt:libcovrt.dll
 0001:00056786       covrtEmlInitFcn            0000000180057786 f   libcovrt:libcovrt.dll
 0001:0005678c       covrtEmlFcnInitFcn         000000018005778c f   libcovrt:libcovrt.dll
 0001:00056792       covrtEmlIfInitFcn          0000000180057792 f   libcovrt:libcovrt.dll
 0001:00056798       covrtEmlMCDCInitFcn        0000000180057798 f   libcovrt:libcovrt.dll
 0001:0005679e       covrtEmlFcnEval            000000018005779e f   libcovrt:libcovrt.dll
 0001:000567a4       covrtEmlIfEval             00000001800577a4 f   libcovrt:libcovrt.dll
 0001:000567aa       covrtEmlCondEval           00000001800577aa f   libcovrt:libcovrt.dll
 0001:000567b0       covrtEmlMcdcEval           00000001800577b0 f   libcovrt:libcovrt.dll
 0001:000567b8       __raise_securityfailure    00000001800577b8 f   MSVCRT:gs_report.obj
 0001:000567ec       __report_gsfailure         00000001800577ec f   MSVCRT:gs_report.obj
 0001:000568c0       __report_rangecheckfailure 00000001800578c0 f   MSVCRT:gs_report.obj
 0001:000568d4       __report_securityfailure   00000001800578d4 f   MSVCRT:gs_report.obj
 0001:00056970       __report_securityfailureEx 0000000180057970 f   MSVCRT:gs_report.obj
 0001:00056b64       __GSHandlerCheck           0000000180057b64 f   MSVCRT:gshandler.obj
 0001:00056b84       __GSHandlerCheckCommon     0000000180057b84 f   MSVCRT:gshandler.obj
 0001:00056bf0       __security_check_cookie    0000000180057bf0 f   MSVCRT:amdsecgs.obj
 0001:00056c20       _alloca_probe              0000000180057c20 f   MSVCRT:chkstk.obj
 0001:00056c20       __chkstk                   0000000180057c20 f   MSVCRT:chkstk.obj
 0001:00056fac       _CRT_INIT                  0000000180057fac f   MSVCRT:dll_dllmain.obj
 0001:00056fb4       _DllMainCRTStartup         0000000180057fb4 f   MSVCRT:dll_dllmain.obj
 0001:00057060       __security_init_cookie     0000000180058060 f   MSVCRT:gs_support.obj
 0001:0005710c       DllMain                    000000018005810c f   MSVCRT:dll_dllmain_stub.obj
 0001:00057130       ?__scrt_initialize_type_info@@YAXXZ 0000000180058130 f   MSVCRT:tncleanup.obj
 0001:00057140       ?__scrt_uninitialize_type_info@@YAXXZ 0000000180058140 f   MSVCRT:tncleanup.obj
 0001:0005714c       __scrt_initialize_default_local_stdio_options 000000018005814c f   MSVCRT:default_local_stdio_options.obj
 0001:00057168       ?configure_argv@__scrt_narrow_argv_policy@@SAHXZ 0000000180058168 f i MSVCRT:utility.obj
 0001:000571c8       ?initialize_environment@__scrt_narrow_environment_policy@@SAHXZ 00000001800581c8 f i MSVCRT:utility.obj
 0001:00057200       NtCurrentTeb               0000000180058200 f i MSVCRT:utility.obj
 0001:0005720c       __scrt_acquire_startup_lock 000000018005820c f   MSVCRT:utility.obj
 0001:00057248       __scrt_dllmain_after_initialize_c 0000000180058248 f   MSVCRT:utility.obj
 0001:0005727c       __scrt_dllmain_before_initialize_c 000000018005827c f   MSVCRT:utility.obj
 0001:00057294       __scrt_dllmain_crt_thread_attach 0000000180058294 f   MSVCRT:utility.obj
 0001:000572bc       __scrt_dllmain_crt_thread_detach 00000001800582bc f   MSVCRT:utility.obj
 0001:000572d4       __scrt_dllmain_exception_filter 00000001800582d4 f   MSVCRT:utility.obj
 0001:00057334       __scrt_dllmain_uninitialize_c 0000000180058334 f   MSVCRT:utility.obj
 0001:00057364       __scrt_dllmain_uninitialize_critical 0000000180058364 f   MSVCRT:utility.obj
 0001:00057378       __scrt_initialize_crt      0000000180058378 f   MSVCRT:utility.obj
 0001:000573c4       __scrt_initialize_onexit_tables 00000001800583c4 f   MSVCRT:utility.obj
 0001:00057450       __scrt_is_nonwritable_in_current_image 0000000180058450 f   MSVCRT:utility.obj
 0001:000574e8       __scrt_release_startup_lock 00000001800584e8 f   MSVCRT:utility.obj
 0001:0005750c       __scrt_uninitialize_crt    000000018005850c f   MSVCRT:utility.obj
 0001:00057538       _onexit                    0000000180058538 f   MSVCRT:utility.obj
 0001:00057574       at_quick_exit              0000000180058574 f   MSVCRT:utility.obj
 0001:00057594       atexit                     0000000180058594 f   MSVCRT:utility.obj
 0001:000575ac       __scrt_get_dyn_tls_init_callback 00000001800585ac f   MSVCRT:dyn_tls_init.obj
 0001:000575b4       __crt_debugger_hook        00000001800585b4 f   MSVCRT:utility_desktop.obj
 0001:000575bc       __scrt_fastfail            00000001800585bc f   MSVCRT:utility_desktop.obj
 0001:00057708       __scrt_get_show_window_mode 0000000180058708 f   MSVCRT:utility_desktop.obj
 0001:00057744       __scrt_initialize_mta      0000000180058744 f   MSVCRT:utility_desktop.obj
 0001:0005774c       __scrt_initialize_winrt    000000018005874c f   MSVCRT:utility_desktop.obj
 0001:00057750       __scrt_is_managed_app      0000000180058750 f   MSVCRT:utility_desktop.obj
 0001:000577a4       __scrt_set_unhandled_exception_filter 00000001800587a4 f   MSVCRT:utility_desktop.obj
 0001:000577b4       __scrt_exe_initialize_mta  00000001800587b4 f   MSVCRT:utility_desktop.obj
 0001:000577b4       __scrt_stub_for_initialize_mta 00000001800587b4 f   MSVCRT:utility_desktop.obj
 0001:000577b8       __scrt_unhandled_exception_filter 00000001800587b8 f   MSVCRT:utility_desktop.obj
 0001:00057814       _RTC_Initialize            0000000180058814 f   MSVCRT:initsect.obj
 0001:00057850       _RTC_Terminate             0000000180058850 f   MSVCRT:initsect.obj
 0001:0005788c       _guard_check_icall_nop     000000018005888c f i MSVCRT:guard_support.obj
 0001:00057890       ReadNoFence64              0000000180058890 f i MSVCRT:guard_support.obj
 0001:00057894       ReadPointerNoFence         0000000180058894 f i MSVCRT:guard_support.obj
 0001:00057898       __castguard_check_failure_debugbreak 0000000180058898 f i MSVCRT:guard_support.obj
 0001:000578b4       __castguard_check_failure_fastfail 00000001800588b4 f i MSVCRT:guard_support.obj
 0001:000578d8       __castguard_check_failure_nop 00000001800588d8 f i MSVCRT:guard_support.obj
 0001:000578dc       __castguard_check_failure_os_handled 00000001800588dc f i MSVCRT:guard_support.obj
 0001:0005793c       __castguard_slow_path_check_debugbreak 000000018005893c f i MSVCRT:guard_support.obj
 0001:00057970       __castguard_slow_path_check_fastfail 0000000180058970 f i MSVCRT:guard_support.obj
 0001:000579ac       __castguard_slow_path_check_nop 00000001800589ac f i MSVCRT:guard_support.obj
 0001:000579b0       __castguard_slow_path_check_os_handled 00000001800589b0 f i MSVCRT:guard_support.obj
 0001:00057a24       _guard_icall_checks_enforced 0000000180058a24 f i MSVCRT:guard_support.obj
 0001:00057a3c       _guard_rf_checks_enforced  0000000180058a3c f i MSVCRT:guard_support.obj
 0001:00057a40       __isa_available_init       0000000180058a40 f   MSVCRT:cpu_disp.obj
 0001:00057be4       _get_startup_argv_mode     0000000180058be4 f   MSVCRT:argv_mode.obj
 0001:00057bec       __scrt_is_ucrt_dll_in_use  0000000180058bec f   MSVCRT:ucrt_detection.obj
 0001:00057c00       RtlCaptureContext          0000000180058c00 f   kernel32:KERNEL32.dll
 0001:00057c06       RtlLookupFunctionEntry     0000000180058c06 f   kernel32:KERNEL32.dll
 0001:00057c0c       RtlVirtualUnwind           0000000180058c0c f   kernel32:KERNEL32.dll
 0001:00057c12       UnhandledExceptionFilter   0000000180058c12 f   kernel32:KERNEL32.dll
 0001:00057c18       SetUnhandledExceptionFilter 0000000180058c18 f   kernel32:KERNEL32.dll
 0001:00057c1e       GetCurrentProcess          0000000180058c1e f   kernel32:KERNEL32.dll
 0001:00057c24       TerminateProcess           0000000180058c24 f   kernel32:KERNEL32.dll
 0001:00057c2a       IsProcessorFeaturePresent  0000000180058c2a f   kernel32:KERNEL32.dll
 0001:00057c30       QueryPerformanceCounter    0000000180058c30 f   kernel32:KERNEL32.dll
 0001:00057c36       GetCurrentProcessId        0000000180058c36 f   kernel32:KERNEL32.dll
 0001:00057c3c       GetCurrentThreadId         0000000180058c3c f   kernel32:KERNEL32.dll
 0001:00057c42       GetSystemTimeAsFileTime    0000000180058c42 f   kernel32:KERNEL32.dll
 0001:00057c48       DisableThreadLibraryCalls  0000000180058c48 f   kernel32:KERNEL32.dll
 0001:00057c4e       InitializeSListHead        0000000180058c4e f   kernel32:KERNEL32.dll
 0001:00057c54       IsDebuggerPresent          0000000180058c54 f   kernel32:KERNEL32.dll
 0001:00057c5a       GetStartupInfoW            0000000180058c5a f   kernel32:KERNEL32.dll
 0001:00057c60       GetModuleHandleW           0000000180058c60 f   kernel32:KERNEL32.dll
 0001:00057c66       memcpy                     0000000180058c66 f   vcruntime:VCRUNTIME140.dll
 0001:00057c6c       memmove                    0000000180058c6c f   vcruntime:VCRUNTIME140.dll
 0001:00057c72       memset                     0000000180058c72 f   vcruntime:VCRUNTIME140.dll
 0001:00057c78       __C_specific_handler       0000000180058c78 f   vcruntime:VCRUNTIME140.dll
 0001:00057c7e       __std_type_info_destroy_list 0000000180058c7e f   vcruntime:VCRUNTIME140.dll
 0001:00057c84       __current_exception        0000000180058c84 f   vcruntime:VCRUNTIME140.dll
 0001:00057c8a       __current_exception_context 0000000180058c8a f   vcruntime:VCRUNTIME140.dll
 0001:00057c90       strcmp                     0000000180058c90 f   ucrt:api-ms-win-crt-string-l1-1-0.dll
 0001:00057c96       strcat                     0000000180058c96 f   ucrt:api-ms-win-crt-string-l1-1-0.dll
 0001:00057c9c       strlen                     0000000180058c9c f   ucrt:api-ms-win-crt-string-l1-1-0.dll
 0001:00057ca2       __stdio_common_vsprintf    0000000180058ca2 f   ucrt:api-ms-win-crt-stdio-l1-1-0.dll
 0001:00057ca8       free                       0000000180058ca8 f   ucrt:api-ms-win-crt-heap-l1-1-0.dll
 0001:00057cae       malloc                     0000000180058cae f   ucrt:api-ms-win-crt-heap-l1-1-0.dll
 0001:00057cb4       sqrt                       0000000180058cb4 f   ucrt:api-ms-win-crt-math-l1-1-0.dll
 0001:00057cba       cimag                      0000000180058cba f   ucrt:api-ms-win-crt-math-l1-1-0.dll
 0001:00057cc0       conj                       0000000180058cc0 f   ucrt:api-ms-win-crt-math-l1-1-0.dll
 0001:00057cc6       creal                      0000000180058cc6 f   ucrt:api-ms-win-crt-math-l1-1-0.dll
 0001:00057ccc       fabs                       0000000180058ccc f   ucrt:api-ms-win-crt-math-l1-1-0.dll
 0001:00057cd2       __stdio_common_vfscanf     0000000180058cd2 f   ucrt:api-ms-win-crt-stdio-l1-1-0.dll
 0001:00057cd8       _Cbuild                    0000000180058cd8 f   ucrt:api-ms-win-crt-math-l1-1-0.dll
 0001:00057cde       srand                      0000000180058cde f   ucrt:api-ms-win-crt-utility-l1-1-0.dll
 0001:00057ce4       rand                       0000000180058ce4 f   ucrt:api-ms-win-crt-utility-l1-1-0.dll
 0001:00057cea       fmin                       0000000180058cea f   ucrt:api-ms-win-crt-math-l1-1-0.dll
 0001:00057cf0       _initterm                  0000000180058cf0 f   ucrt:api-ms-win-crt-runtime-l1-1-0.dll
 0001:00057cf6       _initterm_e                0000000180058cf6 f   ucrt:api-ms-win-crt-runtime-l1-1-0.dll
 0001:00057cfc       _seh_filter_dll            0000000180058cfc f   ucrt:api-ms-win-crt-runtime-l1-1-0.dll
 0001:00057d02       _configure_narrow_argv     0000000180058d02 f   ucrt:api-ms-win-crt-runtime-l1-1-0.dll
 0001:00057d08       _initialize_narrow_environment 0000000180058d08 f   ucrt:api-ms-win-crt-runtime-l1-1-0.dll
 0001:00057d0e       _initialize_onexit_table   0000000180058d0e f   ucrt:api-ms-win-crt-runtime-l1-1-0.dll
 0001:00057d14       _register_onexit_function  0000000180058d14 f   ucrt:api-ms-win-crt-runtime-l1-1-0.dll
 0001:00057d1a       _execute_onexit_table      0000000180058d1a f   ucrt:api-ms-win-crt-runtime-l1-1-0.dll
 0001:00057d20       _crt_atexit                0000000180058d20 f   ucrt:api-ms-win-crt-runtime-l1-1-0.dll
 0001:00057d26       _crt_at_quick_exit         0000000180058d26 f   ucrt:api-ms-win-crt-runtime-l1-1-0.dll
 0001:00057d2c       _cexit                     0000000180058d2c f   ucrt:api-ms-win-crt-runtime-l1-1-0.dll
 0001:00057d32       terminate                  0000000180058d32 f   ucrt:api-ms-win-crt-runtime-l1-1-0.dll
 0001:00057d38       _cabs                      0000000180058d38 f   ucrt:api-ms-win-crt-math-l1-1-0.dll
 0001:00057d40       __acrt_initialize          0000000180058d40 f   MSVCRT:ucrt_stubs.obj
 0001:00057d40       __vcrt_initialize          0000000180058d40 f   MSVCRT:ucrt_stubs.obj
 0001:00057d40       __scrt_stub_for_acrt_initialize 0000000180058d40 f   MSVCRT:ucrt_stubs.obj
 0001:00057d44       __vcrt_thread_attach       0000000180058d44 f   MSVCRT:ucrt_stubs.obj
 0001:00057d44       __acrt_thread_attach       0000000180058d44 f   MSVCRT:ucrt_stubs.obj
 0001:00057d44       __scrt_stub_for_acrt_thread_attach 0000000180058d44 f   MSVCRT:ucrt_stubs.obj
 0001:00057d48       __acrt_thread_detach       0000000180058d48 f   MSVCRT:ucrt_stubs.obj
 0001:00057d48       __vcrt_thread_detach       0000000180058d48 f   MSVCRT:ucrt_stubs.obj
 0001:00057d48       __scrt_stub_for_acrt_thread_detach 0000000180058d48 f   MSVCRT:ucrt_stubs.obj
 0001:00057d4c       __acrt_uninitialize        0000000180058d4c f   MSVCRT:ucrt_stubs.obj
 0001:00057d4c       __scrt_stub_for_acrt_uninitialize 0000000180058d4c f   MSVCRT:ucrt_stubs.obj
 0001:00057d4c       __vcrt_uninitialize        0000000180058d4c f   MSVCRT:ucrt_stubs.obj
 0001:00057d50       __scrt_stub_for_acrt_uninitialize_critical 0000000180058d50 f   MSVCRT:ucrt_stubs.obj
 0001:00057d50       __acrt_uninitialize_critical 0000000180058d50 f   MSVCRT:ucrt_stubs.obj
 0001:00057d50       __vcrt_uninitialize_critical 0000000180058d50 f   MSVCRT:ucrt_stubs.obj
 0001:00057d54       _is_c_termination_complete 0000000180058d54 f   MSVCRT:ucrt_stubs.obj
 0001:00057d54       __scrt_stub_for_is_c_termination_complete 0000000180058d54 f   MSVCRT:ucrt_stubs.obj
 0001:00057d70       _guard_dispatch_icall_nop  0000000180058d70 f   MSVCRT:guard_dispatch.obj
 0001:00057d90       _guard_xfg_dispatch_icall_nop 0000000180058d90 f   MSVCRT:guard_xfg_dispatch.obj
 0002:00000000       __imp_DisableThreadLibraryCalls 0000000180059000     kernel32:KERNEL32.dll
 0002:00000008       __imp_RtlCaptureContext    0000000180059008     kernel32:KERNEL32.dll
 0002:00000010       __imp_GetSystemTimeAsFileTime 0000000180059010     kernel32:KERNEL32.dll
 0002:00000018       __imp_InitializeSListHead  0000000180059018     kernel32:KERNEL32.dll
 0002:00000020       __imp_RtlLookupFunctionEntry 0000000180059020     kernel32:KERNEL32.dll
 0002:00000028       __imp_RtlVirtualUnwind     0000000180059028     kernel32:KERNEL32.dll
 0002:00000030       __imp_IsDebuggerPresent    0000000180059030     kernel32:KERNEL32.dll
 0002:00000038       __imp_GetStartupInfoW      0000000180059038     kernel32:KERNEL32.dll
 0002:00000040       __imp_GetModuleHandleW     0000000180059040     kernel32:KERNEL32.dll
 0002:00000048       __imp_GetCurrentProcessId  0000000180059048     kernel32:KERNEL32.dll
 0002:00000050       __imp_QueryPerformanceCounter 0000000180059050     kernel32:KERNEL32.dll
 0002:00000058       __imp_IsProcessorFeaturePresent 0000000180059058     kernel32:KERNEL32.dll
 0002:00000060       __imp_TerminateProcess     0000000180059060     kernel32:KERNEL32.dll
 0002:00000068       __imp_GetCurrentThreadId   0000000180059068     kernel32:KERNEL32.dll
 0002:00000070       __imp_GetCurrentProcess    0000000180059070     kernel32:KERNEL32.dll
 0002:00000078       __imp_SetUnhandledExceptionFilter 0000000180059078     kernel32:KERNEL32.dll
 0002:00000080       __imp_UnhandledExceptionFilter 0000000180059080     kernel32:KERNEL32.dll
 0002:00000088       \177KERNEL32_NULL_THUNK_DATA 0000000180059088     kernel32:KERNEL32.dll
 0002:00000090       __imp___std_type_info_destroy_list 0000000180059090     vcruntime:VCRUNTIME140.dll
 0002:00000098       __imp___current_exception_context 0000000180059098     vcruntime:VCRUNTIME140.dll
 0002:000000a0       __imp___C_specific_handler 00000001800590a0     vcruntime:VCRUNTIME140.dll
 0002:000000a8       __imp___current_exception  00000001800590a8     vcruntime:VCRUNTIME140.dll
 0002:000000b0       __imp_memset               00000001800590b0     vcruntime:VCRUNTIME140.dll
 0002:000000b8       __imp_memcpy               00000001800590b8     vcruntime:VCRUNTIME140.dll
 0002:000000c0       __imp_memmove              00000001800590c0     vcruntime:VCRUNTIME140.dll
 0002:000000c8       \177VCRUNTIME140_NULL_THUNK_DATA 00000001800590c8     vcruntime:VCRUNTIME140.dll
 0002:000000d0       __imp_malloc               00000001800590d0     ucrt:api-ms-win-crt-heap-l1-1-0.dll
 0002:000000d8       __imp_free                 00000001800590d8     ucrt:api-ms-win-crt-heap-l1-1-0.dll
 0002:000000e0       \177api-ms-win-crt-heap-l1-1-0_NULL_THUNK_DATA 00000001800590e0     ucrt:api-ms-win-crt-heap-l1-1-0.dll
 0002:000000e8       __imp_cimag                00000001800590e8     ucrt:api-ms-win-crt-math-l1-1-0.dll
 0002:000000f0       __imp__Cbuild              00000001800590f0     ucrt:api-ms-win-crt-math-l1-1-0.dll
 0002:000000f8       __imp__cabs                00000001800590f8     ucrt:api-ms-win-crt-math-l1-1-0.dll
 0002:000000f8       __imp_cabs                 00000001800590f8     ucrt:api-ms-win-crt-math-l1-1-0.dll
 0002:00000100       __imp_fmin                 0000000180059100     ucrt:api-ms-win-crt-math-l1-1-0.dll
 0002:00000108       __imp_fabs                 0000000180059108     ucrt:api-ms-win-crt-math-l1-1-0.dll
 0002:00000110       __imp_sqrt                 0000000180059110     ucrt:api-ms-win-crt-math-l1-1-0.dll
 0002:00000118       __imp_conj                 0000000180059118     ucrt:api-ms-win-crt-math-l1-1-0.dll
 0002:00000120       __imp_creal                0000000180059120     ucrt:api-ms-win-crt-math-l1-1-0.dll
 0002:00000128       \177api-ms-win-crt-math-l1-1-0_NULL_THUNK_DATA 0000000180059128     ucrt:api-ms-win-crt-math-l1-1-0.dll
 0002:00000130       __imp__crt_at_quick_exit   0000000180059130     ucrt:api-ms-win-crt-runtime-l1-1-0.dll
 0002:00000138       __imp__execute_onexit_table 0000000180059138     ucrt:api-ms-win-crt-runtime-l1-1-0.dll
 0002:00000140       __imp__register_onexit_function 0000000180059140     ucrt:api-ms-win-crt-runtime-l1-1-0.dll
 0002:00000148       __imp__initialize_onexit_table 0000000180059148     ucrt:api-ms-win-crt-runtime-l1-1-0.dll
 0002:00000150       __imp__initialize_narrow_environment 0000000180059150     ucrt:api-ms-win-crt-runtime-l1-1-0.dll
 0002:00000158       __imp__configure_narrow_argv 0000000180059158     ucrt:api-ms-win-crt-runtime-l1-1-0.dll
 0002:00000160       __imp__cexit               0000000180059160     ucrt:api-ms-win-crt-runtime-l1-1-0.dll
 0002:00000168       __imp_terminate            0000000180059168     ucrt:api-ms-win-crt-runtime-l1-1-0.dll
 0002:00000170       __imp__seh_filter_dll      0000000180059170     ucrt:api-ms-win-crt-runtime-l1-1-0.dll
 0002:00000178       __imp__initterm            0000000180059178     ucrt:api-ms-win-crt-runtime-l1-1-0.dll
 0002:00000180       __imp__crt_atexit          0000000180059180     ucrt:api-ms-win-crt-runtime-l1-1-0.dll
 0002:00000188       __imp__initterm_e          0000000180059188     ucrt:api-ms-win-crt-runtime-l1-1-0.dll
 0002:00000190       \177api-ms-win-crt-runtime-l1-1-0_NULL_THUNK_DATA 0000000180059190     ucrt:api-ms-win-crt-runtime-l1-1-0.dll
 0002:00000198       __imp___stdio_common_vsprintf 0000000180059198     ucrt:api-ms-win-crt-stdio-l1-1-0.dll
 0002:000001a0       __imp___stdio_common_vfscanf 00000001800591a0     ucrt:api-ms-win-crt-stdio-l1-1-0.dll
 0002:000001a8       \177api-ms-win-crt-stdio-l1-1-0_NULL_THUNK_DATA 00000001800591a8     ucrt:api-ms-win-crt-stdio-l1-1-0.dll
 0002:000001b0       __imp_strcat               00000001800591b0     ucrt:api-ms-win-crt-string-l1-1-0.dll
 0002:000001b8       __imp_strcmp               00000001800591b8     ucrt:api-ms-win-crt-string-l1-1-0.dll
 0002:000001c0       __imp_strlen               00000001800591c0     ucrt:api-ms-win-crt-string-l1-1-0.dll
 0002:000001c8       \177api-ms-win-crt-string-l1-1-0_NULL_THUNK_DATA 00000001800591c8     ucrt:api-ms-win-crt-string-l1-1-0.dll
 0002:000001d0       __imp_rand                 00000001800591d0     ucrt:api-ms-win-crt-utility-l1-1-0.dll
 0002:000001d8       __imp_srand                00000001800591d8     ucrt:api-ms-win-crt-utility-l1-1-0.dll
 0002:000001e0       \177api-ms-win-crt-utility-l1-1-0_NULL_THUNK_DATA 00000001800591e0     ucrt:api-ms-win-crt-utility-l1-1-0.dll
 0002:000001e8       __imp_covrtDeleteStateflowInstanceData 00000001800591e8     libcovrt:libcovrt.dll
 0002:000001f0       __imp_covrtEmlMcdcEval     00000001800591f0     libcovrt:libcovrt.dll
 0002:000001f8       __imp_covrtEmlCondEval     00000001800591f8     libcovrt:libcovrt.dll
 0002:00000200       __imp_covrtEmlIfEval       0000000180059200     libcovrt:libcovrt.dll
 0002:00000208       __imp_covrtEmlFcnEval      0000000180059208     libcovrt:libcovrt.dll
 0002:00000210       __imp_covrtEmlMCDCInitFcn  0000000180059210     libcovrt:libcovrt.dll
 0002:00000218       __imp_covrtEmlIfInitFcn    0000000180059218     libcovrt:libcovrt.dll
 0002:00000220       __imp_covrtEmlFcnInitFcn   0000000180059220     libcovrt:libcovrt.dll
 0002:00000228       __imp_covrtEmlInitFcn      0000000180059228     libcovrt:libcovrt.dll
 0002:00000230       __imp_covrtSigUpdateFcn    0000000180059230     libcovrt:libcovrt.dll
 0002:00000238       __imp_covrtChartInitFcn    0000000180059238     libcovrt:libcovrt.dll
 0002:00000240       __imp_covrtStateInitFcn    0000000180059240     libcovrt:libcovrt.dll
 0002:00000248       __imp_covrtTransInitFcn    0000000180059248     libcovrt:libcovrt.dll
 0002:00000250       __imp_covrtCreateStateflowInstanceData 0000000180059250     libcovrt:libcovrt.dll
 0002:00000258       \177libcovrt_NULL_THUNK_DATA 0000000180059258     libcovrt:libcovrt.dll
 0002:00000260       __imp_emlrtDynamicBoundsCheckR2012b 0000000180059260     libemlrt:libemlrt.dll
 0002:00000268       __imp_emlrtCallocMex       0000000180059268     libemlrt:libemlrt.dll
 0002:00000270       __imp_emlrtIntegerCheckR2012b 0000000180059270     libemlrt:libemlrt.dll
 0002:00000278       __imp_emlrtNameCaptureMxArrayR2016a 0000000180059278     libemlrt:libemlrt.dll
 0002:00000280       __imp_emlrtHeapAllocationErrorR2012b 0000000180059280     libemlrt:libemlrt.dll
 0002:00000288       __imp_emlrtMallocMex       0000000180059288     libemlrt:libemlrt.dll
 0002:00000290       __imp_emlrtFreeMex         0000000180059290     libemlrt:libemlrt.dll
 0002:00000298       __imp_emlrtSizeMulR2012b   0000000180059298     libemlrt:libemlrt.dll
 0002:000002a0       __imp_emlrtNonNegativeCheckR2012b 00000001800592a0     libemlrt:libemlrt.dll
 0002:000002a8       \177libemlrt_NULL_THUNK_DATA 00000001800592a8     libemlrt:libemlrt.dll
 0002:000002b0       __imp_mexErrMsgTxt_800     00000001800592b0     libmex:libmex.dll
 0002:000002b8       __imp_mexPrintf_800        00000001800592b8     libmex:libmex.dll
 0002:000002c0       __imp_mexWarnMsgTxt_800    00000001800592c0     libmex:libmex.dll
 0002:000002c8       __imp_mexIsLocked_800      00000001800592c8     libmex:libmex.dll
 0002:000002d0       __imp_mexUnlock_800        00000001800592d0     libmex:libmex.dll
 0002:000002d8       __imp_mexLock_800          00000001800592d8     libmex:libmex.dll
 0002:000002e0       __imp_mexCallMATLAB_800    00000001800592e0     libmex:libmex.dll
 0002:000002e8       __imp_mexMakeArrayPersistent_800 00000001800592e8     libmex:libmex.dll
 0002:000002f0       \177libmex_NULL_THUNK_DATA 00000001800592f0     libmex:libmex.dll
 0002:000002f8       __imp_dgemm                00000001800592f8     libmwblas:libmwblas.dll
 0002:00000300       \177libmwblas_NULL_THUNK_DATA 0000000180059300     libmwblas:libmwblas.dll
 0002:00000308       __imp_muDoubleScalarMax    0000000180059308     libmwmathutil:libmwmathutil.dll
 0002:00000310       __imp_muDoubleScalarFloor  0000000180059310     libmwmathutil:libmwmathutil.dll
 0002:00000318       __imp_muDoubleScalarAbs    0000000180059318     libmwmathutil:libmwmathutil.dll
 0002:00000320       __imp_muDoubleScalarIsInf  0000000180059320     libmwmathutil:libmwmathutil.dll
 0002:00000328       __imp_muDoubleScalarMin    0000000180059328     libmwmathutil:libmwmathutil.dll
 0002:00000330       \177libmwmathutil_NULL_THUNK_DATA 0000000180059330     libmwmathutil:libmwmathutil.dll
 0002:00000338       __imp_mxSetCell_800        0000000180059338     libmx:libmx.dll
 0002:00000340       __imp_mxGetScalar_800      0000000180059340     libmx:libmx.dll
 0002:00000348       __imp_mxRealloc_800        0000000180059348     libmx:libmx.dll
 0002:00000350       __imp_mxFree_800           0000000180059350     libmx:libmx.dll
 0002:00000358       __imp_mxMalloc_800         0000000180059358     libmx:libmx.dll
 0002:00000360       __imp_mxCreateDoubleScalar_800 0000000180059360     libmx:libmx.dll
 0002:00000368       __imp_mxGetN_800           0000000180059368     libmx:libmx.dll
 0002:00000370       __imp_mxIsComplex_800      0000000180059370     libmx:libmx.dll
 0002:00000378       __imp_mxIsNumeric_800      0000000180059378     libmx:libmx.dll
 0002:00000380       __imp_mxGetClassID_800     0000000180059380     libmx:libmx.dll
 0002:00000388       __imp_mxGetM_800           0000000180059388     libmx:libmx.dll
 0002:00000390       __imp_mxCalloc_800         0000000180059390     libmx:libmx.dll
 0002:00000398       __imp_mxGetNaN_800         0000000180059398     libmx:libmx.dll
 0002:000003a0       __imp_mxCreateStructMatrix_800 00000001800593a0     libmx:libmx.dll
 0002:000003a8       __imp_mxCreateCellMatrix_800 00000001800593a8     libmx:libmx.dll
 0002:000003b0       __imp_mxCreateString_800   00000001800593b0     libmx:libmx.dll
 0002:000003b8       __imp_mxSetField_800       00000001800593b8     libmx:libmx.dll
 0002:000003c0       __imp_mxGetPr_800          00000001800593c0     libmx:libmx.dll
 0002:000003c8       __imp_mxIsEmpty_800        00000001800593c8     libmx:libmx.dll
 0002:000003d0       __imp_mxDuplicateArray_800 00000001800593d0     libmx:libmx.dll
 0002:000003d8       __imp_mxGetString_800      00000001800593d8     libmx:libmx.dll
 0002:000003e0       __imp_mxCreateDoubleMatrix_800 00000001800593e0     libmx:libmx.dll
 0002:000003e8       __imp_mxDestroyArray_800   00000001800593e8     libmx:libmx.dll
 0002:000003f0       __imp_mxIsChar_800         00000001800593f0     libmx:libmx.dll
 0002:000003f8       \177libmx_NULL_THUNK_DATA  00000001800593f8     libmx:libmx.dll
 0002:00000400       __imp_utMalloc             0000000180059400     libut:libut.dll
 0002:00000408       __imp_utFree               0000000180059408     libut:libut.dll
 0002:00000410       \177libut_NULL_THUNK_DATA  0000000180059410     libut:libut.dll
 0002:00000418       __imp_getRuntimeInstanceInfoAsVoid 0000000180059418     sf_runtime:sf_runtime.dll
 0002:00000420       __imp_call_sf_machine_global_method_dispatcher 0000000180059420     sf_runtime:sf_runtime.dll
 0002:00000428       __imp_callMdlMethodAndReportError 0000000180059428     sf_runtime:sf_runtime.dll
 0002:00000430       __imp_sf_get_hasSeparateUpdateOutputs 0000000180059430     sf_runtime:sf_runtime.dll
 0002:00000438       __imp_sf_mex_error_direct_call 0000000180059438     sf_runtime:sf_runtime.dll
 0002:00000440       __imp_sf_clear_error_manager_info 0000000180059440     sf_runtime:sf_runtime.dll
 0002:00000448       __imp_ssGetOutputPortSignal_wrapper 0000000180059448     sf_runtime:sf_runtime.dll
 0002:00000450       __imp_ssSetCurrentOutputPortDimensions_wrapper 0000000180059450     sf_runtime:sf_runtime.dll
 0002:00000458       __imp_ssGetCurrentOutputPortDimensions_wrapper 0000000180059458     sf_runtime:sf_runtime.dll
 0002:00000460       __imp_sf_mex_get_dimension 0000000180059460     sf_runtime:sf_runtime.dll
 0002:00000468       __imp_sf_mex_import_vs     0000000180059468     sf_runtime:sf_runtime.dll
 0002:00000470       __imp_sf_mex_import        0000000180059470     sf_runtime:sf_runtime.dll
 0002:00000478       __imp_sf_mex_destroy       0000000180059478     sf_runtime:sf_runtime.dll
 0002:00000480       __imp_sf_mex_dup           0000000180059480     sf_runtime:sf_runtime.dll
 0002:00000488       __imp_sf_mex_assign        0000000180059488     sf_runtime:sf_runtime.dll
 0002:00000490       __imp_sf_mex_getcell       0000000180059490     sf_runtime:sf_runtime.dll
 0002:00000498       __imp_sf_mex_setcell       0000000180059498     sf_runtime:sf_runtime.dll
 0002:000004a0       __imp_sf_mex_createcellmatrix 00000001800594a0     sf_runtime:sf_runtime.dll
 0002:000004a8       __imp_sf_mex_create        00000001800594a8     sf_runtime:sf_runtime.dll
 0002:000004b0       __imp_sf_mex_check_struct  00000001800594b0     sf_runtime:sf_runtime.dll
 0002:000004b8       __imp_sf_mex_getfield      00000001800594b8     sf_runtime:sf_runtime.dll
 0002:000004c0       __imp_sf_mex_error_message 00000001800594c0     sf_runtime:sf_runtime.dll
 0002:000004c8       __imp_sf_mex_call          00000001800594c8     sf_runtime:sf_runtime.dll
 0002:000004d0       __imp_sfListenerLightTerminate 00000001800594d0     sf_runtime:sf_runtime.dll
 0002:000004d8       __imp_sfListenerCacheSimStruct 00000001800594d8     sf_runtime:sf_runtime.dll
 0002:000004e0       __imp_sf_error_out_about_continuous_sample_time_with_persistent_vars 00000001800594e0     sf_runtime:sf_runtime.dll
 0002:000004e8       __imp_sf_set_work_widths   00000001800594e8     sf_runtime:sf_runtime.dll
 0002:000004f0       __imp_sf_warn_if_symbolic_dimension_param_changed 00000001800594f0     sf_runtime:sf_runtime.dll
 0002:000004f8       __imp_setDebuggerFlag      00000001800594f8     sf_runtime:sf_runtime.dll
 0002:00000500       __imp_setLegacyDebuggerFlag 0000000180059500     sf_runtime:sf_runtime.dll
 0002:00000508       __imp_setDataBrowseFcn     0000000180059508     sf_runtime:sf_runtime.dll
 0002:00000510       __imp_sfDoAnimationWrapper 0000000180059510     sf_runtime:sf_runtime.dll
 0002:00000518       __imp_sf_get_time          0000000180059518     sf_runtime:sf_runtime.dll
 0002:00000520       __imp_sf_clear_rtw_identifier 0000000180059520     sf_runtime:sf_runtime.dll
 0002:00000528       __imp_sf_mex_listen_for_ctrl_c 0000000180059528     sf_runtime:sf_runtime.dll
 0002:00000530       __imp_sim_mode_is_external 0000000180059530     sf_runtime:sf_runtime.dll
 0002:00000538       __imp_sim_mode_is_rtw_gen  0000000180059538     sf_runtime:sf_runtime.dll
 0002:00000540       __imp_sf_get_chart_instance_ptr 0000000180059540     sf_runtime:sf_runtime.dll
 0002:00000548       __imp_sfrtGetCovrtInstance 0000000180059548     sf_runtime:sf_runtime.dll
 0002:00000550       __imp_sfrtGetEmlrtCtx      0000000180059550     sf_runtime:sf_runtime.dll
 0002:00000558       __imp_sf_free_ChartRunTimeInfo 0000000180059558     sf_runtime:sf_runtime.dll
 0002:00000560       __imp_sf_init_ChartRunTimeInfo 0000000180059560     sf_runtime:sf_runtime.dll
 0002:00000568       __imp_sf_mex_decode        0000000180059568     sf_runtime:sf_runtime.dll
 0002:00000570       __imp_sf_load_rtw_optimization_info 0000000180059570     sf_runtime:sf_runtime.dll
 0002:00000578       __imp_sf_get_ChartInfoStruct_CodeGen 0000000180059578     sf_runtime:sf_runtime.dll
 0002:00000580       \177sf_runtime_NULL_THUNK_DATA 0000000180059580     sf_runtime:sf_runtime.dll
 0002:00000588       __guard_check_icall_fptr   0000000180059588     MSVCRT:guard_support.obj
 0002:00000590       __guard_xfg_check_icall_fptr 0000000180059590     MSVCRT:guard_support.obj
 0002:00000598       __guard_dispatch_icall_fptr 0000000180059598     MSVCRT:guard_support.obj
 0002:000005a0       __guard_xfg_dispatch_icall_fptr 00000001800595a0     MSVCRT:guard_support.obj
 0002:000005a8       __guard_xfg_table_dispatch_icall_fptr 00000001800595a8     MSVCRT:guard_support.obj
 0002:000005b0       __xc_a                     00000001800595b0     MSVCRT:initializers.obj
 0002:000005b8       __xc_z                     00000001800595b8     MSVCRT:initializers.obj
 0002:000005c0       __xi_a                     00000001800595c0     MSVCRT:initializers.obj
 0002:000005c8       __xi_z                     00000001800595c8     MSVCRT:initializers.obj
 0002:000005d0       __xp_a                     00000001800595d0     MSVCRT:initializers.obj
 0002:000005d8       __xp_z                     00000001800595d8     MSVCRT:initializers.obj
 0002:000005e0       __xt_a                     00000001800595e0     MSVCRT:initializers.obj
 0002:000005e8       __xt_z                     00000001800595e8     MSVCRT:initializers.obj
 0002:000005f0       __real@41afcaf738000000    00000001800595f0     untitled_sfun.obj
 0002:000005f8       __real@41bc1b4bfe000000    00000001800595f8     untitled_sfun.obj
 0002:00000600       __real@41bd274837000000    0000000180059600     untitled_sfun.obj
 0002:00000608       __real@41bdd3bbc9000000    0000000180059608     untitled_sfun.obj
 0002:00000610       __real@41d4c74be0400000    0000000180059610     untitled_sfun.obj
 0002:00000618       __real@41d745767c800000    0000000180059618     untitled_sfun.obj
 0002:00000620       __real@41d92cd043800000    0000000180059620     untitled_sfun.obj
 0002:00000628       __real@41e038c49c600000    0000000180059628     untitled_sfun.obj
 0002:00000630       __real@41e622ac0d800000    0000000180059630     untitled_sfun.obj
 0002:00000638       __real@41ed598c69200000    0000000180059638     untitled_sfun.obj
 0002:00000640       __real@41eeba0b9c000000    0000000180059640     untitled_sfun.obj
 0002:00000648       __real@41eeed7825800000    0000000180059648     untitled_sfun.obj
 0002:00000748       __real@0000000000000000    0000000180059748     c2_untitled.obj
 0002:00000750       __real@3cc0000000000000    0000000180059750     c2_untitled.obj
 0002:00000758       __real@3f2a97e90604c867    0000000180059758     c2_untitled.obj
 0002:00000760       __real@3f8d2bf551505549    0000000180059760     c2_untitled.obj
 0002:00000768       __real@3fc0000000000000    0000000180059768     c2_untitled.obj
 0002:00000770       __real@3fd0000000000000    0000000180059770     c2_untitled.obj
 0002:00000778       __real@3fe0000000000000    0000000180059778     c2_untitled.obj
 0002:00000780       __real@3ff0000000000000    0000000180059780     c2_untitled.obj
 0002:00000788       __real@4000000000000000    0000000180059788     c2_untitled.obj
 0002:00000790       __real@4008000000000000    0000000180059790     c2_untitled.obj
 0002:00000798       __real@4010000000000000    0000000180059798     c2_untitled.obj
 0002:000007a0       __real@4014000000000000    00000001800597a0     c2_untitled.obj
 0002:000007a8       __real@4018000000000000    00000001800597a8     c2_untitled.obj
 0002:000007b0       __real@4022000000000000    00000001800597b0     c2_untitled.obj
 0002:000007b8       __real@4039000000000000    00000001800597b8     c2_untitled.obj
 0002:000007c0       __real@403b000000000000    00000001800597c0     c2_untitled.obj
 0002:000007c8       __real@41b0270851000000    00000001800597c8     c2_untitled.obj
 0002:000007d0       __real@41d2db9780c00000    00000001800597d0     c2_untitled.obj
 0002:000007d8       __real@41dfffffffc00000    00000001800597d8     c2_untitled.obj
 0002:000007e0       __real@41e5813ac1a00000    00000001800597e0     c2_untitled.obj
 0002:000007e8       __real@41e94bc22b400000    00000001800597e8     c2_untitled.obj
 0002:000007f0       __real@bff0000000000000    00000001800597f0     c2_untitled.obj
 0002:000007f8       __real@c018000000000000    00000001800597f8     c2_untitled.obj
 0002:00000800       __xmm@80000000000000008000000000000000 0000000180059800     c2_untitled.obj
 0002:00000810       DYNAMIC_DIMENSION_DEF      0000000180059810     untitled_sfun_registry.obj
 0002:00000828       __real@41602cbca0000000    0000000180059828     untitled_sfun_registry.obj
 0002:00000830       __real@4024000000000000    0000000180059830     cs_amd_ri.obj
 0002:00000838       __real@4030000000000000    0000000180059838     cs_amd_ri.obj
 0002:00000840       __real@3cb0000000000000    0000000180059840     solve_from_qr.obj
 0002:00000858       _pRawDllMain               0000000180059858     MSVCRT:dll_dllmain.obj
 0002:00000858       _pDefaultRawDllMain        0000000180059858     MSVCRT:dll_dllmain.obj
 0002:00000860       __xmm@ffffffffffffffffffffffffffffffff 0000000180059860     MSVCRT:utility.obj
 0002:00000890       _load_config_used          0000000180059890     MSVCRT:loadcfg.obj
 0002:00000a00       __CastGuardVftablesStart   0000000180059a00     MSVCRT:guard_support.obj
 0002:00000a08       __CastGuardVftablesEnd     0000000180059a08     MSVCRT:guard_support.obj
 0002:00000a10       __volatile_metadata        0000000180059a10     <linker-defined>
 0002:00000e78       __rtc_iaa                  0000000180059e78     MSVCRT:initsect.obj
 0002:00000e80       __rtc_izz                  0000000180059e80     MSVCRT:initsect.obj
 0002:00000e88       __rtc_taa                  0000000180059e88     MSVCRT:initsect.obj
 0002:00000e90       __rtc_tzz                  0000000180059e90     MSVCRT:initsect.obj
 0002:00002198       __IMPORT_DESCRIPTOR_libmwblas 000000018005b198     libmwblas:libmwblas.dll
 0002:000021ac       __IMPORT_DESCRIPTOR_sf_runtime 000000018005b1ac     sf_runtime:sf_runtime.dll
 0002:000021c0       __IMPORT_DESCRIPTOR_libmx  000000018005b1c0     libmx:libmx.dll
 0002:000021d4       __IMPORT_DESCRIPTOR_libmex 000000018005b1d4     libmex:libmex.dll
 0002:000021e8       __IMPORT_DESCRIPTOR_libut  000000018005b1e8     libut:libut.dll
 0002:000021fc       __IMPORT_DESCRIPTOR_libmwmathutil 000000018005b1fc     libmwmathutil:libmwmathutil.dll
 0002:00002210       __IMPORT_DESCRIPTOR_libemlrt 000000018005b210     libemlrt:libemlrt.dll
 0002:00002224       __IMPORT_DESCRIPTOR_libcovrt 000000018005b224     libcovrt:libcovrt.dll
 0002:00002238       __IMPORT_DESCRIPTOR_KERNEL32 000000018005b238     kernel32:KERNEL32.dll
 0002:0000224c       __IMPORT_DESCRIPTOR_VCRUNTIME140 000000018005b24c     vcruntime:VCRUNTIME140.dll
 0002:00002260       __IMPORT_DESCRIPTOR_api-ms-win-crt-string-l1-1-0 000000018005b260     ucrt:api-ms-win-crt-string-l1-1-0.dll
 0002:00002274       __IMPORT_DESCRIPTOR_api-ms-win-crt-stdio-l1-1-0 000000018005b274     ucrt:api-ms-win-crt-stdio-l1-1-0.dll
 0002:00002288       __IMPORT_DESCRIPTOR_api-ms-win-crt-heap-l1-1-0 000000018005b288     ucrt:api-ms-win-crt-heap-l1-1-0.dll
 0002:0000229c       __IMPORT_DESCRIPTOR_api-ms-win-crt-math-l1-1-0 000000018005b29c     ucrt:api-ms-win-crt-math-l1-1-0.dll
 0002:000022b0       __IMPORT_DESCRIPTOR_api-ms-win-crt-utility-l1-1-0 000000018005b2b0     ucrt:api-ms-win-crt-utility-l1-1-0.dll
 0002:000022c4       __IMPORT_DESCRIPTOR_api-ms-win-crt-runtime-l1-1-0 000000018005b2c4     ucrt:api-ms-win-crt-runtime-l1-1-0.dll
 0002:000022d8       __NULL_IMPORT_DESCRIPTOR   000000018005b2d8     libmwblas:libmwblas.dll
 0003:00007c20       DYNAMIC_DIMENSION          0000000180064c20     untitled_sfun_registry.obj
 0003:0000a240       __security_cookie_complement 0000000180067240     MSVCRT:gs_cookie.obj
 0003:0000a248       __security_cookie          0000000180067248     MSVCRT:gs_cookie.obj
 0003:0000a250       _fltused                   0000000180067250     MSVCRT:fltused.obj
 0003:0000a260       __scrt_native_dllmain_reason 0000000180067260     MSVCRT:utility.obj
 0003:0000a268       __isa_available            0000000180067268     MSVCRT:cpu_disp.obj
 0003:0000a26c       __isa_enabled              000000018006726c     MSVCRT:cpu_disp.obj
 0003:0000a270       __memcpy_nt_iters          0000000180067270     MSVCRT:cpu_disp.obj
 0003:0000a278       __memset_nt_iters          0000000180067278     MSVCRT:cpu_disp.obj
 0003:0000a280       __scrt_ucrt_dll_is_in_use  0000000180067280     MSVCRT:ucrt_stubs.obj
 0003:0000ace0       ?__type_info_root_node@@3U__type_info_node@@A 0000000180067ce0     MSVCRT:tncleanup.obj
 0003:0000acf0       ?_OptionsStorage@?1??__local_stdio_printf_options@@9@4_KA 0000000180067cf0     MSVCRT:default_local_stdio_options.obj
 0003:0000acf8       ?_OptionsStorage@?1??__local_stdio_scanf_options@@9@4_KA 0000000180067cf8     MSVCRT:default_local_stdio_options.obj
 0003:0000ad00       __scrt_current_native_startup_state 0000000180067d00     MSVCRT:utility.obj
 0003:0000ad08       __scrt_native_startup_lock 0000000180067d08     MSVCRT:utility.obj
 0003:0000ad48       __scrt_debugger_hook_flag  0000000180067d48     MSVCRT:utility_desktop.obj
 0003:0000ad50       __castguard_check_failure_os_handled_fptr 0000000180067d50     MSVCRT:guard_support.obj
 0003:0000ad58       __favor                    0000000180067d58     MSVCRT:cpu_disp.obj
[...]
 0003:00007b88       $SG39448                   0000000180064b88     c2_untitled.obj
 0003:00007bc0       $SG39464                   0000000180064bc0     c2_untitled.obj
 0003:00007c28       $SG29721                   0000000180064c28     untitled_sfun_registry.obj
 0003:00007c48       $SG29723                   0000000180064c48     untitled_sfun_registry.obj
 0003:00007c54       $SG30025                   0000000180064c54     untitled_sfun_registry.obj
 0003:00007c5c       $SG31665                   0000000180064c5c     untitled_sfun_registry.obj
 0003:00007c60       $SG29759                   0000000180064c60     untitled_sfun_registry.obj
 0003:00007c78       $SG29761                   0000000180064c78     untitled_sfun_registry.obj
 0003:00007c84       $SG30031                   0000000180064c84     untitled_sfun_registry.obj
 0003:00007c8c       $SG31743                   0000000180064c8c     untitled_sfun_registry.obj
 0003:00007c90       $SG29797                   0000000180064c90     untitled_sfun_registry.obj
 0003:00007ca8       $SG29799                   0000000180064ca8     untitled_sfun_registry.obj
 0003:00007cb4       $SG30716                   0000000180064cb4     untitled_sfun_registry.obj
 0003:00007cbc       $SG32129                   0000000180064cbc     untitled_sfun_registry.obj
 0003:00007cc8       $SG29835                   0000000180064cc8     untitled_sfun_registry.obj
 0003:00007ce8       $SG29837                   0000000180064ce8     untitled_sfun_registry.obj
 0003:00007cf8       $SG29873                   0000000180064cf8     untitled_sfun_registry.obj
 0003:00007d18       $SG29875                   0000000180064d18     untitled_sfun_registry.obj
 0003:00007d28       $SG29895                   0000000180064d28     untitled_sfun_registry.obj
 0003:00007d38       $SG29913                   0000000180064d38     untitled_sfun_registry.obj
 0003:00007d50       $SG29944                   0000000180064d50     untitled_sfun_registry.obj
 0003:00007d60       $SG30026                   0000000180064d60     untitled_sfun_registry.obj
 0003:00007d78       $SG30032                   0000000180064d78     untitled_sfun_registry.obj
 0003:00007d98       $SG30173                   0000000180064d98     untitled_sfun_registry.obj
 0003:00007dc0       _sfcnName                  0000000180064dc0     untitled_sfun_registry.obj
 0003:00007de0       $SG30190                   0000000180064de0     untitled_sfun_registry.obj
 0003:00007e58       $SG30509                   0000000180064e58     untitled_sfun_registry.obj
 0003:00007e60       $SG30510                   0000000180064e60     untitled_sfun_registry.obj
 0003:00007e68       $SG30524                   0000000180064e68     untitled_sfun_registry.obj
 0003:00007e78       $SG30714                   0000000180064e78     untitled_sfun_registry.obj
 0003:00007eb8       $SG30715                   0000000180064eb8     untitled_sfun_registry.obj
 0003:00007ec0       $SG30720                   0000000180064ec0     untitled_sfun_registry.obj
 0003:00007f08       $SG30721                   0000000180064f08     untitled_sfun_registry.obj
 0003:00007f10       $SG30722                   0000000180064f10     untitled_sfun_registry.obj
 0003:00007f18       $SG30724                   0000000180064f18     untitled_sfun_registry.obj
 0003:00007f20       $SG30723                   0000000180064f20     untitled_sfun_registry.obj
 0003:00007f74       $SG30725                   0000000180064f74     untitled_sfun_registry.obj
 0003:00007f80       $SG30747                   0000000180064f80     untitled_sfun_registry.obj
 0003:00007fc0       $SG30748                   0000000180064fc0     untitled_sfun_registry.obj
 0003:00007fc8       $SG30749                   0000000180064fc8     untitled_sfun_registry.obj
 0003:00007fd0       $SG30753                   0000000180064fd0     untitled_sfun_registry.obj
 0003:00008018       $SG30754                   0000000180065018     untitled_sfun_registry.obj
 0003:00008020       $SG30755                   0000000180065020     untitled_sfun_registry.obj
 0003:00008028       $SG30757                   0000000180065028     untitled_sfun_registry.obj
 0003:00008030       $SG30756                   0000000180065030     untitled_sfun_registry.obj
 0003:00008084       $SG30758                   0000000180065084     untitled_sfun_registry.obj
 0003:00008090       $SG30773                   0000000180065090     untitled_sfun_registry.obj
 0003:000080e0       $SG30774                   00000001800650e0     untitled_sfun_registry.obj
 0003:000080e8       $SG30775                   00000001800650e8     untitled_sfun_registry.obj
 0003:000080f0       $SG30787                   00000001800650f0     untitled_sfun_registry.obj
 0003:00008150       $SG30788                   0000000180065150     untitled_sfun_registry.obj
 0003:00008158       $SG30789                   0000000180065158     untitled_sfun_registry.obj
 0003:00008160       $SG30801                   0000000180065160     untitled_sfun_registry.obj
 0003:000081c0       $SG30802                   00000001800651c0     untitled_sfun_registry.obj
 0003:000081c8       $SG30803                   00000001800651c8     untitled_sfun_registry.obj
 0003:000081d0       $SG31027                   00000001800651d0     untitled_sfun_registry.obj
 0003:00008248       $SG31649                   0000000180065248     untitled_sfun_registry.obj
 0003:00008260       $SG31030                   0000000180065260     untitled_sfun_registry.obj
 0003:000082d4       $SG31717                   00000001800652d4     untitled_sfun_registry.obj
 0003:000082e0       $SG31035                   00000001800652e0     untitled_sfun_registry.obj
 0003:00008358       $SG31718                   0000000180065358     untitled_sfun_registry.obj
 0003:00008360       $SG31043                   0000000180065360     untitled_sfun_registry.obj
 0003:000083d0       $SG31318                   00000001800653d0     untitled_sfun_registry.obj
 0003:00008448       $SG31719                   0000000180065448     untitled_sfun_registry.obj
 0003:00008450       $SG31323                   0000000180065450     untitled_sfun_registry.obj
 0003:000084c8       $SG31725                   00000001800654c8     untitled_sfun_registry.obj
 0003:000084d0       $SG31662                   00000001800654d0     untitled_sfun_registry.obj
 0003:00008548       $SG31728                   0000000180065548     untitled_sfun_registry.obj
 0003:00008550       $SG31720                   0000000180065550     untitled_sfun_registry.obj
 0003:000085c8       $SG31731                   00000001800655c8     untitled_sfun_registry.obj
 0003:000085d0       $SG31722                   00000001800655d0     untitled_sfun_registry.obj
 0003:00008650       $SG31732                   0000000180065650     untitled_sfun_registry.obj
 0003:000086d0       $SG31733                   00000001800656d0     untitled_sfun_registry.obj
 0003:000086e0       $SG31735                   00000001800656e0     untitled_sfun_registry.obj
 0003:000086ec       $SG31737                   00000001800656ec     untitled_sfun_registry.obj
 0003:000086f4       $SG31739                   00000001800656f4     untitled_sfun_registry.obj
 0003:00008700       $SG31741                   0000000180065700     untitled_sfun_registry.obj
 0003:00008710       $SG31746                   0000000180065710     untitled_sfun_registry.obj
 0003:000087f8       $SG31851                   00000001800657f8     untitled_sfun_registry.obj
 0003:00008828       $SG31852                   0000000180065828     untitled_sfun_registry.obj
 0003:00008830       $SG31853                   0000000180065830     untitled_sfun_registry.obj
 0003:00008838       $SG31855                   0000000180065838     untitled_sfun_registry.obj
 0003:00008870       $SG31856                   0000000180065870     untitled_sfun_registry.obj
 0003:00008878       $SG31857                   0000000180065878     untitled_sfun_registry.obj
 0003:00008880       $SG31860                   0000000180065880     untitled_sfun_registry.obj
 0003:000088b8       $SG31861                   00000001800658b8     untitled_sfun_registry.obj
 0003:000088c0       $SG31862                   00000001800658c0     untitled_sfun_registry.obj
 0003:000088c8       $SG31864                   00000001800658c8     untitled_sfun_registry.obj
 0003:00008900       $SG31865                   0000000180065900     untitled_sfun_registry.obj
 0003:00008908       $SG31866                   0000000180065908     untitled_sfun_registry.obj
 0003:00008910       $SG31868                   0000000180065910     untitled_sfun_registry.obj
 0003:00008948       $SG31869                   0000000180065948     untitled_sfun_registry.obj
 0003:00008950       $SG31870                   0000000180065950     untitled_sfun_registry.obj
 0003:00008958       $SG31873                   0000000180065958     untitled_sfun_registry.obj
 0003:00008960       $SG31875                   0000000180065960     untitled_sfun_registry.obj
 0003:00008978       $SG31876                   0000000180065978     untitled_sfun_registry.obj
 0003:000089b0       $SG31877                   00000001800659b0     untitled_sfun_registry.obj
 0003:000089b8       $SG31878                   00000001800659b8     untitled_sfun_registry.obj
 0003:000089c0       $SG32038                   00000001800659c0     untitled_sfun_registry.obj
 0003:000089e0       $SG32039                   00000001800659e0     untitled_sfun_registry.obj
 0003:00008a70       $SG32043                   0000000180065a70     untitled_sfun_registry.obj
 0003:00008a88       $SG32048                   0000000180065a88     untitled_sfun_registry.obj
 0003:00008aa0       $SG32044                   0000000180065aa0     untitled_sfun_registry.obj
 0003:00008b30       $SG32049                   0000000180065b30     untitled_sfun_registry.obj
 0003:00008bc0       $SG32053                   0000000180065bc0     untitled_sfun_registry.obj
 0003:00008be0       $SG32054                   0000000180065be0     untitled_sfun_registry.obj
 0003:00008c70       $SG32058                   0000000180065c70     untitled_sfun_registry.obj
 0003:00008c90       $SG32059                   0000000180065c90     untitled_sfun_registry.obj
 0003:00008d20       $SG32063                   0000000180065d20     untitled_sfun_registry.obj
 0003:00008d40       $SG32064                   0000000180065d40     untitled_sfun_registry.obj
 0003:00008dd0       $SG32068                   0000000180065dd0     untitled_sfun_registry.obj
 0003:00008df8       $SG32073                   0000000180065df8     untitled_sfun_registry.obj
 0003:00008e20       $SG32069                   0000000180065e20     untitled_sfun_registry.obj
 0003:00008eb0       $SG32074                   0000000180065eb0     untitled_sfun_registry.obj
 0003:00008f40       $SG32078                   0000000180065f40     untitled_sfun_registry.obj
 0003:00008f60       $SG32079                   0000000180065f60     untitled_sfun_registry.obj
 0003:00008ff0       $SG32083                   0000000180065ff0     untitled_sfun_registry.obj
 0003:00009010       $SG32084                   0000000180066010     untitled_sfun_registry.obj
 0003:000090a0       $SG32088                   00000001800660a0     untitled_sfun_registry.obj
 0003:000090b8       $SG32124                   00000001800660b8     untitled_sfun_registry.obj
 0003:000090d0       $SG32089                   00000001800660d0     untitled_sfun_registry.obj
 0003:00009160       $SG32093                   0000000180066160     untitled_sfun_registry.obj
 0003:00009180       $SG32094                   0000000180066180     untitled_sfun_registry.obj
 0003:00009210       $SG32098                   0000000180066210     untitled_sfun_registry.obj
 0003:00009230       $SG32099                   0000000180066230     untitled_sfun_registry.obj
 0003:000092c0       $SG32103                   00000001800662c0     untitled_sfun_registry.obj
 0003:000092e0       $SG32104                   00000001800662e0     untitled_sfun_registry.obj
 0003:00009370       $SG32108                   0000000180066370     untitled_sfun_registry.obj
 0003:00009390       $SG32109                   0000000180066390     untitled_sfun_registry.obj
 0003:00009420       $SG32113                   0000000180066420     untitled_sfun_registry.obj
 0003:00009440       $SG32114                   0000000180066440     untitled_sfun_registry.obj
 0003:000094d0       $SG32118                   00000001800664d0     untitled_sfun_registry.obj
 0003:000094f0       $SG32119                   00000001800664f0     untitled_sfun_registry.obj
 0003:00009580       $SG32125                   0000000180066580     untitled_sfun_registry.obj
 0003:00009610       $SG32130                   0000000180066610     untitled_sfun_registry.obj
 0003:000096a0       $SG32134                   00000001800666a0     untitled_sfun_registry.obj
 0003:000096b8       $SG32154                   00000001800666b8     untitled_sfun_registry.obj
 0003:000096d0       $SG32135                   00000001800666d0     untitled_sfun_registry.obj
 0003:00009760       $SG32139                   0000000180066760     untitled_sfun_registry.obj
 0003:00009770       $SG32140                   0000000180066770     untitled_sfun_registry.obj
 0003:00009800       $SG32144                   0000000180066800     untitled_sfun_registry.obj
 0003:00009810       $SG32145                   0000000180066810     untitled_sfun_registry.obj
 0003:000098a0       $SG32149                   00000001800668a0     untitled_sfun_registry.obj
 0003:000098b0       $SG32150                   00000001800668b0     untitled_sfun_registry.obj
 0003:00009940       $SG32155                   0000000180066940     untitled_sfun_registry.obj
 0003:000099d0       $SG32159                   00000001800669d0     untitled_sfun_registry.obj
 0003:000099e8       $SG32164                   00000001800669e8     untitled_sfun_registry.obj
 0003:000099f8       $SG32236                   00000001800669f8     untitled_sfun_registry.obj
 0003:00009a10       $SG32160                   0000000180066a10     untitled_sfun_registry.obj
 0003:00009aa0       $SG32165                   0000000180066aa0     untitled_sfun_registry.obj
 0003:00009b30       $SG32173                   0000000180066b30     untitled_sfun_registry.obj
 0003:00009b40       $SG32174                   0000000180066b40     untitled_sfun_registry.obj
 0003:00009bd0       $SG32178                   0000000180066bd0     untitled_sfun_registry.obj
 0003:00009be0       $SG32179                   0000000180066be0     untitled_sfun_registry.obj
 0003:00009c70       $SG32183                   0000000180066c70     untitled_sfun_registry.obj
 0003:00009c80       $SG32184                   0000000180066c80     untitled_sfun_registry.obj
 0003:00009d10       $SG32189                   0000000180066d10     untitled_sfun_registry.obj
 0003:00009d20       $SG32190                   0000000180066d20     untitled_sfun_registry.obj
 0003:00009db0       $SG32194                   0000000180066db0     untitled_sfun_registry.obj
 0003:00009e30       $SG32224                   0000000180066e30     untitled_sfun_registry.obj
 0003:00009f48       $SG32246                   0000000180066f48     untitled_sfun_registry.obj
 0003:00009f58       $SG32258                   0000000180066f58     untitled_sfun_registry.obj
 0003:00009f68       $SG32268                   0000000180066f68     untitled_sfun_registry.obj
 0003:00009f78       $SG32280                   0000000180066f78     untitled_sfun_registry.obj
 0003:00009f88       $SG32290                   0000000180066f88     untitled_sfun_registry.obj
 0003:00009f98       $SG32300                   0000000180066f98     untitled_sfun_registry.obj
 0003:00009fb8       $SG14929                   0000000180066fb8     cs_load_ri.obj
 0003:00009fc8       $SG14930                   0000000180066fc8     cs_load_ci.obj
 0003:00009fe0       $SG14954                   0000000180066fe0     cs_print_ri.obj
 0003:00009fe8       $SG14955                   0000000180066fe8     cs_print_ri.obj
 0003:0000a018       $SG14956                   0000000180067018     cs_print_ri.obj
 0003:0000a024       $SG14963                   0000000180067024     cs_print_ri.obj
 0003:0000a028       $SG14957                   0000000180067028     cs_print_ri.obj
 0003:0000a04c       $SG14968                   000000018006704c     cs_print_ri.obj
 0003:0000a050       $SG14960                   0000000180067050     cs_print_ri.obj
 0003:0000a07c       $SG14965                   000000018006707c     cs_print_ri.obj
 0003:0000a088       $SG14961                   0000000180067088     cs_print_ri.obj
 0003:0000a0ac       $SG14970                   00000001800670ac     cs_print_ri.obj
 0003:0000a0b8       $SG14962                   00000001800670b8     cs_print_ri.obj
 0003:0000a0c8       $SG14966                   00000001800670c8     cs_print_ri.obj
 0003:0000a0f0       $SG14967                   00000001800670f0     cs_print_ri.obj
 0003:0000a100       $SG14954                   0000000180067100     cs_print_ci.obj
 0003:0000a108       $SG14955                   0000000180067108     cs_print_ci.obj
 0003:0000a138       $SG14956                   0000000180067138     cs_print_ci.obj
 0003:0000a148       $SG14957                   0000000180067148     cs_print_ci.obj
 0003:0000a170       $SG14960                   0000000180067170     cs_print_ci.obj
 0003:0000a19c       $SG14965                   000000018006719c     cs_print_ci.obj
 0003:0000a1a8       $SG14961                   00000001800671a8     cs_print_ci.obj
 0003:0000a1cc       $SG14970                   00000001800671cc     cs_print_ci.obj
 0003:0000a1d8       $SG14962                   00000001800671d8     cs_print_ci.obj
 0003:0000a1e8       $SG14963                   00000001800671e8     cs_print_ci.obj
 0003:0000a1f8       $SG14966                   00000001800671f8     cs_print_ci.obj
 0003:0000a220       $SG14967                   0000000180067220     cs_print_ci.obj
 0003:0000a230       $SG14968                   0000000180067230     cs_print_ci.obj
 0003:0000a290       sRtwOptimizationInfoStruct 0000000180067290     untitled_sfun.obj
 0003:0000a298       sOptimizationInfoFlags     0000000180067298     untitled_sfun.obj
 0003:0000a2a0       _sfTime_                   00000001800672a0     c2_untitled.obj
 0003:0000a2a8       $SG31563                   00000001800672a8     c2_untitled.obj
 0003:0000a2a9       $SG32631                   00000001800672a9     c2_untitled.obj
 0003:0000a2aa       $SG39277                   00000001800672aa     c2_untitled.obj
 0003:0000a2ab       $SG39278                   00000001800672ab     c2_untitled.obj
 0003:0000a2ac       $SG39412                   00000001800672ac     c2_untitled.obj
 0003:0000a2b0       ?newstr@?1??sf_c2_untitled_get_post_codegen_info@@9@9 00000001800672b0     c2_untitled.obj
 0003:0000a758       sfGlobalMdlStartCallCounts 0000000180067758     untitled_sfun_registry.obj
 0003:0000a75c       $SG31713                   000000018006775c     untitled_sfun_registry.obj
 0003:0000a760       GS_ExceptionRecord         0000000180067760     MSVCRT:gs_report.obj
 0003:0000a800       GS_ContextRecord           0000000180067800     MSVCRT:gs_report.obj
 0003:0000acd0       ?__proc_attached@@3HA      0000000180067cd0     MSVCRT:dll_dllmain.obj
 0003:0000ad10       ?is_initialized_as_dll@@3_NA 0000000180067d10     MSVCRT:utility.obj
 0003:0000ad11       ?module_local_atexit_table_initialized@@3_NA 0000000180067d11     MSVCRT:utility.obj
 0003:0000ad18       ?module_local_atexit_table@@3U_onexit_table_t@@A 0000000180067d18     MSVCRT:utility.obj
 0003:0000ad30       ?module_local_at_quick_exit_table@@3U_onexit_table_t@@A 0000000180067d30     MSVCRT:utility.obj
