 PID_Cdelta_U_sfun

 Timestamp is 669f52e7 (Tue Jul 23 14:51:19 2024)

 Preferred load address is 0000000180000000

 Start         Length     Name                   Class
 0001:00000000 00058550H .text$mn                CODE
 0001:00058550 00000036H .text$mn$00             CODE
 0001:00058586 00000092H .text$x                 CODE
 0002:00000000 00000578H .idata$5                DATA
 0002:00000578 00000028H .00cfg                  DATA
 0002:000005a0 00000008H .CRT$XCA                DATA
 0002:000005a8 00000008H .CRT$XCZ                DATA
 0002:000005b0 00000008H .CRT$XIA                DATA
 0002:000005b8 00000008H .CRT$XIZ                DATA
 0002:000005c0 00000008H .CRT$XPA                DATA
 0002:000005c8 00000008H .CRT$XPZ                DATA
 0002:000005d0 00000008H .CRT$XTA                DATA
 0002:000005d8 00000008H .CRT$XTZ                DATA
 0002:000005e0 00000000H .gehcont$y              DATA
 0002:000005e0 00000000H .gfids$y                DATA
 0002:000005e0 00000420H .rdata                  DATA
 0002:00000a00 00000008H .rdata$CastGuardVftablesA DATA
 0002:00000a08 00000008H .rdata$CastGuardVftablesC DATA
 0002:00000a10 000001f0H .rdata$voltmd           DATA
 0002:00000c00 00000278H .rdata$zzzdbg           DATA
 0002:00000e78 00000008H .rtc$IAA                DATA
 0002:00000e80 00000008H .rtc$IZZ                DATA
 0002:00000e88 00000008H .rtc$TAA                DATA
 0002:00000e90 00000008H .rtc$TZZ                DATA
 0002:00000e98 00001278H .xdata                  DATA
 0002:00002110 0000007cH .edata                  DATA
 0002:0000218c 00000140H .idata$2                DATA
 0002:000022cc 00000014H .idata$3                DATA
 0002:000022e0 00000578H .idata$4                DATA
 0002:00002858 00000e52H .idata$6                DATA
 0003:00000000 00009dc0H .data                   DATA
 0003:00009dc0 00000b08H .bss                    DATA
 0004:00000000 00001638H .pdata                  DATA

  Address         Publics by Value              Rva+Base               Lib:Object

 0000:00000000       __guard_fids_count         0000000000000000     <absolute>
 0000:00000000       ___safe_se_handler_table   0000000000000000     <absolute>
 0000:00000000       __guard_eh_cont_count      0000000000000000     <absolute>
 0000:00000000       __guard_fids_table         0000000000000000     <absolute>
 0000:00000000       __arm64x_native_entrypoint 0000000000000000     <absolute>
 0000:00000000       __guard_check_icall_a64n_fptr 0000000000000000     <absolute>
 0000:00000000       __x64_code_ranges_to_entry_points_count 0000000000000000     <absolute>
 0000:00000000       __AbsoluteZero             0000000000000000     <absolute>
 0000:00000000       ___safe_se_handler_count   0000000000000000     <absolute>
 0000:00000000       __arm64x_extra_rfe_table_size 0000000000000000     <absolute>
 0000:00000000       __hybrid_code_map          0000000000000000     <absolute>
 0000:00000000       __hybrid_auxiliary_iat_copy 0000000000000000     <absolute>
 0000:00000000       __arm64x_redirection_metadata_count 0000000000000000     <absolute>
 0000:00000000       __hybrid_auxiliary_iat     0000000000000000     <absolute>
 0000:00000000       __enclave_config           0000000000000000     <absolute>
 0000:00000000       __hybrid_code_map_count    0000000000000000     <absolute>
 0000:00000000       __arm64x_extra_rfe_table   0000000000000000     <absolute>
 0000:00000000       __dynamic_value_reloc_table 0000000000000000     <absolute>
 0000:00000000       __arm64x_redirection_metadata 0000000000000000     <absolute>
 0000:00000000       __guard_longjmp_count      0000000000000000     <absolute>
 0000:00000000       __guard_iat_count          0000000000000000     <absolute>
 0000:00000000       __guard_iat_table          0000000000000000     <absolute>
 0000:00000000       __guard_eh_cont_table      0000000000000000     <absolute>
 0000:00000000       __x64_code_ranges_to_entry_points 0000000000000000     <absolute>
 0000:00000000       __guard_longjmp_table      0000000000000000     <absolute>
 0000:00000100       __guard_flags              0000000000000100     <absolute>
 0000:00000000       __ImageBase                0000000180000000     <linker-defined>
 0001:00000000       PID_Cdelta_U_initializer   0000000180001000 f   PID_Cdelta_U_sfun.obj
 0001:00000010       PID_Cdelta_U_terminator    0000000180001010 f   PID_Cdelta_U_sfun.obj
 0001:00000020       load_PID_Cdelta_U_optimization_info 0000000180001020 f   PID_Cdelta_U_sfun.obj
 0001:000000d0       unload_PID_Cdelta_U_optimization_info 00000001800010d0 f   PID_Cdelta_U_sfun.obj
 0001:00000100       sf_PID_Cdelta_U_method_dispatcher 0000000180001100 f   PID_Cdelta_U_sfun.obj
 0001:00000150       sf_PID_Cdelta_U_process_check_sum_call 0000000180001150 f   PID_Cdelta_U_sfun.obj
 0001:00000640       sf_PID_Cdelta_U_get_eml_resolved_functions_info 0000000180001640 f   PID_Cdelta_U_sfun.obj
 0001:00000820       sf_PID_Cdelta_U_third_party_uses_info 0000000180001820 f   PID_Cdelta_U_sfun.obj
 0001:000009f0       sf_PID_Cdelta_U_jit_fallback_info 00000001800019f0 f   PID_Cdelta_U_sfun.obj
 0001:00000bc0       sf_PID_Cdelta_U_get_post_codegen_info 0000000180001bc0 f   PID_Cdelta_U_sfun.obj
 0001:00000da0       sf_PID_Cdelta_U_updateBuildInfo_args_info 0000000180001da0 f   PID_Cdelta_U_sfun.obj
 0001:00000f70       PID_Cdelta_U_register_exported_symbols 0000000180001f70 f   PID_Cdelta_U_sfun.obj
 0001:00000f80       sf_c12_PID_Cdelta_U_get_eml_resolved_functions_info 0000000180001f80 f   c12_PID_Cdelta_U.obj
 0001:00001020       sf_c12_PID_Cdelta_U_get_check_sum 0000000180002020 f   c12_PID_Cdelta_U.obj
 0001:000010f0       c12_PID_Cdelta_U_method_dispatcher 00000001800020f0 f   c12_PID_Cdelta_U.obj
 0001:000328a0       sf_c12_PID_Cdelta_U_third_party_uses_info 00000001800338a0 f   c12_PID_Cdelta_U.obj
 0001:00032910       sf_c12_PID_Cdelta_U_jit_fallback_info 0000000180033910 f   c12_PID_Cdelta_U.obj
 0001:00032aa0       sf_c12_PID_Cdelta_U_updateBuildInfo_args_info 0000000180033aa0 f   c12_PID_Cdelta_U.obj
 0001:00032e00       sf_c12_PID_Cdelta_U_get_post_codegen_info 0000000180033e00 f   c12_PID_Cdelta_U.obj
 0001:00033340       mexFunction                0000000180034340 f   PID_Cdelta_U_sfun_registry.obj
 0001:000358e0       _ssSetInputPortDirectFeedThroughFcn 00000001800368e0 f   PID_Cdelta_U_sfun_registry.obj
 0001:00035a50       _ssSetRWorkValueFcn        0000000180036a50 f   PID_Cdelta_U_sfun_registry.obj
 0001:00035ad0       _ssGetRWorkValueFcn        0000000180036ad0 f   PID_Cdelta_U_sfun_registry.obj
 0001:00035b40       _ssSetIWorkValueFcn        0000000180036b40 f   PID_Cdelta_U_sfun_registry.obj
 0001:00035bc0       _ssGetIWorkValueFcn        0000000180036bc0 f   PID_Cdelta_U_sfun_registry.obj
 0001:00035c30       _ssSetPWorkValueFcn        0000000180036c30 f   PID_Cdelta_U_sfun_registry.obj
 0001:00035cb0       _ssGetPWorkValueFcn        0000000180036cb0 f   PID_Cdelta_U_sfun_registry.obj
 0001:00035d20       _ssGetInputPortSignalFcn   0000000180036d20 f   PID_Cdelta_U_sfun_registry.obj
 0001:000360b0       _ssGetInputPortBufferDstPortFcn 00000001800370b0 f   PID_Cdelta_U_sfun_registry.obj
 0001:00036130       _ssGetInputPortSignalPtrsFcn 0000000180037130 f   PID_Cdelta_U_sfun_registry.obj
 0001:000364c0       ssGetParameterTuningCompliance 00000001800374c0 f   PID_Cdelta_U_sfun_registry.obj
 0001:00036530       ssGetDTypeIdFromMxArray    0000000180037530 f   PID_Cdelta_U_sfun_registry.obj
 0001:00036650       ssWriteRTWMx2dMatParam     0000000180037650 f   PID_Cdelta_U_sfun_registry.obj
 0001:000366e0       ssWriteRTWMxVectParam      00000001800376e0 f   PID_Cdelta_U_sfun_registry.obj
 0001:00036760       ssWriteRTWParameters       0000000180037760 f   PID_Cdelta_U_sfun_registry.obj
 0001:00036d20       ssWriteRTWParamSettings    0000000180037d20 f   PID_Cdelta_U_sfun_registry.obj
 0001:00037410       ssWriteRTWStr              0000000180038410 f   PID_Cdelta_U_sfun_registry.obj
 0001:00037470       ssWriteRTWWorkVect         0000000180038470 f   PID_Cdelta_U_sfun_registry.obj
 0001:000379d0       ssWarning                  00000001800389d0 f   PID_Cdelta_U_sfun_registry.obj
 0001:00037ac0       ssWriteRTWNameValuePair    0000000180038ac0 f   PID_Cdelta_U_sfun_registry.obj
 0001:00037fc0       _ssSetInputPortMatrixDimensions 0000000180038fc0 f   PID_Cdelta_U_sfun_registry.obj
 0001:000380e0       _ssSetOutputPortMatrixDimensions 00000001800390e0 f   PID_Cdelta_U_sfun_registry.obj
 0001:00038200       _ssSetInputPortVectorDimension 0000000180039200 f   PID_Cdelta_U_sfun_registry.obj
 0001:000382b0       _ssSetOutputPortVectorDimension 00000001800392b0 f   PID_Cdelta_U_sfun_registry.obj
 0001:00038360       ssIsRunTimeParamTunable    0000000180039360 f   PID_Cdelta_U_sfun_registry.obj
 0001:000383d0       ssGetSFuncBlockHandle      00000001800393d0 f   PID_Cdelta_U_sfun_registry.obj
 0001:00038440       _ssGetCurrentInputPortWidth 0000000180039440 f   PID_Cdelta_U_sfun_registry.obj
 0001:00038560       _ssGetCurrentOutputPortWidth 0000000180039560 f   PID_Cdelta_U_sfun_registry.obj
 0001:00038680       _ssGetCallSystemNumFcnCallDestinations 0000000180039680 f   PID_Cdelta_U_sfun_registry.obj
 0001:000386f0       ssGetIsZeroCrossControlDisabled 00000001800396f0 f   PID_Cdelta_U_sfun_registry.obj
 0001:00038760       ssSetIsInputPortUsedForContZcSignal 0000000180039760 f   PID_Cdelta_U_sfun_registry.obj
 0001:000387d0       ssSetZcSignalIsZcElementDisc 00000001800397d0 f   PID_Cdelta_U_sfun_registry.obj
 0001:00038880       ssSetZcSignalName          0000000180039880 f   PID_Cdelta_U_sfun_registry.obj
 0001:000388f0       ssSetZcSignalWidth         00000001800398f0 f   PID_Cdelta_U_sfun_registry.obj
 0001:00038960       ssSetZcSignalZcEventType   0000000180039960 f   PID_Cdelta_U_sfun_registry.obj
 0001:000389d0       ssSetZcSignalType          00000001800399d0 f   PID_Cdelta_U_sfun_registry.obj
 0001:00038a40       ssSetZcSignalZcTol         0000000180039a40 f   PID_Cdelta_U_sfun_registry.obj
 0001:00038ab0       ssSetZcSignalNeedsEventNotification 0000000180039ab0 f   PID_Cdelta_U_sfun_registry.obj
 0001:00038b20       ssCreateAndAddZcSignalInfo 0000000180039b20 f   PID_Cdelta_U_sfun_registry.obj
 0001:00038b90       ssCloneAndAddZcSignalInfo  0000000180039b90 f   PID_Cdelta_U_sfun_registry.obj
 0001:00038c00       ssGetNumZcSignals          0000000180039c00 f   PID_Cdelta_U_sfun_registry.obj
 0001:00038c70       ssGetZcSignalVector        0000000180039c70 f   PID_Cdelta_U_sfun_registry.obj
 0001:00038ce0       ssGetZcSignalName          0000000180039ce0 f   PID_Cdelta_U_sfun_registry.obj
 0001:00038d50       ssGetZcSignalWidth         0000000180039d50 f   PID_Cdelta_U_sfun_registry.obj
 0001:00038dc0       ssGetZcSignalZcEventType   0000000180039dc0 f   PID_Cdelta_U_sfun_registry.obj
 0001:00038e30       ssGetZcSignalZcEvents      0000000180039e30 f   PID_Cdelta_U_sfun_registry.obj
 0001:00038ea0       ssGetZcSignalType          0000000180039ea0 f   PID_Cdelta_U_sfun_registry.obj
 0001:00038f10       ssGetZcSignalZcTol         0000000180039f10 f   PID_Cdelta_U_sfun_registry.obj
 0001:00038f90       ssGetZcSignalNeedsEventNotification 0000000180039f90 f   PID_Cdelta_U_sfun_registry.obj
 0001:00039000       ssGetZcSignalIsZcElementDisc 000000018003a000 f   PID_Cdelta_U_sfun_registry.obj
 0001:000390a0       ssGetIsInputPortElementContinuous 000000018003a0a0 f   PID_Cdelta_U_sfun_registry.obj
 0001:00039140       _ssGetAbsTol               000000018003a140 f   PID_Cdelta_U_sfun_registry.obj
 0001:000391b0       _ssSetStateAbsTol          000000018003a1b0 f   PID_Cdelta_U_sfun_registry.obj
 0001:00039290       _ssSetInputPortReusableFcn 000000018003a290 f   PID_Cdelta_U_sfun_registry.obj
 0001:00039390       _ssSetOutputPortReusableFcn 000000018003a390 f   PID_Cdelta_U_sfun_registry.obj
 0001:00039490       _ssSetSymbolicDimsSupport  000000018003a490 f   PID_Cdelta_U_sfun_registry.obj
 0001:00039500       _ssRegisterSymbolicDimsExpr 000000018003a500 f   PID_Cdelta_U_sfun_registry.obj
 0001:00039580       _ssRegisterSymbolicDims    000000018003a580 f   PID_Cdelta_U_sfun_registry.obj
 0001:00039620       _ssRegisterSymbolicDimsString 000000018003a620 f   PID_Cdelta_U_sfun_registry.obj
 0001:000396a0       _ssRegisterSymbolicDimsIntValue 000000018003a6a0 f   PID_Cdelta_U_sfun_registry.obj
 0001:00039710       _ssRegisterSymbolicDimsPlus 000000018003a710 f   PID_Cdelta_U_sfun_registry.obj
 0001:00039790       _ssRegisterSymbolicDimsMinus 000000018003a790 f   PID_Cdelta_U_sfun_registry.obj
 0001:00039810       _ssRegisterSymbolicDimsMultiply 000000018003a810 f   PID_Cdelta_U_sfun_registry.obj
 0001:00039890       _ssRegisterSymbolicDimsDivide 000000018003a890 f   PID_Cdelta_U_sfun_registry.obj
 0001:00039910       _ssGetNumSymbolicDims      000000018003a910 f   PID_Cdelta_U_sfun_registry.obj
 0001:00039980       _ssGetSymbolicDim          000000018003a980 f   PID_Cdelta_U_sfun_registry.obj
 0001:00039a00       _ssSetInputPortSymbolicDimsId 000000018003aa00 f   PID_Cdelta_U_sfun_registry.obj
 0001:00039a70       _ssGetCompInputPortSymbolicDimsId 000000018003aa70 f   PID_Cdelta_U_sfun_registry.obj
 0001:00039ae0       _ssSetCompInputPortSymbolicDimsId 000000018003aae0 f   PID_Cdelta_U_sfun_registry.obj
 0001:00039b50       _ssSetOutputPortSymbolicDimsId 000000018003ab50 f   PID_Cdelta_U_sfun_registry.obj
 0001:00039bc0       _ssGetCompOutputPortSymbolicDimsId 000000018003abc0 f   PID_Cdelta_U_sfun_registry.obj
 0001:00039c30       _ssSetCompOutputPortSymbolicDimsId 000000018003ac30 f   PID_Cdelta_U_sfun_registry.obj
 0001:00039ca0       _ssSetCompDWorkSymbolicDimsId 000000018003aca0 f   PID_Cdelta_U_sfun_registry.obj
 0001:00039d10       sf_process_check_sum_call  000000018003ad10 f   PID_Cdelta_U_sfun_registry.obj
 0001:00039d60       sf_process_get_third_party_uses_info_call 000000018003ad60 f   PID_Cdelta_U_sfun_registry.obj
 0001:00039f90       sf_process_get_jit_fallback_info_call 000000018003af90 f   PID_Cdelta_U_sfun_registry.obj
 0001:0003a1c0       sf_process_get_post_codegen_info_call 000000018003b1c0 f   PID_Cdelta_U_sfun_registry.obj
 0001:0003a3f0       sf_process_get_updateBuildInfo_args_info_call 000000018003b3f0 f   PID_Cdelta_U_sfun_registry.obj
 0001:0003a620       sf_process_get_eml_resolved_functions_info_call 000000018003b620 f   PID_Cdelta_U_sfun_registry.obj
 0001:0003a850       sf_mex_unlock_call         000000018003b850 f   PID_Cdelta_U_sfun_registry.obj
 0001:0003aa70       sf_machine_global_initializer_called 000000018003ba70 f   PID_Cdelta_U_sfun_registry.obj
 0001:0003aaa0       sf_machine_global_method_dispatcher 000000018003baa0 f   PID_Cdelta_U_sfun_registry.obj
 0001:0003ab00       sf_machine_global_terminator 000000018003bb00 f   PID_Cdelta_U_sfun_registry.obj
 0001:0003ab30       sf_register_machine_exported_symbols 000000018003bb30 f   PID_Cdelta_U_sfun_registry.obj
 0001:0003ab50       callCustomFcn              000000018003bb50 f   PID_Cdelta_U_sfun_registry.obj
 0001:0003ab60       sf_machine_global_initializer 000000018003bb60 f   PID_Cdelta_U_sfun_registry.obj
 0001:0003abd0       mdlGetSimState             000000018003bbd0 f   PID_Cdelta_U_sfun_registry.obj
 0001:0003ac10       mdlSetSimState             000000018003bc10 f   PID_Cdelta_U_sfun_registry.obj
 0001:0003b480       ProcessMexSfunctionEveryCall 000000018003c480 f   PID_Cdelta_U_sfun_registry.obj
 0001:0003c590       __local_stdio_printf_options 000000018003d590 f i PID_Cdelta_U_sfun_registry.obj
 0001:0003c5a0       _vsnprintf_l               000000018003d5a0 f i PID_Cdelta_U_sfun_registry.obj
 0001:0003c620       _vsprintf_l                000000018003d620 f i PID_Cdelta_U_sfun_registry.obj
 0001:0003c670       sprintf                    000000018003d670 f i PID_Cdelta_U_sfun_registry.obj
 0001:0003c6c0       mexfilerequiredapiversion  000000018003d6c0 f   c_mexapi_version.obj
 0001:0003c6f0       cs_di_add                  000000018003d6f0 f   cs_add_ri.obj
 0001:0003caa0       cs_ci_add                  000000018003daa0 f   cs_add_ci.obj
 0001:0003cea0       cs_di_amd                  000000018003dea0 f   cs_amd_ri.obj
 0001:0003eb90       cs_ci_amd                  000000018003fb90 f   cs_amd_ci.obj
 0001:000408b0       cs_di_chol                 00000001800418b0 f   cs_chol_ri.obj
 0001:00040f40       cs_ci_chol                 0000000180041f40 f   cs_chol_ci.obj
 0001:000418b0       cs_di_cholsol              00000001800428b0 f   cs_cholsol_ri.obj
 0001:000419f0       cs_ci_cholsol              00000001800429f0 f   cs_cholsol_ci.obj
 0001:00041b30       cs_di_counts               0000000180042b30 f   cs_counts_ri.obj
 0001:000422a0       cs_ci_counts               00000001800432a0 f   cs_counts_ci.obj
 0001:00042a10       cs_di_cumsum               0000000180043a10 f   cs_cumsum_ri.obj
 0001:00042af0       cs_ci_cumsum               0000000180043af0 f   cs_cumsum_ci.obj
 0001:00042bd0       cs_di_dfs                  0000000180043bd0 f   cs_dfs_ri.obj
 0001:00042e50       cs_ci_dfs                  0000000180043e50 f   cs_dfs_ci.obj
 0001:000430d0       cs_di_dmperm               00000001800440d0 f   cs_dmperm_ri.obj
 0001:00043eb0       cs_ci_dmperm               0000000180044eb0 f   cs_dmperm_ci.obj
 0001:00044c90       cs_di_droptol              0000000180045c90 f   cs_droptol_ri.obj
 0001:00044d10       cs_ci_droptol              0000000180045d10 f   cs_droptol_ci.obj
 0001:00044da0       cs_di_dropzeros            0000000180045da0 f   cs_dropzeros_ri.obj
 0001:00044e20       cs_ci_dropzeros            0000000180045e20 f   cs_dropzeros_ci.obj
 0001:00044ed0       cs_di_dupl                 0000000180045ed0 f   cs_dupl_ri.obj
 0001:000450f0       cs_ci_dupl                 00000001800460f0 f   cs_dupl_ci.obj
 0001:000453a0       cs_di_entry                00000001800463a0 f   cs_entry_ri.obj
 0001:000454f0       cs_ci_entry                00000001800464f0 f   cs_entry_ci.obj
 0001:00045650       cs_di_etree                0000000180046650 f   cs_etree_ri.obj
 0001:000458f0       cs_ci_etree                00000001800468f0 f   cs_etree_ci.obj
 0001:00045b90       cs_di_fkeep                0000000180046b90 f   cs_fkeep_ri.obj
 0001:00045d50       cs_ci_fkeep                0000000180046d50 f   cs_fkeep_ci.obj
 0001:00045f60       cs_di_gaxpy                0000000180046f60 f   cs_gaxpy_ri.obj
 0001:000460a0       cs_ci_gaxpy                00000001800470a0 f   cs_gaxpy_ci.obj
 0001:00046290       cs_di_happly               0000000180047290 f   cs_happly_ri.obj
 0001:00046430       cs_ci_happly               0000000180047430 f   cs_happly_ci.obj
 0001:000467d0       cs_di_house                00000001800477d0 f   cs_house_ri.obj
 0001:000469c0       cs_ci_house                00000001800479c0 f   cs_house_ci.obj
 0001:00046f70       cs_di_ipvec                0000000180047f70 f   cs_ipvec_ri.obj
 0001:00047010       cs_ci_ipvec                0000000180048010 f   cs_ipvec_ci.obj
 0001:000470c0       cs_di_load                 00000001800480c0 f   cs_load_ri.obj
 0001:00047170       __local_stdio_scanf_options 0000000180048170 f i cs_load_ri.obj
 0001:00047180       _vfscanf_l                 0000000180048180 f i cs_load_ri.obj
 0001:000471d0       fscanf                     00000001800481d0 f i cs_load_ri.obj
 0001:00047220       cs_ci_load                 0000000180048220 f   cs_load_ci.obj
 0001:00047310       cs_di_lsolve               0000000180048310 f   cs_lsolve_ri.obj
 0001:00047480       cs_ci_lsolve               0000000180048480 f   cs_lsolve_ci.obj
 0001:000476f0       cs_di_ltsolve              00000001800486f0 f   cs_ltsolve_ri.obj
 0001:00047850       cs_ci_ltsolve              0000000180048850 f   cs_ltsolve_ci.obj
 0001:00047b00       cs_di_lu                   0000000180048b00 f   cs_lu_ri.obj
 0001:00048310       cs_ci_lu                   0000000180049310 f   cs_lu_ci.obj
 0001:00048c40       cs_di_lusol                0000000180049c40 f   cs_lusol_ri.obj
 0001:00048d90       cs_ci_lusol                0000000180049d90 f   cs_lusol_ci.obj
 0001:00048ee0       cs_di_calloc               0000000180049ee0 f   cs_malloc_ri.obj
 0001:00048f30       cs_di_free                 0000000180049f30 f   cs_malloc_ri.obj
 0001:00048f60       cs_di_realloc              0000000180049f60 f   cs_malloc_ri.obj
 0001:00049010       cs_di_malloc               000000018004a010 f   cs_malloc_ri.obj
 0001:00049050       cs_ci_calloc               000000018004a050 f   cs_malloc_ci.obj
 0001:000490a0       cs_ci_free                 000000018004a0a0 f   cs_malloc_ci.obj
 0001:000490d0       cs_ci_realloc              000000018004a0d0 f   cs_malloc_ci.obj
 0001:00049180       cs_ci_malloc               000000018004a180 f   cs_malloc_ci.obj
 0001:000491c0       cs_di_maxtrans             000000018004a1c0 f   cs_maxtrans_ri.obj
 0001:00049bc0       cs_ci_maxtrans             000000018004abc0 f   cs_maxtrans_ci.obj
 0001:0004a5c0       cs_di_multiply             000000018004b5c0 f   cs_multiply_ri.obj
 0001:0004a9f0       cs_ci_multiply             000000018004b9f0 f   cs_multiply_ci.obj
 0001:0004ae60       cs_di_norm                 000000018004be60 f   cs_norm_ri.obj
 0001:0004afa0       cs_ci_norm                 000000018004bfa0 f   cs_norm_ci.obj
 0001:0004b100       cs_di_permute              000000018004c100 f   cs_permute_ri.obj
 0001:0004b390       cs_ci_permute              000000018004c390 f   cs_permute_ci.obj
 0001:0004b630       cs_di_pinv                 000000018004c630 f   cs_pinv_ri.obj
 0001:0004b6b0       cs_ci_pinv                 000000018004c6b0 f   cs_pinv_ci.obj
 0001:0004b730       cs_di_post                 000000018004c730 f   cs_post_ri.obj
 0001:0004b900       cs_ci_post                 000000018004c900 f   cs_post_ci.obj
 0001:0004bad0       cs_di_print                000000018004cad0 f   cs_print_ri.obj
 0001:0004be90       cs_ci_print                000000018004ce90 f   cs_print_ci.obj
 0001:0004c360       cs_di_pvec                 000000018004d360 f   cs_pvec_ri.obj
 0001:0004c400       cs_ci_pvec                 000000018004d400 f   cs_pvec_ci.obj
 0001:0004c4b0       cs_di_qr                   000000018004d4b0 f   cs_qr_ri.obj
 0001:0004cce0       cs_ci_qr                   000000018004dce0 f   cs_qr_ci.obj
 0001:0004d5e0       cs_di_qrsol                000000018004e5e0 f   cs_qrsol_ri.obj
 0001:0004d920       cs_ci_qrsol                000000018004e920 f   cs_qrsol_ci.obj
 0001:0004dc60       cs_di_scatter              000000018004ec60 f   cs_scatter_ri.obj
 0001:0004de30       cs_ci_scatter              000000018004ee30 f   cs_scatter_ci.obj
 0001:0004e0f0       cs_di_scc                  000000018004f0f0 f   cs_scc_ri.obj
 0001:0004e520       cs_ci_scc                  000000018004f520 f   cs_scc_ci.obj
 0001:0004e950       cs_di_schol                000000018004f950 f   cs_schol_ri.obj
 0001:0004eb10       cs_ci_schol                000000018004fb10 f   cs_schol_ci.obj
 0001:0004ecd0       cs_di_sqr                  000000018004fcd0 f   cs_sqr_ri.obj
 0001:0004f4e0       cs_ci_sqr                  00000001800504e0 f   cs_sqr_ci.obj
 0001:0004fcf0       cs_di_symperm              0000000180050cf0 f   cs_symperm_ri.obj
 0001:00050170       cs_ci_symperm              0000000180051170 f   cs_symperm_ci.obj
 0001:00050630       cs_di_tdfs                 0000000180051630 f   cs_tdfs_ri.obj
 0001:00050730       cs_ci_tdfs                 0000000180051730 f   cs_tdfs_ci.obj
 0001:00050830       cs_di_transpose            0000000180051830 f   cs_transpose_ri.obj
 0001:00050b20       cs_ci_transpose            0000000180051b20 f   cs_transpose_ci.obj
 0001:00050e50       cs_di_compress             0000000180051e50 f   cs_compress_ri.obj
 0001:000510c0       cs_ci_compress             00000001800520c0 f   cs_compress_ci.obj
 0001:00051340       cs_di_updown               0000000180052340 f   cs_updown_ri.obj
 0001:00051960       cs_ci_updown               0000000180052960 f   cs_updown_ci.obj
 0001:00052520       cs_di_usolve               0000000180053520 f   cs_usolve_ri.obj
 0001:00052690       cs_ci_usolve               0000000180053690 f   cs_usolve_ci.obj
 0001:00052900       cs_di_utsolve              0000000180053900 f   cs_utsolve_ri.obj
 0001:00052a70       cs_ci_utsolve              0000000180053a70 f   cs_utsolve_ci.obj
 0001:00052d30       cs_di_spalloc              0000000180053d30 f   cs_util_ri.obj
 0001:00052eb0       cs_di_spfree               0000000180053eb0 f   cs_util_ri.obj
 0001:00052f10       cs_di_sprealloc            0000000180053f10 f   cs_util_ri.obj
 0001:00053090       cs_di_sfree                0000000180054090 f   cs_util_ri.obj
 0001:00053100       cs_di_nfree                0000000180054100 f   cs_util_ri.obj
 0001:00053170       cs_di_dfree                0000000180054170 f   cs_util_ri.obj
 0001:000531e0       cs_di_dalloc               00000001800541e0 f   cs_util_ri.obj
 0001:000532d0       cs_di_done                 00000001800542d0 f   cs_util_ri.obj
 0001:00053330       cs_di_idone                0000000180054330 f   cs_util_ri.obj
 0001:00053390       cs_di_ndone                0000000180054390 f   cs_util_ri.obj
 0001:00053400       cs_di_ddone                0000000180054400 f   cs_util_ri.obj
 0001:00053460       cs_ci_spalloc              0000000180054460 f   cs_util_ci.obj
 0001:000535e0       cs_ci_spfree               00000001800545e0 f   cs_util_ci.obj
 0001:00053640       cs_ci_sprealloc            0000000180054640 f   cs_util_ci.obj
 0001:000537c0       cs_ci_sfree                00000001800547c0 f   cs_util_ci.obj
 0001:00053830       cs_ci_nfree                0000000180054830 f   cs_util_ci.obj
 0001:000538a0       cs_ci_dfree                00000001800548a0 f   cs_util_ci.obj
 0001:00053910       cs_ci_dalloc               0000000180054910 f   cs_util_ci.obj
 0001:00053a00       cs_ci_done                 0000000180054a00 f   cs_util_ci.obj
 0001:00053a60       cs_ci_idone                0000000180054a60 f   cs_util_ci.obj
 0001:00053ac0       cs_ci_ndone                0000000180054ac0 f   cs_util_ci.obj
 0001:00053b30       cs_ci_ddone                0000000180054b30 f   cs_util_ci.obj
 0001:00053b90       cs_di_reach                0000000180054b90 f   cs_reach_ri.obj
 0001:00053d30       cs_ci_reach                0000000180054d30 f   cs_reach_ci.obj
 0001:00053ed0       cs_di_spsolve              0000000180054ed0 f   cs_spsolve_ri.obj
 0001:00054280       cs_ci_spsolve              0000000180055280 f   cs_spsolve_ci.obj
 0001:00054750       cs_di_ereach               0000000180055750 f   cs_ereach_ri.obj
 0001:00054960       cs_ci_ereach               0000000180055960 f   cs_ereach_ci.obj
 0001:00054b70       cs_di_leaf                 0000000180055b70 f   cs_leaf_ri.obj
 0001:00054ce0       cs_ci_leaf                 0000000180055ce0 f   cs_leaf_ci.obj
 0001:00054e50       cs_di_randperm             0000000180055e50 f   cs_randperm_ri.obj
 0001:00054f70       cs_ci_randperm             0000000180055f70 f   cs_randperm_ci.obj
 0001:00055090       cs_di_divcc                0000000180056090 f   cs_operator_ri.obj
 0001:000550b0       cs_di_mulcc                00000001800560b0 f   cs_operator_ri.obj
 0001:000550d0       cs_di_subcc                00000001800560d0 f   cs_operator_ri.obj
 0001:000550f0       cs_di_pluscc               00000001800560f0 f   cs_operator_ri.obj
 0001:00055110       cs_di_equalcc              0000000180056110 f   cs_operator_ri.obj
 0001:00055150       cs_di_createFromDouble     0000000180056150 f   cs_operator_ri.obj
 0001:00055170       cs_di_sqrt                 0000000180056170 f   cs_operator_ri.obj
 0001:00055190       cs_di_flipSign             0000000180056190 f   cs_operator_ri.obj
 0001:000551b0       cs_di_muldc                00000001800561b0 f   cs_operator_ri.obj
 0001:000551d0       cs_ci_divcc                00000001800561d0 f   cs_operator_ci.obj
 0001:00055670       cs_ci_mulcc                0000000180056670 f   cs_operator_ci.obj
 0001:00055880       cs_ci_subcc                0000000180056880 f   cs_operator_ci.obj
 0001:00055990       cs_ci_pluscc               0000000180056990 f   cs_operator_ci.obj
 0001:00055aa0       cs_ci_equalcc              0000000180056aa0 f   cs_operator_ci.obj
 0001:00055b90       cs_ci_createFromDouble     0000000180056b90 f   cs_operator_ci.obj
 0001:00055be0       cs_ci_sqrt                 0000000180056be0 f   cs_operator_ci.obj
 0001:00055c50       cs_ci_flipSign             0000000180056c50 f   cs_operator_ci.obj
 0001:00055d00       cs_ci_muldc                0000000180056d00 f   cs_operator_ci.obj
 0001:00055d50       solve_from_lu_di           0000000180056d50 f   solve_from_lu.obj
 0001:00055e00       solve_from_lu_ci           0000000180056e00 f   solve_from_lu.obj
 0001:00055ea0       solve_from_qr_di           0000000180056ea0 f   solve_from_qr.obj
 0001:00056040       qr_rank_di                 0000000180057040 f   solve_from_qr.obj
 0001:00056290       solve_from_qr_ci           0000000180057290 f   solve_from_qr.obj
 0001:00056430       qr_rank_ci                 0000000180057430 f   solve_from_qr.obj
 0001:000566b0       makeCXSparseMatrix         00000001800576b0 f   makeCXSparseMatrix.obj
 0001:000567c0       makeComplexCXSparseMatrix  00000001800577c0 f   makeCXSparseMatrix.obj
 0001:000568d0       unpackCXSparse_ci          00000001800578d0 f   unpackCXStruct.obj
 0001:00056aa0       getNZmax_ci                0000000180057aa0 f   unpackCXStruct.obj
 0001:00056ac0       getNNZ_ci                  0000000180057ac0 f   unpackCXStruct.obj
 0001:00056af0       getM_ci                    0000000180057af0 f   unpackCXStruct.obj
 0001:00056b10       getN_ci                    0000000180057b10 f   unpackCXStruct.obj
 0001:00056b30       getCholPointer_ci          0000000180057b30 f   unpackCXStruct.obj
 0001:00056b50       unpackCXSparse_di          0000000180057b50 f   unpackCXStruct.obj
 0001:00056c80       getNZmax_di                0000000180057c80 f   unpackCXStruct.obj
 0001:00056ca0       getNNZ_di                  0000000180057ca0 f   unpackCXStruct.obj
 0001:00056cd0       getM_di                    0000000180057cd0 f   unpackCXStruct.obj
 0001:00056cf0       getN_di                    0000000180057cf0 f   unpackCXStruct.obj
 0001:00056d10       getCholPointer_di          0000000180057d10 f   unpackCXStruct.obj
 0001:00056d1e       ddot                       0000000180057d1e f   libmwblas:libmwblas.dll
 0001:00056d24       dgemm                      0000000180057d24 f   libmwblas:libmwblas.dll
 0001:00056d2a       sf_load_rtw_optimization_info 0000000180057d2a f   sf_runtime:sf_runtime.dll
 0001:00056d30       sf_mex_decode              0000000180057d30 f   sf_runtime:sf_runtime.dll
 0001:00056d36       sf_init_ChartRunTimeInfo   0000000180057d36 f   sf_runtime:sf_runtime.dll
 0001:00056d3c       sf_free_ChartRunTimeInfo   0000000180057d3c f   sf_runtime:sf_runtime.dll
 0001:00056d42       sfrtGetEmlrtCtx            0000000180057d42 f   sf_runtime:sf_runtime.dll
 0001:00056d48       sfrtGetCovrtInstance       0000000180057d48 f   sf_runtime:sf_runtime.dll
 0001:00056d4e       sf_get_chart_instance_ptr  0000000180057d4e f   sf_runtime:sf_runtime.dll
 0001:00056d54       sim_mode_is_rtw_gen        0000000180057d54 f   sf_runtime:sf_runtime.dll
 0001:00056d5a       sim_mode_is_external       0000000180057d5a f   sf_runtime:sf_runtime.dll
 0001:00056d60       sf_mex_listen_for_ctrl_c   0000000180057d60 f   sf_runtime:sf_runtime.dll
 0001:00056d66       sf_clear_rtw_identifier    0000000180057d66 f   sf_runtime:sf_runtime.dll
 0001:00056d6c       sf_get_time                0000000180057d6c f   sf_runtime:sf_runtime.dll
 0001:00056d72       sfDoAnimationWrapper       0000000180057d72 f   sf_runtime:sf_runtime.dll
 0001:00056d78       setDataBrowseFcn           0000000180057d78 f   sf_runtime:sf_runtime.dll
 0001:00056d7e       setLegacyDebuggerFlag      0000000180057d7e f   sf_runtime:sf_runtime.dll
 0001:00056d84       setDebuggerFlag            0000000180057d84 f   sf_runtime:sf_runtime.dll
 0001:00056d8a       sf_warn_if_symbolic_dimension_param_changed 0000000180057d8a f   sf_runtime:sf_runtime.dll
 0001:00056d90       sf_set_work_widths         0000000180057d90 f   sf_runtime:sf_runtime.dll
 0001:00056d96       sf_error_out_about_continuous_sample_time_with_persistent_vars 0000000180057d96 f   sf_runtime:sf_runtime.dll
 0001:00056d9c       sfListenerCacheSimStruct   0000000180057d9c f   sf_runtime:sf_runtime.dll
 0001:00056da2       sfListenerLightTerminate   0000000180057da2 f   sf_runtime:sf_runtime.dll
 0001:00056da8       sf_mex_call                0000000180057da8 f   sf_runtime:sf_runtime.dll
 0001:00056dae       sf_mex_error_message       0000000180057dae f   sf_runtime:sf_runtime.dll
 0001:00056db4       sf_mex_getfield            0000000180057db4 f   sf_runtime:sf_runtime.dll
 0001:00056dba       sf_mex_check_struct        0000000180057dba f   sf_runtime:sf_runtime.dll
 0001:00056dc0       sf_mex_create              0000000180057dc0 f   sf_runtime:sf_runtime.dll
 0001:00056dc6       sf_mex_createcellmatrix    0000000180057dc6 f   sf_runtime:sf_runtime.dll
 0001:00056dcc       sf_mex_setcell             0000000180057dcc f   sf_runtime:sf_runtime.dll
 0001:00056dd2       sf_mex_getcell             0000000180057dd2 f   sf_runtime:sf_runtime.dll
 0001:00056dd8       sf_mex_assign              0000000180057dd8 f   sf_runtime:sf_runtime.dll
 0001:00056dde       sf_mex_dup                 0000000180057dde f   sf_runtime:sf_runtime.dll
 0001:00056de4       sf_mex_destroy             0000000180057de4 f   sf_runtime:sf_runtime.dll
 0001:00056dea       sf_mex_import              0000000180057dea f   sf_runtime:sf_runtime.dll
 0001:00056df0       ssGetInputPortSignal_wrapper 0000000180057df0 f   sf_runtime:sf_runtime.dll
 0001:00056df6       ssGetOutputPortSignal_wrapper 0000000180057df6 f   sf_runtime:sf_runtime.dll
 0001:00056dfc       sf_get_ChartInfoStruct_CodeGen 0000000180057dfc f   sf_runtime:sf_runtime.dll
 0001:00056e02       sf_get_hasSeparateUpdateOutputs 0000000180057e02 f   sf_runtime:sf_runtime.dll
 0001:00056e08       callMdlMethodAndReportError 0000000180057e08 f   sf_runtime:sf_runtime.dll
 0001:00056e0e       call_sf_machine_global_method_dispatcher 0000000180057e0e f   sf_runtime:sf_runtime.dll
 0001:00056e14       getRuntimeInstanceInfoAsVoid 0000000180057e14 f   sf_runtime:sf_runtime.dll
 0001:00056e1a       sf_mex_error_direct_call   0000000180057e1a f   sf_runtime:sf_runtime.dll
 0001:00056e20       sf_clear_error_manager_info 0000000180057e20 f   sf_runtime:sf_runtime.dll
 0001:00056e26       mxIsChar_800               0000000180057e26 f   libmx:libmx.dll
 0001:00056e2c       mxGetScalar_800            0000000180057e2c f   libmx:libmx.dll
 0001:00056e32       mxGetPr_800                0000000180057e32 f   libmx:libmx.dll
 0001:00056e38       mxDestroyArray_800         0000000180057e38 f   libmx:libmx.dll
 0001:00056e3e       mxCreateDoubleMatrix_800   0000000180057e3e f   libmx:libmx.dll
 0001:00056e44       mxGetString_800            0000000180057e44 f   libmx:libmx.dll
 0001:00056e4a       mxDuplicateArray_800       0000000180057e4a f   libmx:libmx.dll
 0001:00056e50       mxIsEmpty_800              0000000180057e50 f   libmx:libmx.dll
 0001:00056e56       mxSetCell_800              0000000180057e56 f   libmx:libmx.dll
 0001:00056e5c       mxSetField_800             0000000180057e5c f   libmx:libmx.dll
 0001:00056e62       mxCreateString_800         0000000180057e62 f   libmx:libmx.dll
 0001:00056e68       mxCreateCellMatrix_800     0000000180057e68 f   libmx:libmx.dll
 0001:00056e6e       mxCreateStructMatrix_800   0000000180057e6e f   libmx:libmx.dll
 0001:00056e74       mxGetNaN_800               0000000180057e74 f   libmx:libmx.dll
 0001:00056e7a       mxCalloc_800               0000000180057e7a f   libmx:libmx.dll
 0001:00056e80       mxGetM_800                 0000000180057e80 f   libmx:libmx.dll
 0001:00056e86       mxGetClassID_800           0000000180057e86 f   libmx:libmx.dll
 0001:00056e8c       mxIsNumeric_800            0000000180057e8c f   libmx:libmx.dll
 0001:00056e92       mxIsComplex_800            0000000180057e92 f   libmx:libmx.dll
 0001:00056e98       mxGetN_800                 0000000180057e98 f   libmx:libmx.dll
 0001:00056e9e       mxCreateDoubleScalar_800   0000000180057e9e f   libmx:libmx.dll
 0001:00056ea4       mxMalloc_800               0000000180057ea4 f   libmx:libmx.dll
 0001:00056eaa       mxFree_800                 0000000180057eaa f   libmx:libmx.dll
 0001:00056eb0       mxRealloc_800              0000000180057eb0 f   libmx:libmx.dll
 0001:00056eb6       mexMakeArrayPersistent_800 0000000180057eb6 f   libmex:libmex.dll
 0001:00056ebc       mexErrMsgTxt_800           0000000180057ebc f   libmex:libmex.dll
 0001:00056ec2       mexWarnMsgTxt_800          0000000180057ec2 f   libmex:libmex.dll
 0001:00056ec8       mexCallMATLAB_800          0000000180057ec8 f   libmex:libmex.dll
 0001:00056ece       mexLock_800                0000000180057ece f   libmex:libmex.dll
 0001:00056ed4       mexUnlock_800              0000000180057ed4 f   libmex:libmex.dll
 0001:00056eda       mexIsLocked_800            0000000180057eda f   libmex:libmex.dll
 0001:00056ee0       mexPrintf_800              0000000180057ee0 f   libmex:libmex.dll
 0001:00056ee6       utMalloc                   0000000180057ee6 f   libut:libut.dll
 0001:00056eec       utFree                     0000000180057eec f   libut:libut.dll
 0001:00056ef2       muDoubleScalarAbs          0000000180057ef2 f   libmwmathutil:libmwmathutil.dll
 0001:00056ef8       muDoubleScalarFloor        0000000180057ef8 f   libmwmathutil:libmwmathutil.dll
 0001:00056efe       muDoubleScalarMax          0000000180057efe f   libmwmathutil:libmwmathutil.dll
 0001:00056f04       muDoubleScalarMin          0000000180057f04 f   libmwmathutil:libmwmathutil.dll
 0001:00056f0a       muDoubleScalarIsInf        0000000180057f0a f   libmwmathutil:libmwmathutil.dll
 0001:00056f10       emlrtDynamicBoundsCheckR2012b 0000000180057f10 f   libemlrt:libemlrt.dll
 0001:00056f16       emlrtSizeMulR2012b         0000000180057f16 f   libemlrt:libemlrt.dll
 0001:00056f1c       emlrtIntegerCheckR2012b    0000000180057f1c f   libemlrt:libemlrt.dll
 0001:00056f22       emlrtNonNegativeCheckR2012b 0000000180057f22 f   libemlrt:libemlrt.dll
 0001:00056f28       emlrtMallocMex             0000000180057f28 f   libemlrt:libemlrt.dll
 0001:00056f2e       emlrtCallocMex             0000000180057f2e f   libemlrt:libemlrt.dll
 0001:00056f34       emlrtFreeMex               0000000180057f34 f   libemlrt:libemlrt.dll
 0001:00056f3a       emlrtNameCaptureMxArrayR2016a 0000000180057f3a f   libemlrt:libemlrt.dll
 0001:00056f40       emlrtHeapAllocationErrorR2012b 0000000180057f40 f   libemlrt:libemlrt.dll
 0001:00056f46       covrtCreateStateflowInstanceData 0000000180057f46 f   libcovrt:libcovrt.dll
 0001:00056f4c       covrtDeleteStateflowInstanceData 0000000180057f4c f   libcovrt:libcovrt.dll
 0001:00056f52       covrtTransInitFcn          0000000180057f52 f   libcovrt:libcovrt.dll
 0001:00056f58       covrtStateInitFcn          0000000180057f58 f   libcovrt:libcovrt.dll
 0001:00056f5e       covrtChartInitFcn          0000000180057f5e f   libcovrt:libcovrt.dll
 0001:00056f64       covrtSigUpdateFcn          0000000180057f64 f   libcovrt:libcovrt.dll
 0001:00056f6a       covrtEmlInitFcn            0000000180057f6a f   libcovrt:libcovrt.dll
 0001:00056f70       covrtEmlFcnInitFcn         0000000180057f70 f   libcovrt:libcovrt.dll
 0001:00056f76       covrtEmlIfInitFcn          0000000180057f76 f   libcovrt:libcovrt.dll
 0001:00056f7c       covrtEmlMCDCInitFcn        0000000180057f7c f   libcovrt:libcovrt.dll
 0001:00056f82       covrtEmlFcnEval            0000000180057f82 f   libcovrt:libcovrt.dll
 0001:00056f88       covrtEmlIfEval             0000000180057f88 f   libcovrt:libcovrt.dll
 0001:00056f8e       covrtEmlCondEval           0000000180057f8e f   libcovrt:libcovrt.dll
 0001:00056f94       covrtEmlMcdcEval           0000000180057f94 f   libcovrt:libcovrt.dll
 0001:00056f9c       __raise_securityfailure    0000000180057f9c f   MSVCRT:gs_report.obj
 0001:00056fd0       __report_gsfailure         0000000180057fd0 f   MSVCRT:gs_report.obj
 0001:000570a4       __report_rangecheckfailure 00000001800580a4 f   MSVCRT:gs_report.obj
 0001:000570b8       __report_securityfailure   00000001800580b8 f   MSVCRT:gs_report.obj
 0001:00057154       __report_securityfailureEx 0000000180058154 f   MSVCRT:gs_report.obj
 0001:00057348       __GSHandlerCheck           0000000180058348 f   MSVCRT:gshandler.obj
 0001:00057368       __GSHandlerCheckCommon     0000000180058368 f   MSVCRT:gshandler.obj
 0001:000573e0       __security_check_cookie    00000001800583e0 f   MSVCRT:amdsecgs.obj
 0001:00057410       _alloca_probe              0000000180058410 f   MSVCRT:chkstk.obj
 0001:00057410       __chkstk                   0000000180058410 f   MSVCRT:chkstk.obj
 0001:0005779c       _CRT_INIT                  000000018005879c f   MSVCRT:dll_dllmain.obj
 0001:000577a4       _DllMainCRTStartup         00000001800587a4 f   MSVCRT:dll_dllmain.obj
 0001:00057850       __security_init_cookie     0000000180058850 f   MSVCRT:gs_support.obj
 0001:000578fc       DllMain                    00000001800588fc f   MSVCRT:dll_dllmain_stub.obj
 0001:00057920       ?__scrt_initialize_type_info@@YAXXZ 0000000180058920 f   MSVCRT:tncleanup.obj
 0001:00057930       ?__scrt_uninitialize_type_info@@YAXXZ 0000000180058930 f   MSVCRT:tncleanup.obj
 0001:0005793c       __scrt_initialize_default_local_stdio_options 000000018005893c f   MSVCRT:default_local_stdio_options.obj
 0001:00057958       ?configure_argv@__scrt_narrow_argv_policy@@SAHXZ 0000000180058958 f i MSVCRT:utility.obj
 0001:000579b8       ?initialize_environment@__scrt_narrow_environment_policy@@SAHXZ 00000001800589b8 f i MSVCRT:utility.obj
 0001:000579f0       NtCurrentTeb               00000001800589f0 f i MSVCRT:utility.obj
 0001:000579fc       __scrt_acquire_startup_lock 00000001800589fc f   MSVCRT:utility.obj
 0001:00057a38       __scrt_dllmain_after_initialize_c 0000000180058a38 f   MSVCRT:utility.obj
 0001:00057a6c       __scrt_dllmain_before_initialize_c 0000000180058a6c f   MSVCRT:utility.obj
 0001:00057a84       __scrt_dllmain_crt_thread_attach 0000000180058a84 f   MSVCRT:utility.obj
 0001:00057aac       __scrt_dllmain_crt_thread_detach 0000000180058aac f   MSVCRT:utility.obj
 0001:00057ac4       __scrt_dllmain_exception_filter 0000000180058ac4 f   MSVCRT:utility.obj
 0001:00057b24       __scrt_dllmain_uninitialize_c 0000000180058b24 f   MSVCRT:utility.obj
 0001:00057b54       __scrt_dllmain_uninitialize_critical 0000000180058b54 f   MSVCRT:utility.obj
 0001:00057b68       __scrt_initialize_crt      0000000180058b68 f   MSVCRT:utility.obj
 0001:00057bb4       __scrt_initialize_onexit_tables 0000000180058bb4 f   MSVCRT:utility.obj
 0001:00057c40       __scrt_is_nonwritable_in_current_image 0000000180058c40 f   MSVCRT:utility.obj
 0001:00057cd8       __scrt_release_startup_lock 0000000180058cd8 f   MSVCRT:utility.obj
 0001:00057cfc       __scrt_uninitialize_crt    0000000180058cfc f   MSVCRT:utility.obj
 0001:00057d28       _onexit                    0000000180058d28 f   MSVCRT:utility.obj
 0001:00057d64       at_quick_exit              0000000180058d64 f   MSVCRT:utility.obj
 0001:00057d84       atexit                     0000000180058d84 f   MSVCRT:utility.obj
 0001:00057d9c       __scrt_get_dyn_tls_init_callback 0000000180058d9c f   MSVCRT:dyn_tls_init.obj
 0001:00057da4       __crt_debugger_hook        0000000180058da4 f   MSVCRT:utility_desktop.obj
 0001:00057dac       __scrt_fastfail            0000000180058dac f   MSVCRT:utility_desktop.obj
 0001:00057ef8       __scrt_get_show_window_mode 0000000180058ef8 f   MSVCRT:utility_desktop.obj
 0001:00057f34       __scrt_initialize_mta      0000000180058f34 f   MSVCRT:utility_desktop.obj
 0001:00057f3c       __scrt_initialize_winrt    0000000180058f3c f   MSVCRT:utility_desktop.obj
 0001:00057f40       __scrt_is_managed_app      0000000180058f40 f   MSVCRT:utility_desktop.obj
 0001:00057f94       __scrt_set_unhandled_exception_filter 0000000180058f94 f   MSVCRT:utility_desktop.obj
 0001:00057fa4       __scrt_stub_for_initialize_mta 0000000180058fa4 f   MSVCRT:utility_desktop.obj
 0001:00057fa4       __scrt_exe_initialize_mta  0000000180058fa4 f   MSVCRT:utility_desktop.obj
 0001:00057fa8       __scrt_unhandled_exception_filter 0000000180058fa8 f   MSVCRT:utility_desktop.obj
 0001:00058004       _RTC_Initialize            0000000180059004 f   MSVCRT:initsect.obj
 0001:00058040       _RTC_Terminate             0000000180059040 f   MSVCRT:initsect.obj
 0001:0005807c       _guard_check_icall_nop     000000018005907c f i MSVCRT:guard_support.obj
 0001:00058080       ReadNoFence64              0000000180059080 f i MSVCRT:guard_support.obj
 0001:00058084       ReadPointerNoFence         0000000180059084 f i MSVCRT:guard_support.obj
 0001:00058088       __castguard_check_failure_debugbreak 0000000180059088 f i MSVCRT:guard_support.obj
 0001:000580a4       __castguard_check_failure_fastfail 00000001800590a4 f i MSVCRT:guard_support.obj
 0001:000580c8       __castguard_check_failure_nop 00000001800590c8 f i MSVCRT:guard_support.obj
 0001:000580cc       __castguard_check_failure_os_handled 00000001800590cc f i MSVCRT:guard_support.obj
 0001:0005812c       __castguard_slow_path_check_debugbreak 000000018005912c f i MSVCRT:guard_support.obj
 0001:00058160       __castguard_slow_path_check_fastfail 0000000180059160 f i MSVCRT:guard_support.obj
 0001:0005819c       __castguard_slow_path_check_nop 000000018005919c f i MSVCRT:guard_support.obj
 0001:000581a0       __castguard_slow_path_check_os_handled 00000001800591a0 f i MSVCRT:guard_support.obj
 0001:00058214       _guard_icall_checks_enforced 0000000180059214 f i MSVCRT:guard_support.obj
 0001:0005822c       _guard_rf_checks_enforced  000000018005922c f i MSVCRT:guard_support.obj
 0001:00058230       __isa_available_init       0000000180059230 f   MSVCRT:cpu_disp.obj
 0001:000583d4       _get_startup_argv_mode     00000001800593d4 f   MSVCRT:argv_mode.obj
 0001:000583dc       __scrt_is_ucrt_dll_in_use  00000001800593dc f   MSVCRT:ucrt_detection.obj
 0001:000583f0       RtlCaptureContext          00000001800593f0 f   kernel32:KERNEL32.dll
 0001:000583f6       RtlLookupFunctionEntry     00000001800593f6 f   kernel32:KERNEL32.dll
 0001:000583fc       RtlVirtualUnwind           00000001800593fc f   kernel32:KERNEL32.dll
 0001:00058402       UnhandledExceptionFilter   0000000180059402 f   kernel32:KERNEL32.dll
 0001:00058408       SetUnhandledExceptionFilter 0000000180059408 f   kernel32:KERNEL32.dll
 0001:0005840e       GetCurrentProcess          000000018005940e f   kernel32:KERNEL32.dll
 0001:00058414       TerminateProcess           0000000180059414 f   kernel32:KERNEL32.dll
 0001:0005841a       IsProcessorFeaturePresent  000000018005941a f   kernel32:KERNEL32.dll
 0001:00058420       QueryPerformanceCounter    0000000180059420 f   kernel32:KERNEL32.dll
 0001:00058426       GetCurrentProcessId        0000000180059426 f   kernel32:KERNEL32.dll
 0001:0005842c       GetCurrentThreadId         000000018005942c f   kernel32:KERNEL32.dll
 0001:00058432       GetSystemTimeAsFileTime    0000000180059432 f   kernel32:KERNEL32.dll
 0001:00058438       DisableThreadLibraryCalls  0000000180059438 f   kernel32:KERNEL32.dll
 0001:0005843e       InitializeSListHead        000000018005943e f   kernel32:KERNEL32.dll
 0001:00058444       IsDebuggerPresent          0000000180059444 f   kernel32:KERNEL32.dll
 0001:0005844a       GetStartupInfoW            000000018005944a f   kernel32:KERNEL32.dll
 0001:00058450       GetModuleHandleW           0000000180059450 f   kernel32:KERNEL32.dll
 0001:00058456       memcpy                     0000000180059456 f   vcruntime:VCRUNTIME140.dll
 0001:0005845c       memmove                    000000018005945c f   vcruntime:VCRUNTIME140.dll
 0001:00058462       memset                     0000000180059462 f   vcruntime:VCRUNTIME140.dll
 0001:00058468       __C_specific_handler       0000000180059468 f   vcruntime:VCRUNTIME140.dll
 0001:0005846e       __std_type_info_destroy_list 000000018005946e f   vcruntime:VCRUNTIME140.dll
 0001:00058474       __current_exception        0000000180059474 f   vcruntime:VCRUNTIME140.dll
 0001:0005847a       __current_exception_context 000000018005947a f   vcruntime:VCRUNTIME140.dll
 0001:00058480       strcmp                     0000000180059480 f   ucrt:api-ms-win-crt-string-l1-1-0.dll
 0001:00058486       strcat                     0000000180059486 f   ucrt:api-ms-win-crt-string-l1-1-0.dll
 0001:0005848c       strlen                     000000018005948c f   ucrt:api-ms-win-crt-string-l1-1-0.dll
 0001:00058492       __stdio_common_vsprintf    0000000180059492 f   ucrt:api-ms-win-crt-stdio-l1-1-0.dll
 0001:00058498       free                       0000000180059498 f   ucrt:api-ms-win-crt-heap-l1-1-0.dll
 0001:0005849e       malloc                     000000018005949e f   ucrt:api-ms-win-crt-heap-l1-1-0.dll
 0001:000584a4       sqrt                       00000001800594a4 f   ucrt:api-ms-win-crt-math-l1-1-0.dll
 0001:000584aa       cimag                      00000001800594aa f   ucrt:api-ms-win-crt-math-l1-1-0.dll
 0001:000584b0       conj                       00000001800594b0 f   ucrt:api-ms-win-crt-math-l1-1-0.dll
 0001:000584b6       creal                      00000001800594b6 f   ucrt:api-ms-win-crt-math-l1-1-0.dll
 0001:000584bc       fabs                       00000001800594bc f   ucrt:api-ms-win-crt-math-l1-1-0.dll
 0001:000584c2       __stdio_common_vfscanf     00000001800594c2 f   ucrt:api-ms-win-crt-stdio-l1-1-0.dll
 0001:000584c8       _Cbuild                    00000001800594c8 f   ucrt:api-ms-win-crt-math-l1-1-0.dll
 0001:000584ce       srand                      00000001800594ce f   ucrt:api-ms-win-crt-utility-l1-1-0.dll
 0001:000584d4       rand                       00000001800594d4 f   ucrt:api-ms-win-crt-utility-l1-1-0.dll
 0001:000584da       fmin                       00000001800594da f   ucrt:api-ms-win-crt-math-l1-1-0.dll
 0001:000584e0       _initterm                  00000001800594e0 f   ucrt:api-ms-win-crt-runtime-l1-1-0.dll
 0001:000584e6       _initterm_e                00000001800594e6 f   ucrt:api-ms-win-crt-runtime-l1-1-0.dll
 0001:000584ec       _seh_filter_dll            00000001800594ec f   ucrt:api-ms-win-crt-runtime-l1-1-0.dll
 0001:000584f2       _configure_narrow_argv     00000001800594f2 f   ucrt:api-ms-win-crt-runtime-l1-1-0.dll
 0001:000584f8       _initialize_narrow_environment 00000001800594f8 f   ucrt:api-ms-win-crt-runtime-l1-1-0.dll
 0001:000584fe       _initialize_onexit_table   00000001800594fe f   ucrt:api-ms-win-crt-runtime-l1-1-0.dll
 0001:00058504       _register_onexit_function  0000000180059504 f   ucrt:api-ms-win-crt-runtime-l1-1-0.dll
 0001:0005850a       _execute_onexit_table      000000018005950a f   ucrt:api-ms-win-crt-runtime-l1-1-0.dll
 0001:00058510       _crt_atexit                0000000180059510 f   ucrt:api-ms-win-crt-runtime-l1-1-0.dll
 0001:00058516       _crt_at_quick_exit         0000000180059516 f   ucrt:api-ms-win-crt-runtime-l1-1-0.dll
 0001:0005851c       _cexit                     000000018005951c f   ucrt:api-ms-win-crt-runtime-l1-1-0.dll
 0001:00058522       terminate                  0000000180059522 f   ucrt:api-ms-win-crt-runtime-l1-1-0.dll
 0001:00058528       _cabs                      0000000180059528 f   ucrt:api-ms-win-crt-math-l1-1-0.dll
 0001:00058530       __vcrt_initialize          0000000180059530 f   MSVCRT:ucrt_stubs.obj
 0001:00058530       __acrt_initialize          0000000180059530 f   MSVCRT:ucrt_stubs.obj
 0001:00058530       __scrt_stub_for_acrt_initialize 0000000180059530 f   MSVCRT:ucrt_stubs.obj
 0001:00058534       __acrt_thread_attach       0000000180059534 f   MSVCRT:ucrt_stubs.obj
 0001:00058534       __scrt_stub_for_acrt_thread_attach 0000000180059534 f   MSVCRT:ucrt_stubs.obj
 0001:00058534       __vcrt_thread_attach       0000000180059534 f   MSVCRT:ucrt_stubs.obj
 0001:00058538       __scrt_stub_for_acrt_thread_detach 0000000180059538 f   MSVCRT:ucrt_stubs.obj
 0001:00058538       __acrt_thread_detach       0000000180059538 f   MSVCRT:ucrt_stubs.obj
 0001:00058538       __vcrt_thread_detach       0000000180059538 f   MSVCRT:ucrt_stubs.obj
 0001:0005853c       __acrt_uninitialize        000000018005953c f   MSVCRT:ucrt_stubs.obj
 0001:0005853c       __scrt_stub_for_acrt_uninitialize 000000018005953c f   MSVCRT:ucrt_stubs.obj
 0001:0005853c       __vcrt_uninitialize        000000018005953c f   MSVCRT:ucrt_stubs.obj
 0001:00058540       __scrt_stub_for_acrt_uninitialize_critical 0000000180059540 f   MSVCRT:ucrt_stubs.obj
 0001:00058540       __acrt_uninitialize_critical 0000000180059540 f   MSVCRT:ucrt_stubs.obj
 0001:00058540       __vcrt_uninitialize_critical 0000000180059540 f   MSVCRT:ucrt_stubs.obj
 0001:00058544       _is_c_termination_complete 0000000180059544 f   MSVCRT:ucrt_stubs.obj
 0001:00058544       __scrt_stub_for_is_c_termination_complete 0000000180059544 f   MSVCRT:ucrt_stubs.obj
 0001:00058560       _guard_dispatch_icall_nop  0000000180059560 f   MSVCRT:guard_dispatch.obj
 0001:00058580       _guard_xfg_dispatch_icall_nop 0000000180059580 f   MSVCRT:guard_xfg_dispatch.obj
 0002:00000000       __imp_InitializeSListHead  000000018005a000     kernel32:KERNEL32.dll
 0002:00000008       __imp_RtlCaptureContext    000000018005a008     kernel32:KERNEL32.dll
 0002:00000010       __imp_RtlLookupFunctionEntry 000000018005a010     kernel32:KERNEL32.dll
 0002:00000018       __imp_DisableThreadLibraryCalls 000000018005a018     kernel32:KERNEL32.dll
 0002:00000020       __imp_IsDebuggerPresent    000000018005a020     kernel32:KERNEL32.dll
 0002:00000028       __imp_RtlVirtualUnwind     000000018005a028     kernel32:KERNEL32.dll
 0002:00000030       __imp_UnhandledExceptionFilter 000000018005a030     kernel32:KERNEL32.dll
 0002:00000038       __imp_GetStartupInfoW      000000018005a038     kernel32:KERNEL32.dll
 0002:00000040       __imp_GetModuleHandleW     000000018005a040     kernel32:KERNEL32.dll
 0002:00000048       __imp_GetCurrentThreadId   000000018005a048     kernel32:KERNEL32.dll
 0002:00000050       __imp_GetCurrentProcessId  000000018005a050     kernel32:KERNEL32.dll
 0002:00000058       __imp_QueryPerformanceCounter 000000018005a058     kernel32:KERNEL32.dll
 0002:00000060       __imp_IsProcessorFeaturePresent 000000018005a060     kernel32:KERNEL32.dll
 0002:00000068       __imp_GetSystemTimeAsFileTime 000000018005a068     kernel32:KERNEL32.dll
 0002:00000070       __imp_TerminateProcess     000000018005a070     kernel32:KERNEL32.dll
 0002:00000078       __imp_GetCurrentProcess    000000018005a078     kernel32:KERNEL32.dll
 0002:00000080       __imp_SetUnhandledExceptionFilter 000000018005a080     kernel32:KERNEL32.dll
 0002:00000088       \177KERNEL32_NULL_THUNK_DATA 000000018005a088     kernel32:KERNEL32.dll
 0002:00000090       __imp___C_specific_handler 000000018005a090     vcruntime:VCRUNTIME140.dll
 0002:00000098       __imp___current_exception  000000018005a098     vcruntime:VCRUNTIME140.dll
 0002:000000a0       __imp___std_type_info_destroy_list 000000018005a0a0     vcruntime:VCRUNTIME140.dll
 0002:000000a8       __imp___current_exception_context 000000018005a0a8     vcruntime:VCRUNTIME140.dll
 0002:000000b0       __imp_memcpy               000000018005a0b0     vcruntime:VCRUNTIME140.dll
 0002:000000b8       __imp_memset               000000018005a0b8     vcruntime:VCRUNTIME140.dll
 0002:000000c0       __imp_memmove              000000018005a0c0     vcruntime:VCRUNTIME140.dll
 0002:000000c8       \177VCRUNTIME140_NULL_THUNK_DATA 000000018005a0c8     vcruntime:VCRUNTIME140.dll
 0002:000000d0       __imp_free                 000000018005a0d0     ucrt:api-ms-win-crt-heap-l1-1-0.dll
 0002:000000d8       __imp_malloc               000000018005a0d8     ucrt:api-ms-win-crt-heap-l1-1-0.dll
 0002:000000e0       \177api-ms-win-crt-heap-l1-1-0_NULL_THUNK_DATA 000000018005a0e0     ucrt:api-ms-win-crt-heap-l1-1-0.dll
 0002:000000e8       __imp_cimag                000000018005a0e8     ucrt:api-ms-win-crt-math-l1-1-0.dll
 0002:000000f0       __imp_conj                 000000018005a0f0     ucrt:api-ms-win-crt-math-l1-1-0.dll
 0002:000000f8       __imp__cabs                000000018005a0f8     ucrt:api-ms-win-crt-math-l1-1-0.dll
 0002:000000f8       __imp_cabs                 000000018005a0f8     ucrt:api-ms-win-crt-math-l1-1-0.dll
 0002:00000100       __imp_fmin                 000000018005a100     ucrt:api-ms-win-crt-math-l1-1-0.dll
 0002:00000108       __imp__Cbuild              000000018005a108     ucrt:api-ms-win-crt-math-l1-1-0.dll
 0002:00000110       __imp_sqrt                 000000018005a110     ucrt:api-ms-win-crt-math-l1-1-0.dll
 0002:00000118       __imp_creal                000000018005a118     ucrt:api-ms-win-crt-math-l1-1-0.dll
 0002:00000120       __imp_fabs                 000000018005a120     ucrt:api-ms-win-crt-math-l1-1-0.dll
 0002:00000128       \177api-ms-win-crt-math-l1-1-0_NULL_THUNK_DATA 000000018005a128     ucrt:api-ms-win-crt-math-l1-1-0.dll
 0002:00000130       __imp__cexit               000000018005a130     ucrt:api-ms-win-crt-runtime-l1-1-0.dll
 0002:00000138       __imp__crt_at_quick_exit   000000018005a138     ucrt:api-ms-win-crt-runtime-l1-1-0.dll
 0002:00000140       __imp__execute_onexit_table 000000018005a140     ucrt:api-ms-win-crt-runtime-l1-1-0.dll
 0002:00000148       __imp__register_onexit_function 000000018005a148     ucrt:api-ms-win-crt-runtime-l1-1-0.dll
 0002:00000150       __imp__initialize_onexit_table 000000018005a150     ucrt:api-ms-win-crt-runtime-l1-1-0.dll
 0002:00000158       __imp__initialize_narrow_environment 000000018005a158     ucrt:api-ms-win-crt-runtime-l1-1-0.dll
 0002:00000160       __imp__configure_narrow_argv 000000018005a160     ucrt:api-ms-win-crt-runtime-l1-1-0.dll
 0002:00000168       __imp_terminate            000000018005a168     ucrt:api-ms-win-crt-runtime-l1-1-0.dll
 0002:00000170       __imp__initterm            000000018005a170     ucrt:api-ms-win-crt-runtime-l1-1-0.dll
 0002:00000178       __imp__initterm_e          000000018005a178     ucrt:api-ms-win-crt-runtime-l1-1-0.dll
 0002:00000180       __imp__crt_atexit          000000018005a180     ucrt:api-ms-win-crt-runtime-l1-1-0.dll
 0002:00000188       __imp__seh_filter_dll      000000018005a188     ucrt:api-ms-win-crt-runtime-l1-1-0.dll
 0002:00000190       \177api-ms-win-crt-runtime-l1-1-0_NULL_THUNK_DATA 000000018005a190     ucrt:api-ms-win-crt-runtime-l1-1-0.dll
 0002:00000198       __imp___stdio_common_vsprintf 000000018005a198     ucrt:api-ms-win-crt-stdio-l1-1-0.dll
 0002:000001a0       __imp___stdio_common_vfscanf 000000018005a1a0     ucrt:api-ms-win-crt-stdio-l1-1-0.dll
 0002:000001a8       \177api-ms-win-crt-stdio-l1-1-0_NULL_THUNK_DATA 000000018005a1a8     ucrt:api-ms-win-crt-stdio-l1-1-0.dll
 0002:000001b0       __imp_strcat               000000018005a1b0     ucrt:api-ms-win-crt-string-l1-1-0.dll
 0002:000001b8       __imp_strcmp               000000018005a1b8     ucrt:api-ms-win-crt-string-l1-1-0.dll
 0002:000001c0       __imp_strlen               000000018005a1c0     ucrt:api-ms-win-crt-string-l1-1-0.dll
 0002:000001c8       \177api-ms-win-crt-string-l1-1-0_NULL_THUNK_DATA 000000018005a1c8     ucrt:api-ms-win-crt-string-l1-1-0.dll
 0002:000001d0       __imp_rand                 000000018005a1d0     ucrt:api-ms-win-crt-utility-l1-1-0.dll
 0002:000001d8       __imp_srand                000000018005a1d8     ucrt:api-ms-win-crt-utility-l1-1-0.dll
 0002:000001e0       \177api-ms-win-crt-utility-l1-1-0_NULL_THUNK_DATA 000000018005a1e0     ucrt:api-ms-win-crt-utility-l1-1-0.dll
 0002:000001e8       __imp_covrtTransInitFcn    000000018005a1e8     libcovrt:libcovrt.dll
 0002:000001f0       __imp_covrtStateInitFcn    000000018005a1f0     libcovrt:libcovrt.dll
 0002:000001f8       __imp_covrtEmlMcdcEval     000000018005a1f8     libcovrt:libcovrt.dll
 0002:00000200       __imp_covrtEmlCondEval     000000018005a200     libcovrt:libcovrt.dll
 0002:00000208       __imp_covrtEmlIfEval       000000018005a208     libcovrt:libcovrt.dll
 0002:00000210       __imp_covrtEmlFcnEval      000000018005a210     libcovrt:libcovrt.dll
 0002:00000218       __imp_covrtEmlMCDCInitFcn  000000018005a218     libcovrt:libcovrt.dll
 0002:00000220       __imp_covrtEmlIfInitFcn    000000018005a220     libcovrt:libcovrt.dll
 0002:00000228       __imp_covrtEmlFcnInitFcn   000000018005a228     libcovrt:libcovrt.dll
 0002:00000230       __imp_covrtEmlInitFcn      000000018005a230     libcovrt:libcovrt.dll
 0002:00000238       __imp_covrtChartInitFcn    000000018005a238     libcovrt:libcovrt.dll
 0002:00000240       __imp_covrtSigUpdateFcn    000000018005a240     libcovrt:libcovrt.dll
 0002:00000248       __imp_covrtCreateStateflowInstanceData 000000018005a248     libcovrt:libcovrt.dll
 0002:00000250       __imp_covrtDeleteStateflowInstanceData 000000018005a250     libcovrt:libcovrt.dll
 0002:00000258       \177libcovrt_NULL_THUNK_DATA 000000018005a258     libcovrt:libcovrt.dll
 0002:00000260       __imp_emlrtDynamicBoundsCheckR2012b 000000018005a260     libemlrt:libemlrt.dll
 0002:00000268       __imp_emlrtIntegerCheckR2012b 000000018005a268     libemlrt:libemlrt.dll
 0002:00000270       __imp_emlrtNonNegativeCheckR2012b 000000018005a270     libemlrt:libemlrt.dll
 0002:00000278       __imp_emlrtMallocMex       000000018005a278     libemlrt:libemlrt.dll
 0002:00000280       __imp_emlrtCallocMex       000000018005a280     libemlrt:libemlrt.dll
 0002:00000288       __imp_emlrtHeapAllocationErrorR2012b 000000018005a288     libemlrt:libemlrt.dll
 0002:00000290       __imp_emlrtSizeMulR2012b   000000018005a290     libemlrt:libemlrt.dll
 0002:00000298       __imp_emlrtFreeMex         000000018005a298     libemlrt:libemlrt.dll
 0002:000002a0       __imp_emlrtNameCaptureMxArrayR2016a 000000018005a2a0     libemlrt:libemlrt.dll
 0002:000002a8       \177libemlrt_NULL_THUNK_DATA 000000018005a2a8     libemlrt:libemlrt.dll
 0002:000002b0       __imp_mexLock_800          000000018005a2b0     libmex:libmex.dll
 0002:000002b8       __imp_mexMakeArrayPersistent_800 000000018005a2b8     libmex:libmex.dll
 0002:000002c0       __imp_mexPrintf_800        000000018005a2c0     libmex:libmex.dll
 0002:000002c8       __imp_mexIsLocked_800      000000018005a2c8     libmex:libmex.dll
 0002:000002d0       __imp_mexUnlock_800        000000018005a2d0     libmex:libmex.dll
 0002:000002d8       __imp_mexCallMATLAB_800    000000018005a2d8     libmex:libmex.dll
 0002:000002e0       __imp_mexWarnMsgTxt_800    000000018005a2e0     libmex:libmex.dll
 0002:000002e8       __imp_mexErrMsgTxt_800     000000018005a2e8     libmex:libmex.dll
 0002:000002f0       \177libmex_NULL_THUNK_DATA 000000018005a2f0     libmex:libmex.dll
 0002:000002f8       __imp_dgemm                000000018005a2f8     libmwblas:libmwblas.dll
 0002:00000300       __imp_ddot                 000000018005a300     libmwblas:libmwblas.dll
 0002:00000308       \177libmwblas_NULL_THUNK_DATA 000000018005a308     libmwblas:libmwblas.dll
 0002:00000310       __imp_muDoubleScalarMax    000000018005a310     libmwmathutil:libmwmathutil.dll
 0002:00000318       __imp_muDoubleScalarFloor  000000018005a318     libmwmathutil:libmwmathutil.dll
 0002:00000320       __imp_muDoubleScalarAbs    000000018005a320     libmwmathutil:libmwmathutil.dll
 0002:00000328       __imp_muDoubleScalarMin    000000018005a328     libmwmathutil:libmwmathutil.dll
 0002:00000330       __imp_muDoubleScalarIsInf  000000018005a330     libmwmathutil:libmwmathutil.dll
 0002:00000338       \177libmwmathutil_NULL_THUNK_DATA 000000018005a338     libmwmathutil:libmwmathutil.dll
 0002:00000340       __imp_mxSetField_800       000000018005a340     libmx:libmx.dll
 0002:00000348       __imp_mxGetScalar_800      000000018005a348     libmx:libmx.dll
 0002:00000350       __imp_mxRealloc_800        000000018005a350     libmx:libmx.dll
 0002:00000358       __imp_mxFree_800           000000018005a358     libmx:libmx.dll
 0002:00000360       __imp_mxMalloc_800         000000018005a360     libmx:libmx.dll
 0002:00000368       __imp_mxCreateDoubleScalar_800 000000018005a368     libmx:libmx.dll
 0002:00000370       __imp_mxGetN_800           000000018005a370     libmx:libmx.dll
 0002:00000378       __imp_mxIsComplex_800      000000018005a378     libmx:libmx.dll
 0002:00000380       __imp_mxIsNumeric_800      000000018005a380     libmx:libmx.dll
 0002:00000388       __imp_mxGetClassID_800     000000018005a388     libmx:libmx.dll
 0002:00000390       __imp_mxGetM_800           000000018005a390     libmx:libmx.dll
 0002:00000398       __imp_mxCalloc_800         000000018005a398     libmx:libmx.dll
 0002:000003a0       __imp_mxGetNaN_800         000000018005a3a0     libmx:libmx.dll
 0002:000003a8       __imp_mxCreateStructMatrix_800 000000018005a3a8     libmx:libmx.dll
 0002:000003b0       __imp_mxCreateCellMatrix_800 000000018005a3b0     libmx:libmx.dll
 0002:000003b8       __imp_mxCreateString_800   000000018005a3b8     libmx:libmx.dll
 0002:000003c0       __imp_mxGetPr_800          000000018005a3c0     libmx:libmx.dll
 0002:000003c8       __imp_mxSetCell_800        000000018005a3c8     libmx:libmx.dll
 0002:000003d0       __imp_mxIsEmpty_800        000000018005a3d0     libmx:libmx.dll
 0002:000003d8       __imp_mxDuplicateArray_800 000000018005a3d8     libmx:libmx.dll
 0002:000003e0       __imp_mxGetString_800      000000018005a3e0     libmx:libmx.dll
 0002:000003e8       __imp_mxCreateDoubleMatrix_800 000000018005a3e8     libmx:libmx.dll
 0002:000003f0       __imp_mxDestroyArray_800   000000018005a3f0     libmx:libmx.dll
 0002:000003f8       __imp_mxIsChar_800         000000018005a3f8     libmx:libmx.dll
 0002:00000400       \177libmx_NULL_THUNK_DATA  000000018005a400     libmx:libmx.dll
 0002:00000408       __imp_utMalloc             000000018005a408     libut:libut.dll
 0002:00000410       __imp_utFree               000000018005a410     libut:libut.dll
 0002:00000418       \177libut_NULL_THUNK_DATA  000000018005a418     libut:libut.dll
 0002:00000420       __imp_getRuntimeInstanceInfoAsVoid 000000018005a420     sf_runtime:sf_runtime.dll
 0002:00000428       __imp_call_sf_machine_global_method_dispatcher 000000018005a428     sf_runtime:sf_runtime.dll
 0002:00000430       __imp_callMdlMethodAndReportError 000000018005a430     sf_runtime:sf_runtime.dll
 0002:00000438       __imp_sf_mex_error_direct_call 000000018005a438     sf_runtime:sf_runtime.dll
 0002:00000440       __imp_sf_clear_error_manager_info 000000018005a440     sf_runtime:sf_runtime.dll
 0002:00000448       __imp_sf_get_ChartInfoStruct_CodeGen 000000018005a448     sf_runtime:sf_runtime.dll
 0002:00000450       __imp_ssGetOutputPortSignal_wrapper 000000018005a450     sf_runtime:sf_runtime.dll
 0002:00000458       __imp_ssGetInputPortSignal_wrapper 000000018005a458     sf_runtime:sf_runtime.dll
 0002:00000460       __imp_sf_mex_import        000000018005a460     sf_runtime:sf_runtime.dll
 0002:00000468       __imp_sf_mex_destroy       000000018005a468     sf_runtime:sf_runtime.dll
 0002:00000470       __imp_sf_mex_dup           000000018005a470     sf_runtime:sf_runtime.dll
 0002:00000478       __imp_sf_mex_assign        000000018005a478     sf_runtime:sf_runtime.dll
 0002:00000480       __imp_sf_mex_getcell       000000018005a480     sf_runtime:sf_runtime.dll
 0002:00000488       __imp_sf_mex_setcell       000000018005a488     sf_runtime:sf_runtime.dll
 0002:00000490       __imp_sf_mex_createcellmatrix 000000018005a490     sf_runtime:sf_runtime.dll
 0002:00000498       __imp_sf_mex_create        000000018005a498     sf_runtime:sf_runtime.dll
 0002:000004a0       __imp_sf_mex_check_struct  000000018005a4a0     sf_runtime:sf_runtime.dll
 0002:000004a8       __imp_sf_mex_getfield      000000018005a4a8     sf_runtime:sf_runtime.dll
 0002:000004b0       __imp_sf_mex_error_message 000000018005a4b0     sf_runtime:sf_runtime.dll
 0002:000004b8       __imp_sf_mex_call          000000018005a4b8     sf_runtime:sf_runtime.dll
 0002:000004c0       __imp_sfListenerLightTerminate 000000018005a4c0     sf_runtime:sf_runtime.dll
 0002:000004c8       __imp_sfListenerCacheSimStruct 000000018005a4c8     sf_runtime:sf_runtime.dll
 0002:000004d0       __imp_sf_error_out_about_continuous_sample_time_with_persistent_vars 000000018005a4d0     sf_runtime:sf_runtime.dll
 0002:000004d8       __imp_sf_set_work_widths   000000018005a4d8     sf_runtime:sf_runtime.dll
 0002:000004e0       __imp_sf_warn_if_symbolic_dimension_param_changed 000000018005a4e0     sf_runtime:sf_runtime.dll
 0002:000004e8       __imp_setDebuggerFlag      000000018005a4e8     sf_runtime:sf_runtime.dll
 0002:000004f0       __imp_setLegacyDebuggerFlag 000000018005a4f0     sf_runtime:sf_runtime.dll
 0002:000004f8       __imp_setDataBrowseFcn     000000018005a4f8     sf_runtime:sf_runtime.dll
 0002:00000500       __imp_sfDoAnimationWrapper 000000018005a500     sf_runtime:sf_runtime.dll
 0002:00000508       __imp_sf_get_time          000000018005a508     sf_runtime:sf_runtime.dll
 0002:00000510       __imp_sf_clear_rtw_identifier 000000018005a510     sf_runtime:sf_runtime.dll
 0002:00000518       __imp_sf_mex_listen_for_ctrl_c 000000018005a518     sf_runtime:sf_runtime.dll
 0002:00000520       __imp_sim_mode_is_external 000000018005a520     sf_runtime:sf_runtime.dll
 0002:00000528       __imp_sim_mode_is_rtw_gen  000000018005a528     sf_runtime:sf_runtime.dll
 0002:00000530       __imp_sf_get_chart_instance_ptr 000000018005a530     sf_runtime:sf_runtime.dll
 0002:00000538       __imp_sfrtGetCovrtInstance 000000018005a538     sf_runtime:sf_runtime.dll
 0002:00000540       __imp_sfrtGetEmlrtCtx      000000018005a540     sf_runtime:sf_runtime.dll
 0002:00000548       __imp_sf_free_ChartRunTimeInfo 000000018005a548     sf_runtime:sf_runtime.dll
 0002:00000550       __imp_sf_init_ChartRunTimeInfo 000000018005a550     sf_runtime:sf_runtime.dll
 0002:00000558       __imp_sf_mex_decode        000000018005a558     sf_runtime:sf_runtime.dll
 0002:00000560       __imp_sf_load_rtw_optimization_info 000000018005a560     sf_runtime:sf_runtime.dll
 0002:00000568       __imp_sf_get_hasSeparateUpdateOutputs 000000018005a568     sf_runtime:sf_runtime.dll
 0002:00000570       \177sf_runtime_NULL_THUNK_DATA 000000018005a570     sf_runtime:sf_runtime.dll
 0002:00000578       __guard_check_icall_fptr   000000018005a578     MSVCRT:guard_support.obj
 0002:00000580       __guard_xfg_check_icall_fptr 000000018005a580     MSVCRT:guard_support.obj
 0002:00000588       __guard_dispatch_icall_fptr 000000018005a588     MSVCRT:guard_support.obj
 0002:00000590       __guard_xfg_dispatch_icall_fptr 000000018005a590     MSVCRT:guard_support.obj
 0002:00000598       __guard_xfg_table_dispatch_icall_fptr 000000018005a598     MSVCRT:guard_support.obj
 0002:000005a0       __xc_a                     000000018005a5a0     MSVCRT:initializers.obj
 0002:000005a8       __xc_z                     000000018005a5a8     MSVCRT:initializers.obj
 0002:000005b0       __xi_a                     000000018005a5b0     MSVCRT:initializers.obj
 0002:000005b8       __xi_z                     000000018005a5b8     MSVCRT:initializers.obj
 0002:000005c0       __xp_a                     000000018005a5c0     MSVCRT:initializers.obj
 0002:000005c8       __xp_z                     000000018005a5c8     MSVCRT:initializers.obj
 0002:000005d0       __xt_a                     000000018005a5d0     MSVCRT:initializers.obj
 0002:000005d8       __xt_z                     000000018005a5d8     MSVCRT:initializers.obj
 0002:000005e0       __real@41cb799382800000    000000018005a5e0     PID_Cdelta_U_sfun.obj
 0002:000005e8       __real@41d0954dff800000    000000018005a5e8     PID_Cdelta_U_sfun.obj
 0002:000005f0       __real@41d572b3e2800000    000000018005a5f0     PID_Cdelta_U_sfun.obj
 0002:000005f8       __real@41d5f01225800000    000000018005a5f8     PID_Cdelta_U_sfun.obj
 0002:00000600       __real@41e0a5fd39600000    000000018005a600     PID_Cdelta_U_sfun.obj
 0002:00000608       __real@41e2ce387dc00000    000000018005a608     PID_Cdelta_U_sfun.obj
 0002:00000610       __real@41e3c42e54800000    000000018005a610     PID_Cdelta_U_sfun.obj
 0002:00000618       __real@41e4be34dde00000    000000018005a618     PID_Cdelta_U_sfun.obj
 0002:00000620       __real@41e654be03600000    000000018005a620     PID_Cdelta_U_sfun.obj
 0002:00000628       __real@41e898889b800000    000000018005a628     PID_Cdelta_U_sfun.obj
 0002:00000630       __real@41ec1b5e1f600000    000000018005a630     PID_Cdelta_U_sfun.obj
 0002:00000638       __real@41ee152093a00000    000000018005a638     PID_Cdelta_U_sfun.obj
 0002:00000738       __real@0000000000000000    000000018005a738     c12_PID_Cdelta_U.obj
 0002:00000740       __real@3cc0000000000000    000000018005a740     c12_PID_Cdelta_U.obj
 0002:00000748       __real@3fe0000000000000    000000018005a748     c12_PID_Cdelta_U.obj
 0002:00000750       __real@3ff0000000000000    000000018005a750     c12_PID_Cdelta_U.obj
 0002:00000758       __real@4000000000000000    000000018005a758     c12_PID_Cdelta_U.obj
 0002:00000760       __real@4020000000000000    000000018005a760     c12_PID_Cdelta_U.obj
 0002:00000768       __real@4022000000000000    000000018005a768     c12_PID_Cdelta_U.obj
 0002:00000770       __real@4024000000000000    000000018005a770     c12_PID_Cdelta_U.obj
 0002:00000778       __real@4026000000000000    000000018005a778     c12_PID_Cdelta_U.obj
 0002:00000780       __real@4028000000000000    000000018005a780     c12_PID_Cdelta_U.obj
 0002:00000788       __real@404e000000000000    000000018005a788     c12_PID_Cdelta_U.obj
 0002:00000790       __real@4054400000000000    000000018005a790     c12_PID_Cdelta_U.obj
 0002:00000798       __real@405e400000000000    000000018005a798     c12_PID_Cdelta_U.obj
 0002:000007a0       __real@4076800000000000    000000018005a7a0     c12_PID_Cdelta_U.obj
 0002:000007a8       __real@4086c80000000000    000000018005a7a8     c12_PID_Cdelta_U.obj
 0002:000007b0       __real@40ac200000000000    000000018005a7b0     c12_PID_Cdelta_U.obj
 0002:000007b8       __real@40ffa40000000000    000000018005a7b8     c12_PID_Cdelta_U.obj
 0002:000007c0       __real@410a5e0000000000    000000018005a7c0     c12_PID_Cdelta_U.obj
 0002:000007c8       __real@41d4c98bb8400000    000000018005a7c8     c12_PID_Cdelta_U.obj
 0002:000007d0       __real@41dfffffffc00000    000000018005a7d0     c12_PID_Cdelta_U.obj
 0002:000007d8       __real@41e21e60af400000    000000018005a7d8     c12_PID_Cdelta_U.obj
 0002:000007e0       __real@41e34fbfbc200000    000000018005a7e0     c12_PID_Cdelta_U.obj
 0002:000007e8       __real@41eb631070c00000    000000018005a7e8     c12_PID_Cdelta_U.obj
 0002:000007f0       __real@bff0000000000000    000000018005a7f0     c12_PID_Cdelta_U.obj
 0002:000007f8       __real@c018000000000000    000000018005a7f8     c12_PID_Cdelta_U.obj
 0002:00000800       __real@c03e000000000000    000000018005a800     c12_PID_Cdelta_U.obj
 0002:00000810       __xmm@80000000000000008000000000000000 000000018005a810     c12_PID_Cdelta_U.obj
 0002:00000820       DYNAMIC_DIMENSION_DEF      000000018005a820     PID_Cdelta_U_sfun_registry.obj
 0002:00000838       __real@4010000000000000    000000018005a838     PID_Cdelta_U_sfun_registry.obj
 0002:00000840       __real@41602cbca0000000    000000018005a840     PID_Cdelta_U_sfun_registry.obj
 0002:00000848       __real@4030000000000000    000000018005a848     cs_amd_ri.obj
 0002:00000850       __real@3cb0000000000000    000000018005a850     solve_from_qr.obj
 0002:00000868       _pDefaultRawDllMain        000000018005a868     MSVCRT:dll_dllmain.obj
 0002:00000868       _pRawDllMain               000000018005a868     MSVCRT:dll_dllmain.obj
 0002:00000870       __xmm@ffffffffffffffffffffffffffffffff 000000018005a870     MSVCRT:utility.obj
 0002:000008a0       _load_config_used          000000018005a8a0     MSVCRT:loadcfg.obj
 0002:00000a00       __CastGuardVftablesStart   000000018005aa00     MSVCRT:guard_support.obj
 0002:00000a08       __CastGuardVftablesEnd     000000018005aa08     MSVCRT:guard_support.obj
 0002:00000a10       __volatile_metadata        000000018005aa10     <linker-defined>
 0002:00000e78       __rtc_iaa                  000000018005ae78     MSVCRT:initsect.obj
 0002:00000e80       __rtc_izz                  000000018005ae80     MSVCRT:initsect.obj
 0002:00000e88       __rtc_taa                  000000018005ae88     MSVCRT:initsect.obj
 0002:00000e90       __rtc_tzz                  000000018005ae90     MSVCRT:initsect.obj
 0002:0000218c       __IMPORT_DESCRIPTOR_libmwblas 000000018005c18c     libmwblas:libmwblas.dll
 0002:000021a0       __IMPORT_DESCRIPTOR_sf_runtime 000000018005c1a0     sf_runtime:sf_runtime.dll
 0002:000021b4       __IMPORT_DESCRIPTOR_libmx  000000018005c1b4     libmx:libmx.dll
 0002:000021c8       __IMPORT_DESCRIPTOR_libmex 000000018005c1c8     libmex:libmex.dll
 0002:000021dc       __IMPORT_DESCRIPTOR_libut  000000018005c1dc     libut:libut.dll
 0002:000021f0       __IMPORT_DESCRIPTOR_libmwmathutil 000000018005c1f0     libmwmathutil:libmwmathutil.dll
 0002:00002204       __IMPORT_DESCRIPTOR_libemlrt 000000018005c204     libemlrt:libemlrt.dll
 0002:00002218       __IMPORT_DESCRIPTOR_libcovrt 000000018005c218     libcovrt:libcovrt.dll
 0002:0000222c       __IMPORT_DESCRIPTOR_KERNEL32 000000018005c22c     kernel32:KERNEL32.dll
 0002:00002240       __IMPORT_DESCRIPTOR_VCRUNTIME140 000000018005c240     vcruntime:VCRUNTIME140.dll
 0002:00002254       __IMPORT_DESCRIPTOR_api-ms-win-crt-string-l1-1-0 000000018005c254     ucrt:api-ms-win-crt-string-l1-1-0.dll
 0002:00002268       __IMPORT_DESCRIPTOR_api-ms-win-crt-stdio-l1-1-0 000000018005c268     ucrt:api-ms-win-crt-stdio-l1-1-0.dll
 0002:0000227c       __IMPORT_DESCRIPTOR_api-ms-win-crt-heap-l1-1-0 000000018005c27c     ucrt:api-ms-win-crt-heap-l1-1-0.dll
 0002:00002290       __IMPORT_DESCRIPTOR_api-ms-win-crt-math-l1-1-0 000000018005c290     ucrt:api-ms-win-crt-math-l1-1-0.dll
 0002:000022a4       __IMPORT_DESCRIPTOR_api-ms-win-crt-utility-l1-1-0 000000018005c2a4     ucrt:api-ms-win-crt-utility-l1-1-0.dll
 0002:000022b8       __IMPORT_DESCRIPTOR_api-ms-win-crt-runtime-l1-1-0 000000018005c2b8     ucrt:api-ms-win-crt-runtime-l1-1-0.dll
 0002:000022cc       __NULL_IMPORT_DESCRIPTOR   000000018005c2cc     libmwblas:libmwblas.dll
 0003:00007750       DYNAMIC_DIMENSION          0000000180065750     PID_Cdelta_U_sfun_registry.obj
 0003:00009d70       __security_cookie_complement 0000000180067d70     MSVCRT:gs_cookie.obj
 0003:00009d78       __security_cookie          0000000180067d78     MSVCRT:gs_cookie.obj
 0003:00009d80       _fltused                   0000000180067d80     MSVCRT:fltused.obj
 0003:00009d90       __scrt_native_dllmain_reason 0000000180067d90     MSVCRT:utility.obj
 0003:00009d98       __isa_available            0000000180067d98     MSVCRT:cpu_disp.obj
 0003:00009d9c       __isa_enabled              0000000180067d9c     MSVCRT:cpu_disp.obj
 0003:00009da0       __memcpy_nt_iters          0000000180067da0     MSVCRT:cpu_disp.obj
 0003:00009da8       __memset_nt_iters          0000000180067da8     MSVCRT:cpu_disp.obj
 0003:00009db0       __scrt_ucrt_dll_is_in_use  0000000180067db0     MSVCRT:ucrt_stubs.obj
 0003:0000a830       ?__type_info_root_node@@3U__type_info_node@@A 0000000180068830     MSVCRT:tncleanup.obj
 0003:0000a840       ?_OptionsStorage@?1??__local_stdio_printf_options@@9@4_KA 0000000180068840     MSVCRT:default_local_stdio_options.obj
[...]
 0003:000077d8       $SG29835                   00000001800657d8     PID_Cdelta_U_sfun_registry.obj
 0003:000077f8       $SG29837                   00000001800657f8     PID_Cdelta_U_sfun_registry.obj
 0003:00007808       $SG29873                   0000000180065808     PID_Cdelta_U_sfun_registry.obj
 0003:00007828       $SG29875                   0000000180065828     PID_Cdelta_U_sfun_registry.obj
 0003:00007838       $SG29895                   0000000180065838     PID_Cdelta_U_sfun_registry.obj
 0003:00007848       $SG29913                   0000000180065848     PID_Cdelta_U_sfun_registry.obj
 0003:00007860       $SG29944                   0000000180065860     PID_Cdelta_U_sfun_registry.obj
 0003:00007870       $SG30025                   0000000180065870     PID_Cdelta_U_sfun_registry.obj
 0003:00007878       $SG30026                   0000000180065878     PID_Cdelta_U_sfun_registry.obj
 0003:0000788c       $SG30031                   000000018006588c     PID_Cdelta_U_sfun_registry.obj
 0003:00007894       $SG31665                   0000000180065894     PID_Cdelta_U_sfun_registry.obj
 0003:00007898       $SG30032                   0000000180065898     PID_Cdelta_U_sfun_registry.obj
 0003:000078b4       $SG30716                   00000001800658b4     PID_Cdelta_U_sfun_registry.obj
 0003:000078bc       $SG31743                   00000001800658bc     PID_Cdelta_U_sfun_registry.obj
 0003:000078c0       $SG30173                   00000001800658c0     PID_Cdelta_U_sfun_registry.obj
 0003:000078e8       _sfcnName                  00000001800658e8     PID_Cdelta_U_sfun_registry.obj
 0003:00007908       $SG30509                   0000000180065908     PID_Cdelta_U_sfun_registry.obj
 0003:00007910       $SG30190                   0000000180065910     PID_Cdelta_U_sfun_registry.obj
 0003:00007988       $SG30510                   0000000180065988     PID_Cdelta_U_sfun_registry.obj
 0003:00007990       $SG30524                   0000000180065990     PID_Cdelta_U_sfun_registry.obj
 0003:000079a0       $SG30714                   00000001800659a0     PID_Cdelta_U_sfun_registry.obj
 0003:000079e0       $SG30715                   00000001800659e0     PID_Cdelta_U_sfun_registry.obj
 0003:000079e8       $SG30721                   00000001800659e8     PID_Cdelta_U_sfun_registry.obj
 0003:000079f0       $SG30720                   00000001800659f0     PID_Cdelta_U_sfun_registry.obj
 0003:00007a38       $SG30722                   0000000180065a38     PID_Cdelta_U_sfun_registry.obj
 0003:00007a40       $SG30723                   0000000180065a40     PID_Cdelta_U_sfun_registry.obj
 0003:00007a98       $SG30724                   0000000180065a98     PID_Cdelta_U_sfun_registry.obj
 0003:00007aa0       $SG30725                   0000000180065aa0     PID_Cdelta_U_sfun_registry.obj
 0003:00007aa8       $SG30747                   0000000180065aa8     PID_Cdelta_U_sfun_registry.obj
 0003:00007ae8       $SG30748                   0000000180065ae8     PID_Cdelta_U_sfun_registry.obj
 0003:00007af0       $SG30749                   0000000180065af0     PID_Cdelta_U_sfun_registry.obj
 0003:00007af8       $SG30754                   0000000180065af8     PID_Cdelta_U_sfun_registry.obj
 0003:00007b00       $SG30753                   0000000180065b00     PID_Cdelta_U_sfun_registry.obj
 0003:00007b48       $SG30755                   0000000180065b48     PID_Cdelta_U_sfun_registry.obj
 0003:00007b50       $SG30756                   0000000180065b50     PID_Cdelta_U_sfun_registry.obj
 0003:00007ba8       $SG30757                   0000000180065ba8     PID_Cdelta_U_sfun_registry.obj
 0003:00007bb0       $SG30758                   0000000180065bb0     PID_Cdelta_U_sfun_registry.obj
 0003:00007bb8       $SG30774                   0000000180065bb8     PID_Cdelta_U_sfun_registry.obj
 0003:00007bc0       $SG30773                   0000000180065bc0     PID_Cdelta_U_sfun_registry.obj
 0003:00007c10       $SG30775                   0000000180065c10     PID_Cdelta_U_sfun_registry.obj
 0003:00007c18       $SG30788                   0000000180065c18     PID_Cdelta_U_sfun_registry.obj
 0003:00007c20       $SG30787                   0000000180065c20     PID_Cdelta_U_sfun_registry.obj
 0003:00007c80       $SG30789                   0000000180065c80     PID_Cdelta_U_sfun_registry.obj
 0003:00007c88       $SG30802                   0000000180065c88     PID_Cdelta_U_sfun_registry.obj
 0003:00007c90       $SG30801                   0000000180065c90     PID_Cdelta_U_sfun_registry.obj
 0003:00007cf0       $SG30803                   0000000180065cf0     PID_Cdelta_U_sfun_registry.obj
 0003:00007cf8       $SG31649                   0000000180065cf8     PID_Cdelta_U_sfun_registry.obj
 0003:00007d10       $SG31027                   0000000180065d10     PID_Cdelta_U_sfun_registry.obj
 0003:00007d88       $SG31717                   0000000180065d88     PID_Cdelta_U_sfun_registry.obj
 0003:00007d90       $SG31030                   0000000180065d90     PID_Cdelta_U_sfun_registry.obj
 0003:00007e04       $SG31718                   0000000180065e04     PID_Cdelta_U_sfun_registry.obj
 0003:00007e10       $SG31035                   0000000180065e10     PID_Cdelta_U_sfun_registry.obj
 0003:00007e88       $SG31719                   0000000180065e88     PID_Cdelta_U_sfun_registry.obj
 0003:00007e90       $SG31043                   0000000180065e90     PID_Cdelta_U_sfun_registry.obj
 0003:00007f00       $SG31318                   0000000180065f00     PID_Cdelta_U_sfun_registry.obj
 0003:00007f78       $SG31725                   0000000180065f78     PID_Cdelta_U_sfun_registry.obj
 0003:00007f80       $SG31323                   0000000180065f80     PID_Cdelta_U_sfun_registry.obj
 0003:00007ff8       $SG31728                   0000000180065ff8     PID_Cdelta_U_sfun_registry.obj
 0003:00008000       $SG31662                   0000000180066000     PID_Cdelta_U_sfun_registry.obj
 0003:00008078       $SG31731                   0000000180066078     PID_Cdelta_U_sfun_registry.obj
 0003:00008080       $SG31720                   0000000180066080     PID_Cdelta_U_sfun_registry.obj
 0003:000080f8       $SG31737                   00000001800660f8     PID_Cdelta_U_sfun_registry.obj
 0003:00008100       $SG31722                   0000000180066100     PID_Cdelta_U_sfun_registry.obj
 0003:00008180       $SG31732                   0000000180066180     PID_Cdelta_U_sfun_registry.obj
 0003:00008200       $SG31733                   0000000180066200     PID_Cdelta_U_sfun_registry.obj
 0003:00008210       $SG31735                   0000000180066210     PID_Cdelta_U_sfun_registry.obj
 0003:0000821c       $SG31739                   000000018006621c     PID_Cdelta_U_sfun_registry.obj
 0003:00008228       $SG31741                   0000000180066228     PID_Cdelta_U_sfun_registry.obj
 0003:00008238       $SG31851                   0000000180066238     PID_Cdelta_U_sfun_registry.obj
 0003:00008268       $SG31852                   0000000180066268     PID_Cdelta_U_sfun_registry.obj
 0003:00008270       $SG31746                   0000000180066270     PID_Cdelta_U_sfun_registry.obj
 0003:00008358       $SG31853                   0000000180066358     PID_Cdelta_U_sfun_registry.obj
 0003:00008360       $SG31855                   0000000180066360     PID_Cdelta_U_sfun_registry.obj
 0003:00008398       $SG31856                   0000000180066398     PID_Cdelta_U_sfun_registry.obj
 0003:000083a0       $SG31857                   00000001800663a0     PID_Cdelta_U_sfun_registry.obj
 0003:000083a8       $SG31860                   00000001800663a8     PID_Cdelta_U_sfun_registry.obj
 0003:000083e0       $SG31861                   00000001800663e0     PID_Cdelta_U_sfun_registry.obj
 0003:000083e8       $SG31862                   00000001800663e8     PID_Cdelta_U_sfun_registry.obj
 0003:000083f0       $SG31864                   00000001800663f0     PID_Cdelta_U_sfun_registry.obj
 0003:00008428       $SG31865                   0000000180066428     PID_Cdelta_U_sfun_registry.obj
 0003:00008430       $SG31866                   0000000180066430     PID_Cdelta_U_sfun_registry.obj
 0003:00008438       $SG31868                   0000000180066438     PID_Cdelta_U_sfun_registry.obj
 0003:00008470       $SG31869                   0000000180066470     PID_Cdelta_U_sfun_registry.obj
 0003:00008478       $SG31870                   0000000180066478     PID_Cdelta_U_sfun_registry.obj
 0003:00008480       $SG31873                   0000000180066480     PID_Cdelta_U_sfun_registry.obj
 0003:00008488       $SG31875                   0000000180066488     PID_Cdelta_U_sfun_registry.obj
 0003:000084a0       $SG31876                   00000001800664a0     PID_Cdelta_U_sfun_registry.obj
 0003:000084d8       $SG31877                   00000001800664d8     PID_Cdelta_U_sfun_registry.obj
 0003:000084e0       $SG31878                   00000001800664e0     PID_Cdelta_U_sfun_registry.obj
 0003:000084e8       $SG32038                   00000001800664e8     PID_Cdelta_U_sfun_registry.obj
 0003:00008508       $SG32043                   0000000180066508     PID_Cdelta_U_sfun_registry.obj
 0003:00008520       $SG32039                   0000000180066520     PID_Cdelta_U_sfun_registry.obj
 0003:000085b0       $SG32044                   00000001800665b0     PID_Cdelta_U_sfun_registry.obj
 0003:00008640       $SG32048                   0000000180066640     PID_Cdelta_U_sfun_registry.obj
 0003:00008658       $SG32063                   0000000180066658     PID_Cdelta_U_sfun_registry.obj
 0003:00008678       $SG32068                   0000000180066678     PID_Cdelta_U_sfun_registry.obj
 0003:000086a0       $SG32049                   00000001800666a0     PID_Cdelta_U_sfun_registry.obj
 0003:00008730       $SG32053                   0000000180066730     PID_Cdelta_U_sfun_registry.obj
 0003:00008750       $SG32054                   0000000180066750     PID_Cdelta_U_sfun_registry.obj
 0003:000087e0       $SG32058                   00000001800667e0     PID_Cdelta_U_sfun_registry.obj
 0003:00008800       $SG32059                   0000000180066800     PID_Cdelta_U_sfun_registry.obj
 0003:00008890       $SG32064                   0000000180066890     PID_Cdelta_U_sfun_registry.obj
 0003:00008920       $SG32069                   0000000180066920     PID_Cdelta_U_sfun_registry.obj
 0003:000089b0       $SG32073                   00000001800669b0     PID_Cdelta_U_sfun_registry.obj
 0003:000089d8       $SG32088                   00000001800669d8     PID_Cdelta_U_sfun_registry.obj
 0003:000089f0       $SG32074                   00000001800669f0     PID_Cdelta_U_sfun_registry.obj
 0003:00008a80       $SG32078                   0000000180066a80     PID_Cdelta_U_sfun_registry.obj
 0003:00008aa0       $SG32079                   0000000180066aa0     PID_Cdelta_U_sfun_registry.obj
 0003:00008b30       $SG32083                   0000000180066b30     PID_Cdelta_U_sfun_registry.obj
 0003:00008b50       $SG32084                   0000000180066b50     PID_Cdelta_U_sfun_registry.obj
 0003:00008be0       $SG32089                   0000000180066be0     PID_Cdelta_U_sfun_registry.obj
 0003:00008c70       $SG32093                   0000000180066c70     PID_Cdelta_U_sfun_registry.obj
 0003:00008c90       $SG32094                   0000000180066c90     PID_Cdelta_U_sfun_registry.obj
 0003:00008d20       $SG32098                   0000000180066d20     PID_Cdelta_U_sfun_registry.obj
 0003:00008d40       $SG32099                   0000000180066d40     PID_Cdelta_U_sfun_registry.obj
 0003:00008dd0       $SG32103                   0000000180066dd0     PID_Cdelta_U_sfun_registry.obj
 0003:00008df0       $SG32104                   0000000180066df0     PID_Cdelta_U_sfun_registry.obj
 0003:00008e80       $SG32108                   0000000180066e80     PID_Cdelta_U_sfun_registry.obj
 0003:00008ea0       $SG32109                   0000000180066ea0     PID_Cdelta_U_sfun_registry.obj
 0003:00008f30       $SG32113                   0000000180066f30     PID_Cdelta_U_sfun_registry.obj
 0003:00008f50       $SG32114                   0000000180066f50     PID_Cdelta_U_sfun_registry.obj
 0003:00008fe0       $SG32118                   0000000180066fe0     PID_Cdelta_U_sfun_registry.obj
 0003:00009000       $SG32119                   0000000180067000     PID_Cdelta_U_sfun_registry.obj
 0003:00009090       $SG32124                   0000000180067090     PID_Cdelta_U_sfun_registry.obj
 0003:000090a4       $SG32129                   00000001800670a4     PID_Cdelta_U_sfun_registry.obj
 0003:000090b0       $SG32125                   00000001800670b0     PID_Cdelta_U_sfun_registry.obj
 0003:00009140       $SG32130                   0000000180067140     PID_Cdelta_U_sfun_registry.obj
 0003:000091d0       $SG32134                   00000001800671d0     PID_Cdelta_U_sfun_registry.obj
 0003:000091e8       $SG32154                   00000001800671e8     PID_Cdelta_U_sfun_registry.obj
 0003:00009200       $SG32135                   0000000180067200     PID_Cdelta_U_sfun_registry.obj
 0003:00009290       $SG32139                   0000000180067290     PID_Cdelta_U_sfun_registry.obj
 0003:000092a0       $SG32140                   00000001800672a0     PID_Cdelta_U_sfun_registry.obj
 0003:00009330       $SG32144                   0000000180067330     PID_Cdelta_U_sfun_registry.obj
 0003:00009340       $SG32145                   0000000180067340     PID_Cdelta_U_sfun_registry.obj
 0003:000093d0       $SG32149                   00000001800673d0     PID_Cdelta_U_sfun_registry.obj
 0003:000093e0       $SG32150                   00000001800673e0     PID_Cdelta_U_sfun_registry.obj
 0003:00009470       $SG32155                   0000000180067470     PID_Cdelta_U_sfun_registry.obj
 0003:00009500       $SG32159                   0000000180067500     PID_Cdelta_U_sfun_registry.obj
 0003:00009518       $SG32164                   0000000180067518     PID_Cdelta_U_sfun_registry.obj
 0003:00009528       $SG32236                   0000000180067528     PID_Cdelta_U_sfun_registry.obj
 0003:00009540       $SG32160                   0000000180067540     PID_Cdelta_U_sfun_registry.obj
 0003:000095d0       $SG32165                   00000001800675d0     PID_Cdelta_U_sfun_registry.obj
 0003:00009660       $SG32173                   0000000180067660     PID_Cdelta_U_sfun_registry.obj
 0003:00009670       $SG32174                   0000000180067670     PID_Cdelta_U_sfun_registry.obj
 0003:00009700       $SG32178                   0000000180067700     PID_Cdelta_U_sfun_registry.obj
 0003:00009710       $SG32179                   0000000180067710     PID_Cdelta_U_sfun_registry.obj
 0003:000097a0       $SG32183                   00000001800677a0     PID_Cdelta_U_sfun_registry.obj
 0003:000097b0       $SG32184                   00000001800677b0     PID_Cdelta_U_sfun_registry.obj
 0003:00009840       $SG32189                   0000000180067840     PID_Cdelta_U_sfun_registry.obj
 0003:00009850       $SG32190                   0000000180067850     PID_Cdelta_U_sfun_registry.obj
 0003:000098e0       $SG32194                   00000001800678e0     PID_Cdelta_U_sfun_registry.obj
 0003:00009960       $SG32224                   0000000180067960     PID_Cdelta_U_sfun_registry.obj
 0003:00009a78       $SG32246                   0000000180067a78     PID_Cdelta_U_sfun_registry.obj
 0003:00009a88       $SG32258                   0000000180067a88     PID_Cdelta_U_sfun_registry.obj
 0003:00009a98       $SG32268                   0000000180067a98     PID_Cdelta_U_sfun_registry.obj
 0003:00009aa8       $SG32280                   0000000180067aa8     PID_Cdelta_U_sfun_registry.obj
 0003:00009ab8       $SG32290                   0000000180067ab8     PID_Cdelta_U_sfun_registry.obj
 0003:00009ac8       $SG32300                   0000000180067ac8     PID_Cdelta_U_sfun_registry.obj
 0003:00009ae8       $SG14929                   0000000180067ae8     cs_load_ri.obj
 0003:00009af8       $SG14930                   0000000180067af8     cs_load_ci.obj
 0003:00009b10       $SG14954                   0000000180067b10     cs_print_ri.obj
 0003:00009b18       $SG14955                   0000000180067b18     cs_print_ri.obj
 0003:00009b48       $SG14956                   0000000180067b48     cs_print_ri.obj
 0003:00009b54       $SG14963                   0000000180067b54     cs_print_ri.obj
 0003:00009b58       $SG14957                   0000000180067b58     cs_print_ri.obj
 0003:00009b7c       $SG14968                   0000000180067b7c     cs_print_ri.obj
 0003:00009b80       $SG14960                   0000000180067b80     cs_print_ri.obj
 0003:00009bac       $SG14965                   0000000180067bac     cs_print_ri.obj
 0003:00009bb8       $SG14961                   0000000180067bb8     cs_print_ri.obj
 0003:00009bdc       $SG14970                   0000000180067bdc     cs_print_ri.obj
 0003:00009be8       $SG14962                   0000000180067be8     cs_print_ri.obj
 0003:00009bf8       $SG14966                   0000000180067bf8     cs_print_ri.obj
 0003:00009c20       $SG14967                   0000000180067c20     cs_print_ri.obj
 0003:00009c30       $SG14954                   0000000180067c30     cs_print_ci.obj
 0003:00009c38       $SG14955                   0000000180067c38     cs_print_ci.obj
 0003:00009c68       $SG14956                   0000000180067c68     cs_print_ci.obj
 0003:00009c78       $SG14957                   0000000180067c78     cs_print_ci.obj
 0003:00009ca0       $SG14960                   0000000180067ca0     cs_print_ci.obj
 0003:00009ccc       $SG14965                   0000000180067ccc     cs_print_ci.obj
 0003:00009cd8       $SG14961                   0000000180067cd8     cs_print_ci.obj
 0003:00009cfc       $SG14970                   0000000180067cfc     cs_print_ci.obj
 0003:00009d08       $SG14962                   0000000180067d08     cs_print_ci.obj
 0003:00009d18       $SG14963                   0000000180067d18     cs_print_ci.obj
 0003:00009d28       $SG14966                   0000000180067d28     cs_print_ci.obj
 0003:00009d50       $SG14967                   0000000180067d50     cs_print_ci.obj
 0003:00009d60       $SG14968                   0000000180067d60     cs_print_ci.obj
 0003:00009dc0       sRtwOptimizationInfoStruct 0000000180067dc0     PID_Cdelta_U_sfun.obj
 0003:00009dc8       sOptimizationInfoFlags     0000000180067dc8     PID_Cdelta_U_sfun.obj
 0003:00009dd0       _sfTime_                   0000000180067dd0     c12_PID_Cdelta_U.obj
 0003:00009dd8       $SG31545                   0000000180067dd8     c12_PID_Cdelta_U.obj
 0003:00009dd9       $SG32806                   0000000180067dd9     c12_PID_Cdelta_U.obj
 0003:00009dda       $SG39339                   0000000180067dda     c12_PID_Cdelta_U.obj
 0003:00009ddb       $SG39340                   0000000180067ddb     c12_PID_Cdelta_U.obj
 0003:00009ddc       $SG39476                   0000000180067ddc     c12_PID_Cdelta_U.obj
 0003:00009de0       ?newstr@?1??sf_c12_PID_Cdelta_U_get_post_codegen_info@@9@9 0000000180067de0     c12_PID_Cdelta_U.obj
 0003:0000a2a4       sfGlobalMdlStartCallCounts 00000001800682a4     PID_Cdelta_U_sfun_registry.obj
 0003:0000a2a8       $SG31713                   00000001800682a8     PID_Cdelta_U_sfun_registry.obj
 0003:0000a2b0       GS_ExceptionRecord         00000001800682b0     MSVCRT:gs_report.obj
 0003:0000a350       GS_ContextRecord           0000000180068350     MSVCRT:gs_report.obj
 0003:0000a820       ?__proc_attached@@3HA      0000000180068820     MSVCRT:dll_dllmain.obj
 0003:0000a860       ?is_initialized_as_dll@@3_NA 0000000180068860     MSVCRT:utility.obj
 0003:0000a861       ?module_local_atexit_table_initialized@@3_NA 0000000180068861     MSVCRT:utility.obj
 0003:0000a868       ?module_local_atexit_table@@3U_onexit_table_t@@A 0000000180068868     MSVCRT:utility.obj
 0003:0000a880       ?module_local_at_quick_exit_table@@3U_onexit_table_t@@A 0000000180068880     MSVCRT:utility.obj
